../Core/SYSTEM/motor.c:9:6:motorInit	8	static
../Core/SYSTEM/motor.c:17:6:setMotorSpeed	32	static
../Core/SYSTEM/motor.c:101:6:motorBreak	8	static
../Core/SYSTEM/motor.c:273:6:moveForward	16	static
../Core/SYSTEM/motor.c:284:6:moveBackward	16	static
../Core/SYSTEM/motor.c:295:6:moveLeft	16	static
../Core/SYSTEM/motor.c:306:6:moveRight	16	static
../Core/SYSTEM/motor.c:317:6:moveTurnLeft	16	static
../Core/SYSTEM/motor.c:328:6:moveTurnRight	16	static
../Core/SYSTEM/motor.c:340:6:moveForwardslow	16	static
../Core/SYSTEM/motor.c:351:6:moveBackwardslow	16	static
../Core/SYSTEM/motor.c:362:6:moveLeftslow	16	static
../Core/SYSTEM/motor.c:373:6:moveRightslow	16	static
../Core/SYSTEM/motor.c:384:6:moveTurnLeftslow	16	static
../Core/SYSTEM/motor.c:395:6:moveTurnRightslow	16	static
../Core/SYSTEM/motor.c:407:6:moveTurnRight90	16	static
../Core/SYSTEM/motor.c:414:6:moveTurnLeft90	16	static
../Core/SYSTEM/motor.c:421:6:moveTurnLeft180	16	static
../Core/SYSTEM/motor.c:428:6:moveForwardOneGrid	16	static
