../Core/Src/main.c:98:6:canMove	16	static
../Core/Src/main.c:102:6:dfs	32	static
../Core/Src/main.c:131:6:initializeGrid	16	static
../Core/Src/main.c:143:6:detectionComplete	16	static
../Core/Src/main.c:152:6:adaptHead	16	static
../Core/Src/main.c:196:5:detect	16	static
../Core/Src/main.c:202:5:detection	632	static
../Core/Src/main.c:238:6:mark_path	24	static
../Core/Src/main.c:281:6:obstacle_detect	32	static
../Core/Src/main.c:335:5:main	8	static
../Core/Src/main.c:425:6:SystemClock_Config	72	static
../Core/Src/main.c:468:6:Error_Handler	4	static,ignoring_inline_asm
