../Core/System/motor.c:7:6:motorInit	8	static
../Core/System/motor.c:15:6:setMotorSpeed	32	static
../Core/System/motor.c:99:6:motorBreak	8	static
../Core/System/motor.c:271:6:moveForward	16	static
../Core/System/motor.c:282:6:moveBackward	16	static
../Core/System/motor.c:293:6:moveLeft	16	static
../Core/System/motor.c:304:6:moveRight	16	static
../Core/System/motor.c:315:6:moveTurnLeft	16	static
../Core/System/motor.c:326:6:moveTurnRight	16	static
../Core/System/motor.c:338:6:moveForwardslow	16	static
../Core/System/motor.c:349:6:moveBackwardslow	16	static
../Core/System/motor.c:360:6:moveLeftslow	16	static
../Core/System/motor.c:371:6:moveRightslow	16	static
../Core/System/motor.c:382:6:moveTurnLeftslow	16	static
../Core/System/motor.c:393:6:moveTurnRightslow	16	static
../Core/System/motor.c:405:6:TurnLeft_angle	56	static
../Core/System/motor.c:431:6:TurnRight_angle	64	static
