Archive member included to satisfy reference by file (symbol)

D:/program_files/st/STM32CubeIDE_1.16.0/STM32CubeIDE/plugins/com.st.stm32cube.ide.mcu.externaltools.gnu-tools-for-stm32.12.3.rel1.win32_1.1.0.202410251130/tools/bin/../lib/gcc/arm-none-eabi/12.3.1/../../../../arm-none-eabi/lib/thumb/v7-m/nofp\libc_nano.a(libc_a-exit.o)
                              D:/program_files/st/STM32CubeIDE_1.16.0/STM32CubeIDE/plugins/com.st.stm32cube.ide.mcu.externaltools.gnu-tools-for-stm32.12.3.rel1.win32_1.1.0.202410251130/tools/bin/../lib/gcc/arm-none-eabi/12.3.1/../../../../arm-none-eabi/lib/thumb/v7-m/nofp/crt0.o (exit)
D:/program_files/st/STM32CubeIDE_1.16.0/STM32CubeIDE/plugins/com.st.stm32cube.ide.mcu.externaltools.gnu-tools-for-stm32.12.3.rel1.win32_1.1.0.202410251130/tools/bin/../lib/gcc/arm-none-eabi/12.3.1/../../../../arm-none-eabi/lib/thumb/v7-m/nofp\libc_nano.a(libc_a-findfp.o)
                              D:/program_files/st/STM32CubeIDE_1.16.0/STM32CubeIDE/plugins/com.st.stm32cube.ide.mcu.externaltools.gnu-tools-for-stm32.12.3.rel1.win32_1.1.0.202410251130/tools/bin/../lib/gcc/arm-none-eabi/12.3.1/../../../../arm-none-eabi/lib/thumb/v7-m/nofp\libc_nano.a(libc_a-exit.o) (__stdio_exit_handler)
D:/program_files/st/STM32CubeIDE_1.16.0/STM32CubeIDE/plugins/com.st.stm32cube.ide.mcu.externaltools.gnu-tools-for-stm32.12.3.rel1.win32_1.1.0.202410251130/tools/bin/../lib/gcc/arm-none-eabi/12.3.1/../../../../arm-none-eabi/lib/thumb/v7-m/nofp\libc_nano.a(libc_a-fwalk.o)
                              D:/program_files/st/STM32CubeIDE_1.16.0/STM32CubeIDE/plugins/com.st.stm32cube.ide.mcu.externaltools.gnu-tools-for-stm32.12.3.rel1.win32_1.1.0.202410251130/tools/bin/../lib/gcc/arm-none-eabi/12.3.1/../../../../arm-none-eabi/lib/thumb/v7-m/nofp\libc_nano.a(libc_a-findfp.o) (_fwalk_sglue)
D:/program_files/st/STM32CubeIDE_1.16.0/STM32CubeIDE/plugins/com.st.stm32cube.ide.mcu.externaltools.gnu-tools-for-stm32.12.3.rel1.win32_1.1.0.202410251130/tools/bin/../lib/gcc/arm-none-eabi/12.3.1/../../../../arm-none-eabi/lib/thumb/v7-m/nofp\libc_nano.a(libc_a-printf.o)
                              ./Core/Src/ft5206.o (printf)
D:/program_files/st/STM32CubeIDE_1.16.0/STM32CubeIDE/plugins/com.st.stm32cube.ide.mcu.externaltools.gnu-tools-for-stm32.12.3.rel1.win32_1.1.0.202410251130/tools/bin/../lib/gcc/arm-none-eabi/12.3.1/../../../../arm-none-eabi/lib/thumb/v7-m/nofp\libc_nano.a(libc_a-sprintf.o)
                              ./Core/Src/main.o (sprintf)
D:/program_files/st/STM32CubeIDE_1.16.0/STM32CubeIDE/plugins/com.st.stm32cube.ide.mcu.externaltools.gnu-tools-for-stm32.12.3.rel1.win32_1.1.0.202410251130/tools/bin/../lib/gcc/arm-none-eabi/12.3.1/../../../../arm-none-eabi/lib/thumb/v7-m/nofp\libc_nano.a(libc_a-stdio.o)
                              D:/program_files/st/STM32CubeIDE_1.16.0/STM32CubeIDE/plugins/com.st.stm32cube.ide.mcu.externaltools.gnu-tools-for-stm32.12.3.rel1.win32_1.1.0.202410251130/tools/bin/../lib/gcc/arm-none-eabi/12.3.1/../../../../arm-none-eabi/lib/thumb/v7-m/nofp\libc_nano.a(libc_a-findfp.o) (__sread)
D:/program_files/st/STM32CubeIDE_1.16.0/STM32CubeIDE/plugins/com.st.stm32cube.ide.mcu.externaltools.gnu-tools-for-stm32.12.3.rel1.win32_1.1.0.202410251130/tools/bin/../lib/gcc/arm-none-eabi/12.3.1/../../../../arm-none-eabi/lib/thumb/v7-m/nofp\libc_nano.a(libc_a-memset.o)
                              D:/program_files/st/STM32CubeIDE_1.16.0/STM32CubeIDE/plugins/com.st.stm32cube.ide.mcu.externaltools.gnu-tools-for-stm32.12.3.rel1.win32_1.1.0.202410251130/tools/bin/../lib/gcc/arm-none-eabi/12.3.1/../../../../arm-none-eabi/lib/thumb/v7-m/nofp/crt0.o (memset)
D:/program_files/st/STM32CubeIDE_1.16.0/STM32CubeIDE/plugins/com.st.stm32cube.ide.mcu.externaltools.gnu-tools-for-stm32.12.3.rel1.win32_1.1.0.202410251130/tools/bin/../lib/gcc/arm-none-eabi/12.3.1/../../../../arm-none-eabi/lib/thumb/v7-m/nofp\libc_nano.a(libc_a-closer.o)
                              D:/program_files/st/STM32CubeIDE_1.16.0/STM32CubeIDE/plugins/com.st.stm32cube.ide.mcu.externaltools.gnu-tools-for-stm32.12.3.rel1.win32_1.1.0.202410251130/tools/bin/../lib/gcc/arm-none-eabi/12.3.1/../../../../arm-none-eabi/lib/thumb/v7-m/nofp\libc_nano.a(libc_a-stdio.o) (_close_r)
D:/program_files/st/STM32CubeIDE_1.16.0/STM32CubeIDE/plugins/com.st.stm32cube.ide.mcu.externaltools.gnu-tools-for-stm32.12.3.rel1.win32_1.1.0.202410251130/tools/bin/../lib/gcc/arm-none-eabi/12.3.1/../../../../arm-none-eabi/lib/thumb/v7-m/nofp\libc_nano.a(libc_a-reent.o)
                              D:/program_files/st/STM32CubeIDE_1.16.0/STM32CubeIDE/plugins/com.st.stm32cube.ide.mcu.externaltools.gnu-tools-for-stm32.12.3.rel1.win32_1.1.0.202410251130/tools/bin/../lib/gcc/arm-none-eabi/12.3.1/../../../../arm-none-eabi/lib/thumb/v7-m/nofp\libc_nano.a(libc_a-closer.o) (errno)
[...]
Memory Configuration

Name             Origin             Length             Attributes
RAM              0x20000000         0x0000c000         xrw
FLASH            0x08000000         0x00040000         xr
*default*        0x00000000         0xffffffff

Linker script and memory map

LOAD D:/program_files/st/STM32CubeIDE_1.16.0/STM32CubeIDE/plugins/com.st.stm32cube.ide.mcu.externaltools.gnu-tools-for-stm32.12.3.rel1.win32_1.1.0.202410251130/tools/bin/../lib/gcc/arm-none-eabi/12.3.1/thumb/v7-m/nofp/crti.o
LOAD D:/program_files/st/STM32CubeIDE_1.16.0/STM32CubeIDE/plugins/com.st.stm32cube.ide.mcu.externaltools.gnu-tools-for-stm32.12.3.rel1.win32_1.1.0.202410251130/tools/bin/../lib/gcc/arm-none-eabi/12.3.1/thumb/v7-m/nofp/crtbegin.o
LOAD D:/program_files/st/STM32CubeIDE_1.16.0/STM32CubeIDE/plugins/com.st.stm32cube.ide.mcu.externaltools.gnu-tools-for-stm32.12.3.rel1.win32_1.1.0.202410251130/tools/bin/../lib/gcc/arm-none-eabi/12.3.1/../../../../arm-none-eabi/lib/thumb/v7-m/nofp/crt0.o
LOAD ./Core/Src/24cxx.o
LOAD ./Core/Src/24l01.o
LOAD ./Core/Src/bluetooth.o
LOAD ./Core/Src/ctiic.o
LOAD ./Core/Src/delay.o
LOAD ./Core/Src/ft5206.o
LOAD ./Core/Src/gpio.o
LOAD ./Core/Src/gt9147.o
LOAD ./Core/Src/key.o
LOAD ./Core/Src/lcd.o
LOAD ./Core/Src/led.o
LOAD ./Core/Src/main.o
LOAD ./Core/Src/myiic.o
LOAD ./Core/Src/ott2001a.o
LOAD ./Core/Src/spi.o
LOAD ./Core/Src/stm32f1xx_hal_msp.o
LOAD ./Core/Src/stm32f1xx_it.o
LOAD ./Core/Src/sys.o
LOAD ./Core/Src/syscalls.o
LOAD ./Core/Src/sysmem.o
LOAD ./Core/Src/system_stm32f1xx.o
LOAD ./Core/Src/touch.o
LOAD ./Core/Src/usart.o
LOAD ./Core/Startup/startup_stm32f103rctx.o
LOAD ./Drivers/STM32F1xx_HAL_Driver/Src/stm32f1xx_hal.o
LOAD ./Drivers/STM32F1xx_HAL_Driver/Src/stm32f1xx_hal_cortex.o
LOAD ./Drivers/STM32F1xx_HAL_Driver/Src/stm32f1xx_hal_dma.o
LOAD ./Drivers/STM32F1xx_HAL_Driver/Src/stm32f1xx_hal_exti.o
LOAD ./Drivers/STM32F1xx_HAL_Driver/Src/stm32f1xx_hal_flash.o
LOAD ./Drivers/STM32F1xx_HAL_Driver/Src/stm32f1xx_hal_flash_ex.o
LOAD ./Drivers/STM32F1xx_HAL_Driver/Src/stm32f1xx_hal_gpio.o
LOAD ./Drivers/STM32F1xx_HAL_Driver/Src/stm32f1xx_hal_gpio_ex.o
LOAD ./Drivers/STM32F1xx_HAL_Driver/Src/stm32f1xx_hal_pwr.o
LOAD ./Drivers/STM32F1xx_HAL_Driver/Src/stm32f1xx_hal_rcc.o
LOAD ./Drivers/STM32F1xx_HAL_Driver/Src/stm32f1xx_hal_rcc_ex.o
LOAD ./Drivers/STM32F1xx_HAL_Driver/Src/stm32f1xx_hal_spi.o
LOAD ./Drivers/STM32F1xx_HAL_Driver/Src/stm32f1xx_hal_tim.o
LOAD ./Drivers/STM32F1xx_HAL_Driver/Src/stm32f1xx_hal_tim_ex.o
LOAD ./Drivers/STM32F1xx_HAL_Driver/Src/stm32f1xx_hal_uart.o
START GROUP
LOAD D:/program_files/st/STM32CubeIDE_1.16.0/STM32CubeIDE/plugins/com.st.stm32cube.ide.mcu.externaltools.gnu-tools-for-stm32.12.3.rel1.win32_1.1.0.202410251130/tools/bin/../lib/gcc/arm-none-eabi/12.3.1/../../../../arm-none-eabi/lib/thumb/v7-m/nofp\libc_nano.a
LOAD D:/program_files/st/STM32CubeIDE_1.16.0/STM32CubeIDE/plugins/com.st.stm32cube.ide.mcu.externaltools.gnu-tools-for-stm32.12.3.rel1.win32_1.1.0.202410251130/tools/bin/../lib/gcc/arm-none-eabi/12.3.1/../../../../arm-none-eabi/lib/thumb/v7-m/nofp\libm.a
END GROUP
START GROUP
LOAD D:/program_files/st/STM32CubeIDE_1.16.0/STM32CubeIDE/plugins/com.st.stm32cube.ide.mcu.externaltools.gnu-tools-for-stm32.12.3.rel1.win32_1.1.0.202410251130/tools/bin/../lib/gcc/arm-none-eabi/12.3.1/thumb/v7-m/nofp\libgcc.a
LOAD D:/program_files/st/STM32CubeIDE_1.16.0/STM32CubeIDE/plugins/com.st.stm32cube.ide.mcu.externaltools.gnu-tools-for-stm32.12.3.rel1.win32_1.1.0.202410251130/tools/bin/../lib/gcc/arm-none-eabi/12.3.1/../../../../arm-none-eabi/lib/thumb/v7-m/nofp\libc_nano.a
END GROUP
START GROUP
LOAD D:/program_files/st/STM32CubeIDE_1.16.0/STM32CubeIDE/plugins/com.st.stm32cube.ide.mcu.externaltools.gnu-tools-for-stm32.12.3.rel1.win32_1.1.0.202410251130/tools/bin/../lib/gcc/arm-none-eabi/12.3.1/thumb/v7-m/nofp\libgcc.a
LOAD D:/program_files/st/STM32CubeIDE_1.16.0/STM32CubeIDE/plugins/com.st.stm32cube.ide.mcu.externaltools.gnu-tools-for-stm32.12.3.rel1.win32_1.1.0.202410251130/tools/bin/../lib/gcc/arm-none-eabi/12.3.1/../../../../arm-none-eabi/lib/thumb/v7-m/nofp\libc_nano.a
LOAD D:/program_files/st/STM32CubeIDE_1.16.0/STM32CubeIDE/plugins/com.st.stm32cube.ide.mcu.externaltools.gnu-tools-for-stm32.12.3.rel1.win32_1.1.0.202410251130/tools/bin/../lib/gcc/arm-none-eabi/12.3.1/../../../../arm-none-eabi/lib/thumb/v7-m/nofp\libnosys.a
END GROUP
START GROUP
LOAD D:/program_files/st/STM32CubeIDE_1.16.0/STM32CubeIDE/plugins/com.st.stm32cube.ide.mcu.externaltools.gnu-tools-for-stm32.12.3.rel1.win32_1.1.0.202410251130/tools/bin/../lib/gcc/arm-none-eabi/12.3.1/thumb/v7-m/nofp\libgcc.a
LOAD D:/program_files/st/STM32CubeIDE_1.16.0/STM32CubeIDE/plugins/com.st.stm32cube.ide.mcu.externaltools.gnu-tools-for-stm32.12.3.rel1.win32_1.1.0.202410251130/tools/bin/../lib/gcc/arm-none-eabi/12.3.1/../../../../arm-none-eabi/lib/thumb/v7-m/nofp\libc_nano.a
LOAD D:/program_files/st/STM32CubeIDE_1.16.0/STM32CubeIDE/plugins/com.st.stm32cube.ide.mcu.externaltools.gnu-tools-for-stm32.12.3.rel1.win32_1.1.0.202410251130/tools/bin/../lib/gcc/arm-none-eabi/12.3.1/../../../../arm-none-eabi/lib/thumb/v7-m/nofp\libnosys.a
END GROUP
LOAD D:/program_files/st/STM32CubeIDE_1.16.0/STM32CubeIDE/plugins/com.st.stm32cube.ide.mcu.externaltools.gnu-tools-for-stm32.12.3.rel1.win32_1.1.0.202410251130/tools/bin/../lib/gcc/arm-none-eabi/12.3.1/thumb/v7-m/nofp/crtend.o
LOAD D:/program_files/st/STM32CubeIDE_1.16.0/STM32CubeIDE/plugins/com.st.stm32cube.ide.mcu.externaltools.gnu-tools-for-stm32.12.3.rel1.win32_1.1.0.202410251130/tools/bin/../lib/gcc/arm-none-eabi/12.3.1/thumb/v7-m/nofp/crtn.o
                0x2000c000                        _estack = (ORIGIN (RAM) + LENGTH (RAM))
                0x00000200                        _Min_Heap_Size = 0x200
                0x00000400                        _Min_Stack_Size = 0x400

.isr_vector     0x08000000      0x1e4
                0x08000000                        . = ALIGN (0x4)
 *(.isr_vector)
 .isr_vector    0x08000000      0x1e4 ./Core/Startup/startup_stm32f103rctx.o
                0x08000000                g_pfnVectors
                0x080001e4                        . = ALIGN (0x4)

.text           0x080001e8     0xbe54
                0x080001e8                        . = ALIGN (0x4)
 *(.text)
 .text          0x080001e8       0x40 D:/program_files/st/STM32CubeIDE_1.16.0/STM32CubeIDE/plugins/com.st.stm32cube.ide.mcu.externaltools.gnu-tools-for-stm32.12.3.rel1.win32_1.1.0.202410251130/tools/bin/../lib/gcc/arm-none-eabi/12.3.1/thumb/v7-m/nofp/crtbegin.o
 .text          0x08000228       0x14 D:/program_files/st/STM32CubeIDE_1.16.0/STM32CubeIDE/plugins/com.st.stm32cube.ide.mcu.externaltools.gnu-tools-for-stm32.12.3.rel1.win32_1.1.0.202410251130/tools/bin/../lib/gcc/arm-none-eabi/12.3.1/../../../../arm-none-eabi/lib/thumb/v7-m/nofp\libc_nano.a(libc_a-strcmp.o)
                0x08000228                strcmp
 .text          0x0800023c      0x378 D:/program_files/st/STM32CubeIDE_1.16.0/STM32CubeIDE/plugins/com.st.stm32cube.ide.mcu.externaltools.gnu-tools-for-stm32.12.3.rel1.win32_1.1.0.202410251130/tools/bin/../lib/gcc/arm-none-eabi/12.3.1/thumb/v7-m/nofp\libgcc.a(_arm_addsubdf3.o)
                0x0800023c                __aeabi_drsub
                0x08000244                __aeabi_dsub
                0x08000244                __subdf3
                0x08000248                __aeabi_dadd
                0x08000248                __adddf3
                0x080004c0                __floatunsidf
                0x080004c0                __aeabi_ui2d
                0x080004e0                __floatsidf
                0x080004e0                __aeabi_i2d
                0x08000504                __aeabi_f2d
                0x08000504                __extendsfdf2
                0x08000548                __floatundidf
                0x08000548                __aeabi_ul2d
                0x08000558                __floatdidf
                0x08000558                __aeabi_l2d
 .text          0x080005b4      0x424 D:/program_files/st/STM32CubeIDE_1.16.0/STM32CubeIDE/plugins/com.st.stm32cube.ide.mcu.externaltools.gnu-tools-for-stm32.12.3.rel1.win32_1.1.0.202410251130/tools/bin/../lib/gcc/arm-none-eabi/12.3.1/thumb/v7-m/nofp\libgcc.a(_arm_muldivdf3.o)
                0x080005b4                __aeabi_dmul
                0x080005b4                __muldf3
                0x08000808                __divdf3
                0x08000808                __aeabi_ddiv
 .text          0x080009d8      0x110 D:/program_files/st/STM32CubeIDE_1.16.0/STM32CubeIDE/plugins/com.st.stm32cube.ide.mcu.externaltools.gnu-tools-for-stm32.12.3.rel1.win32_1.1.0.202410251130/tools/bin/../lib/gcc/arm-none-eabi/12.3.1/thumb/v7-m/nofp\libgcc.a(_arm_cmpdf2.o)
                0x080009d8                __gtdf2
                0x080009d8                __gedf2
                0x080009e0                __ltdf2
                0x080009e0                __ledf2
                0x080009e8                __nedf2
                0x080009e8                __eqdf2
                0x080009e8                __cmpdf2
                0x08000a64                __aeabi_cdrcmple
                0x08000a74                __aeabi_cdcmpeq
                0x08000a74                __aeabi_cdcmple
                0x08000a84                __aeabi_dcmpeq
                0x08000a98                __aeabi_dcmplt
                0x08000aac                __aeabi_dcmple
                0x08000ac0                __aeabi_dcmpge
                0x08000ad4                __aeabi_dcmpgt
 .text          0x08000ae8       0x2c D:/program_files/st/STM32CubeIDE_1.16.0/STM32CubeIDE/plugins/com.st.stm32cube.ide.mcu.externaltools.gnu-tools-for-stm32.12.3.rel1.win32_1.1.0.202410251130/tools/bin/../lib/gcc/arm-none-eabi/12.3.1/thumb/v7-m/nofp\libgcc.a(_arm_unorddf2.o)
                0x08000ae8                __unorddf2
                0x08000ae8                __aeabi_dcmpun
 .text          0x08000b14       0x40 D:/program_files/st/STM32CubeIDE_1.16.0/STM32CubeIDE/plugins/com.st.stm32cube.ide.mcu.externaltools.gnu-tools-for-stm32.12.3.rel1.win32_1.1.0.202410251130/tools/bin/../lib/gcc/arm-none-eabi/12.3.1/thumb/v7-m/nofp\libgcc.a(_arm_fixunsdfsi.o)
                0x08000b14                __aeabi_d2uiz
                0x08000b14                __fixunsdfsi
 .text          0x08000b54      0x21c D:/program_files/st/STM32CubeIDE_1.16.0/STM32CubeIDE/plugins/com.st.stm32cube.ide.mcu.externaltools.gnu-tools-for-stm32.12.3.rel1.win32_1.1.0.202410251130/tools/bin/../lib/gcc/arm-none-eabi/12.3.1/thumb/v7-m/nofp\libgcc.a(_arm_addsubsf3.o)
                0x08000b54                __aeabi_frsub
                0x08000b5c                __subsf3
                0x08000b5c                __aeabi_fsub
                0x08000b60                __aeabi_fadd
                0x08000b60                __addsf3
                0x08000cc0                __aeabi_ui2f
                0x08000cc0                __floatunsisf
                0x08000cc8                __aeabi_i2f
                0x08000cc8                __floatsisf
                0x08000ce4                __aeabi_ul2f
                0x08000ce4                __floatundisf
                0x08000cf4                __aeabi_l2f
                0x08000cf4                __floatdisf
 .text          0x08000d70      0x2a0 D:/program_files/st/STM32CubeIDE_1.16.0/STM32CubeIDE/plugins/com.st.stm32cube.ide.mcu.externaltools.gnu-tools-for-stm32.12.3.rel1.win32_1.1.0.202410251130/tools/bin/../lib/gcc/arm-none-eabi/12.3.1/thumb/v7-m/nofp\libgcc.a(_arm_muldivsf3.o)
                0x08000d70                __mulsf3
                0x08000d70                __aeabi_fmul
                0x08000ed8                __aeabi_fdiv
                0x08000ed8                __divsf3
 .text          0x08001010       0x4c D:/program_files/st/STM32CubeIDE_1.16.0/STM32CubeIDE/plugins/com.st.stm32cube.ide.mcu.externaltools.gnu-tools-for-stm32.12.3.rel1.win32_1.1.0.202410251130/tools/bin/../lib/gcc/arm-none-eabi/12.3.1/thumb/v7-m/nofp\libgcc.a(_arm_fixsfsi.o)
                0x08001010                __aeabi_f2iz
                0x08001010                __fixsfsi
 .text          0x0800105c       0x40 D:/program_files/st/STM32CubeIDE_1.16.0/STM32CubeIDE/plugins/com.st.stm32cube.ide.mcu.externaltools.gnu-tools-for-stm32.12.3.rel1.win32_1.1.0.202410251130/tools/bin/../lib/gcc/arm-none-eabi/12.3.1/thumb/v7-m/nofp\libgcc.a(_arm_fixunssfsi.o)
                0x0800105c                __fixunssfsi
                0x0800105c                __aeabi_f2uiz
 *(.text*)
 .text.AT24CXX_Init
                0x0800109c        0xc ./Core/Src/24cxx.o
                0x0800109c                AT24CXX_Init
 .text.AT24CXX_ReadOneByte
                0x080010a8       0x60 ./Core/Src/24cxx.o
                0x080010a8                AT24CXX_ReadOneByte
 .text.AT24CXX_WriteOneByte
                0x08001108       0x5a ./Core/Src/24cxx.o
                0x08001108                AT24CXX_WriteOneByte
 .text.AT24CXX_Read
                0x08001162       0x3e ./Core/Src/24cxx.o
                0x08001162                AT24CXX_Read
 .text.AT24CXX_Write
                0x080011a0       0x40 ./Core/Src/24cxx.o
                0x080011a0                AT24CXX_Write
 .text.SetOperationMode
                0x080011e0       0x24 ./Core/Src/bluetooth.o
                0x080011e0                SetOperationMode
 .text.SendModeChangeAck
                0x08001204       0x40 ./Core/Src/bluetooth.o
                0x08001204                SendModeChangeAck
 .text.UART_SendMotionCmd
                0x08001244       0x46 ./Core/Src/bluetooth.o
                0x08001244                UART_SendMotionCmd
 .text.CalculateChecksum
                0x0800128a       0x54 ./Core/Src/bluetooth.o
                0x0800128a                CalculateChecksum
 .text.VerifyChecksum
                0x080012de       0x2e ./Core/Src/bluetooth.o
                0x080012de                VerifyChecksum
 .text.ProcessReceivedPackage
                0x0800130c       0x7c ./Core/Src/bluetooth.o
                0x0800130c                ProcessReceivedPackage
 .text.HandleDistanceData
                0x08001388       0x60 ./Core/Src/bluetooth.o
                0x08001388                HandleDistanceData
 .text.UART_SendPackage
                0x080013e8       0x70 ./Core/Src/bluetooth.o
                0x080013e8                UART_SendPackage
 .text.CT_Delay
                0x08001458        0xe ./Core/Src/ctiic.o
                0x08001458                CT_Delay
 *fill*         0x08001466        0x2 
 .text.CT_IIC_Init
                0x08001468       0x60 ./Core/Src/ctiic.o
                0x08001468                CT_IIC_Init
 .text.CT_IIC_Start
                0x080014c8       0x50 ./Core/Src/ctiic.o
                0x080014c8                CT_IIC_Start
 .text.CT_IIC_Stop
                0x08001518       0x48 ./Core/Src/ctiic.o
                0x08001518                CT_IIC_Stop
 .text.CT_IIC_Wait_Ack
                0x08001560       0x74 ./Core/Src/ctiic.o
                0x08001560                CT_IIC_Wait_Ack
 .text.CT_IIC_Ack
                0x080015d4       0x50 ./Core/Src/ctiic.o
                0x080015d4                CT_IIC_Ack
 .text.CT_IIC_NAck
                0x08001624       0x50 ./Core/Src/ctiic.o
                0x08001624                CT_IIC_NAck
 .text.CT_IIC_Send_Byte
                0x08001674       0x78 ./Core/Src/ctiic.o
                0x08001674                CT_IIC_Send_Byte
 .text.CT_IIC_Read_Byte
                0x080016ec       0x88 ./Core/Src/ctiic.o
                0x080016ec                CT_IIC_Read_Byte
 .text.delay_init
                0x08001774       0x24 ./Core/Src/delay.o
                0x08001774                delay_init
 .text.delay_us
                0x08001798       0x7c ./Core/Src/delay.o
                0x08001798                delay_us
 .text.delay_ms
                0x08001814       0x30 ./Core/Src/delay.o
                0x08001814                delay_ms
 .text.FT5206_WR_Reg
                0x08001844       0x72 ./Core/Src/ft5206.o
                0x08001844                FT5206_WR_Reg
 .text.FT5206_RD_Reg
                0x080018b6       0x7c ./Core/Src/ft5206.o
                0x080018b6                FT5206_RD_Reg
 *fill*         0x08001932        0x2 
 .text.FT5206_Init
                0x08001934       0xf4 ./Core/Src/ft5206.o
                0x08001934                FT5206_Init
 .text.FT5206_Scan
                0x08001a28      0x22c ./Core/Src/ft5206.o
                0x08001a28                FT5206_Scan
 .text.MX_GPIO_Init
                0x08001c54       0x44 ./Core/Src/gpio.o
                0x08001c54                MX_GPIO_Init
 .text.GT9147_Send_Cfg
                0x08001c98       0x68 ./Core/Src/gt9147.o
                0x08001c98                GT9147_Send_Cfg
 .text.GT9147_WR_Reg
                0x08001d00       0x84 ./Core/Src/gt9147.o
                0x08001d00                GT9147_WR_Reg
 .text.GT9147_RD_Reg
                0x08001d84       0x8e ./Core/Src/gt9147.o
                0x08001d84                GT9147_RD_Reg
 *fill*         0x08001e12        0x2 
 .text.GT9147_Init
                0x08001e14      0x138 ./Core/Src/gt9147.o
                0x08001e14                GT9147_Init
 .text.GT9147_Scan
                0x08001f4c      0x268 ./Core/Src/gt9147.o
                0x08001f4c                GT9147_Scan
 .text.KEY_Init
                0x080021b4       0x90 ./Core/Src/key.o
                0x080021b4                KEY_Init
 .text.KEY_Scan
                0x08002244       0xdc ./Core/Src/key.o
                0x08002244                KEY_Scan
 .text.LCD_WR_REG
                0x08002320       0x48 ./Core/Src/lcd.o
                0x08002320                LCD_WR_REG
 .text.LCD_WR_DATAX
                0x08002368       0x48 ./Core/Src/lcd.o
                0x08002368                LCD_WR_DATAX
 .text.opt_delay
                0x080023b0       0x22 ./Core/Src/lcd.o
                0x080023b0                opt_delay
 *fill*         0x080023d2        0x2 
 .text.LCD_RD_DATA
                0x080023d4       0x78 ./Core/Src/lcd.o
                0x080023d4                LCD_RD_DATA
 .text.LCD_WriteReg
                0x0800244c       0x54 ./Core/Src/lcd.o
                0x0800244c                LCD_WriteReg
 .text.LCD_WriteRAM_Prepare
                0x080024a0       0x18 ./Core/Src/lcd.o
                0x080024a0                LCD_WriteRAM_Prepare
 .text.LCD_SetCursor
                0x080024b8      0x454 ./Core/Src/lcd.o
                0x080024b8                LCD_SetCursor
 .text.LCD_Scan_Dir
                0x0800290c      0x528 ./Core/Src/lcd.o
                0x0800290c                LCD_Scan_Dir
 .text.LCD_DrawPoint
                0x08002e34       0x60 ./Core/Src/lcd.o
                0x08002e34                LCD_DrawPoint
 .text.LCD_Fast_DrawPoint
                0x08002e94      0x3f4 ./Core/Src/lcd.o
                0x08002e94                LCD_Fast_DrawPoint
 .text.LCD_SSD_BackLightSet
                0x08003288      0x148 ./Core/Src/lcd.o
                0x08003288                LCD_SSD_BackLightSet
 .text.LCD_Display_Dir
                0x080033d0      0x170 ./Core/Src/lcd.o
                0x080033d0                LCD_Display_Dir
 .text.LCD_Init
                0x08003540     0x2c24 ./Core/Src/lcd.o
                0x08003540                LCD_Init
 .text.LCD_Clear
                0x08006164       0x84 ./Core/Src/lcd.o
                0x08006164                LCD_Clear
 .text.LCD_DrawLine
                0x080061e8      0x108 ./Core/Src/lcd.o
                0x080061e8                LCD_DrawLine
 .text.LCD_DrawRectangle
                0x080062f0       0x56 ./Core/Src/lcd.o
                0x080062f0                LCD_DrawRectangle
 .text.LCD_Draw_Circle
                0x08006346      0x13a ./Core/Src/lcd.o
                0x08006346                LCD_Draw_Circle
 .text.LCD_ShowChar
                0x08006480      0x15c ./Core/Src/lcd.o
                0x08006480                LCD_ShowChar
 .text.LCD_Pow  0x080065dc       0x36 ./Core/Src/lcd.o
                0x080065dc                LCD_Pow
 *fill*         0x08006612        0x2 
 .text.LCD_ShowNum
                0x08006614       0xe4 ./Core/Src/lcd.o
                0x08006614                LCD_ShowNum
 .text.LCD_ShowString
                0x080066f8       0x9a ./Core/Src/lcd.o
                0x080066f8                LCD_ShowString
 .text.LCD_ShowPicture
                0x08006792       0x6e ./Core/Src/lcd.o
                0x08006792                LCD_ShowPicture
 .text.LED_Init
                0x08006800       0x90 ./Core/Src/led.o
                0x08006800                LED_Init
 .text.draw_obstacle
                0x08006890       0x34 ./Core/Src/main.o
                0x08006890                draw_obstacle
 .text.draw_path
                0x080068c4      0x13c ./Core/Src/main.o
                0x080068c4                draw_path
 .text.draw_map
                0x08006a00       0xd4 ./Core/Src/main.o
                0x08006a00                draw_map
 .text.full_control
                0x08006ad4      0x1f0 ./Core/Src/main.o
                0x08006ad4                full_control
 .text.path_processing
                0x08006cc4       0xec ./Core/Src/main.o
                0x08006cc4                path_processing
 .text.detect_obs
                0x08006db0       0x9c ./Core/Src/main.o
                0x08006db0                detect_obs
 .text.main     0x08006e4c       0xfc ./Core/Src/main.o
                0x08006e4c                main
 .text.SystemClock_Config
                0x08006f48       0x8a ./Core/Src/main.o
                0x08006f48                SystemClock_Config
 .text.Error_Handler
                0x08006fd2        0xc ./Core/Src/main.o
                0x08006fd2                Error_Handler
 *fill*         0x08006fde        0x2 
 .text.IIC_Init
                0x08006fe0       0x60 ./Core/Src/myiic.o
                0x08006fe0                IIC_Init
 .text.IIC_Start
                0x08007040       0x50 ./Core/Src/myiic.o
                0x08007040                IIC_Start
 .text.IIC_Stop
                0x08007090       0x50 ./Core/Src/myiic.o
                0x08007090                IIC_Stop
 .text.IIC_Wait_Ack
                0x080070e0       0x78 ./Core/Src/myiic.o
                0x080070e0                IIC_Wait_Ack
 .text.IIC_Ack  0x08007158       0x50 ./Core/Src/myiic.o
                0x08007158                IIC_Ack
 .text.IIC_NAck
                0x080071a8       0x50 ./Core/Src/myiic.o
                0x080071a8                IIC_NAck
 .text.IIC_Send_Byte
                0x080071f8       0x80 ./Core/Src/myiic.o
                0x080071f8                IIC_Send_Byte
 .text.IIC_Read_Byte
                0x08007278       0x8c ./Core/Src/myiic.o
                0x08007278                IIC_Read_Byte
 .text.OTT2001A_WR_Reg
                0x08007304       0x84 ./Core/Src/ott2001a.o
                0x08007304                OTT2001A_WR_Reg
 .text.OTT2001A_RD_Reg
                0x08007388       0x8e ./Core/Src/ott2001a.o
                0x08007388                OTT2001A_RD_Reg
 .text.OTT2001A_SensorControl
                0x08007416       0x30 ./Core/Src/ott2001a.o
                0x08007416                OTT2001A_SensorControl
 *fill*         0x08007446        0x2 
 .text.OTT2001A_Init
                0x08007448       0xb0 ./Core/Src/ott2001a.o
                0x08007448                OTT2001A_Init
 .text.OTT2001A_Scan
                0x080074f8      0x254 ./Core/Src/ott2001a.o
                0x080074f8                OTT2001A_Scan
 .text.MX_SPI1_Init
                0x0800774c       0x6c ./Core/Src/spi.o
                0x0800774c                MX_SPI1_Init
 .text.HAL_SPI_MspInit
                0x080077b8       0x94 ./Core/Src/spi.o
                0x080077b8                HAL_SPI_MspInit
 .text.HAL_MspInit
                0x0800784c       0x64 ./Core/Src/stm32f1xx_hal_msp.o
                0x0800784c                HAL_MspInit
 .text.NMI_Handler
                0x080078b0        0x8 ./Core/Src/stm32f1xx_it.o
                0x080078b0                NMI_Handler
 .text.HardFault_Handler
                0x080078b8        0x8 ./Core/Src/stm32f1xx_it.o
                0x080078b8                HardFault_Handler
 .text.MemManage_Handler
                0x080078c0        0x8 ./Core/Src/stm32f1xx_it.o
                0x080078c0                MemManage_Handler
 .text.BusFault_Handler
                0x080078c8        0x8 ./Core/Src/stm32f1xx_it.o
                0x080078c8                BusFault_Handler
 .text.UsageFault_Handler
                0x080078d0        0x8 ./Core/Src/stm32f1xx_it.o
                0x080078d0                UsageFault_Handler
 .text.SVC_Handler
                0x080078d8        0xc ./Core/Src/stm32f1xx_it.o
                0x080078d8                SVC_Handler
 .text.DebugMon_Handler
                0x080078e4        0xc ./Core/Src/stm32f1xx_it.o
                0x080078e4                DebugMon_Handler
 .text.PendSV_Handler
                0x080078f0        0xc ./Core/Src/stm32f1xx_it.o
                0x080078f0                PendSV_Handler
 .text.SysTick_Handler
                0x080078fc        0xc ./Core/Src/stm32f1xx_it.o
                0x080078fc                SysTick_Handler
 .text.USART2_IRQHandler
                0x08007908       0x14 ./Core/Src/stm32f1xx_it.o
                0x08007908                USART2_IRQHandler
 .text.HAL_UART_RxCpltCallback
                0x0800791c      0x148 ./Core/Src/stm32f1xx_it.o
                0x0800791c                HAL_UART_RxCpltCallback
 .text.Stm32_Clock_Init
                0x08007a64       0x82 ./Core/Src/sys.o
                0x08007a64                Stm32_Clock_Init
 .text._read    0x08007ae6       0x3a ./Core/Src/syscalls.o
                0x08007ae6                _read
 .text._write   0x08007b20       0x38 ./Core/Src/syscalls.o
                0x08007b20                _write
 .text._close   0x08007b58       0x16 ./Core/Src/syscalls.o
                0x08007b58                _close
 .text._fstat   0x08007b6e       0x1e ./Core/Src/syscalls.o
                0x08007b6e                _fstat
 .text._isatty  0x08007b8c       0x14 ./Core/Src/syscalls.o
                0x08007b8c                _isatty
 .text._lseek   0x08007ba0       0x18 ./Core/Src/syscalls.o
                0x08007ba0                _lseek
 .text._sbrk    0x08007bb8       0x6c ./Core/Src/sysmem.o
                0x08007bb8                _sbrk
 .text.SystemInit
                0x08007c24        0xc ./Core/Src/system_stm32f1xx.o
                0x08007c24                SystemInit
 .text.TP_Write_Byte
                0x08007c30       0x60 ./Core/Src/touch.o
                0x08007c30                TP_Write_Byte
 .text.TP_Read_AD
                0x08007c90       0xb0 ./Core/Src/touch.o
                0x08007c90                TP_Read_AD
 .text.TP_Read_XOY
                0x08007d40       0xf4 ./Core/Src/touch.o
                0x08007d40                TP_Read_XOY
 .text.TP_Read_XY
                0x08007e34       0x44 ./Core/Src/touch.o
                0x08007e34                TP_Read_XY
 .text.TP_Read_XY2
                0x08007e78       0xc4 ./Core/Src/touch.o
                0x08007e78                TP_Read_XY2
 .text.TP_Drow_Touch_Point
                0x08007f3c       0xa8 ./Core/Src/touch.o
                0x08007f3c                TP_Drow_Touch_Point
 .text.TP_Scan  0x08007fe4      0x13c ./Core/Src/touch.o
                0x08007fe4                TP_Scan
 .text.TP_Save_Adjdata
                0x08008120       0x20 ./Core/Src/touch.o
                0x08008120                TP_Save_Adjdata
 .text.TP_Get_Adjdata
                0x08008140       0x64 ./Core/Src/touch.o
                0x08008140                TP_Get_Adjdata
 .text.TP_Adj_Info_Show
                0x080081a4      0x1c4 ./Core/Src/touch.o
                0x080081a4                TP_Adj_Info_Show
 .text.TP_Adjust
                0x08008368      0x878 ./Core/Src/touch.o
                0x08008368                TP_Adjust
 .text.TP_Init  0x08008be0      0x154 ./Core/Src/touch.o
                0x08008be0                TP_Init
 .text.MX_USART1_UART_Init
                0x08008d34       0x54 ./Core/Src/usart.o
                0x08008d34                MX_USART1_UART_Init
 .text.MX_USART2_UART_Init
                0x08008d88       0x54 ./Core/Src/usart.o
                0x08008d88                MX_USART2_UART_Init
 .text.HAL_UART_MspInit
                0x08008ddc      0x118 ./Core/Src/usart.o
                0x08008ddc                HAL_UART_MspInit
 .text.Reset_Handler
                0x08008ef4       0x48 ./Core/Startup/startup_stm32f103rctx.o
                0x08008ef4                Reset_Handler
 .text.Default_Handler
                0x08008f3c        0x2 ./Core/Startup/startup_stm32f103rctx.o
                0x08008f3c                RTC_Alarm_IRQHandler
                0x08008f3c                EXTI2_IRQHandler
                0x08008f3c                TIM8_TRG_COM_IRQHandler
                0x08008f3c                TIM8_CC_IRQHandler
                0x08008f3c                TIM1_CC_IRQHandler
                0x08008f3c                TIM6_IRQHandler
                0x08008f3c                PVD_IRQHandler
                0x08008f3c                SDIO_IRQHandler
                0x08008f3c                EXTI3_IRQHandler
                0x08008f3c                EXTI0_IRQHandler
                0x08008f3c                I2C2_EV_IRQHandler
                0x08008f3c                ADC1_2_IRQHandler
                0x08008f3c                SPI1_IRQHandler
                0x08008f3c                TAMPER_IRQHandler
                0x08008f3c                TIM8_UP_IRQHandler
                0x08008f3c                DMA2_Channel2_IRQHandler
                0x08008f3c                DMA1_Channel4_IRQHandler
                0x08008f3c                USART3_IRQHandler
                0x08008f3c                RTC_IRQHandler
                0x08008f3c                DMA1_Channel7_IRQHandler
                0x08008f3c                CAN1_RX1_IRQHandler
                0x08008f3c                UART5_IRQHandler
                0x08008f3c                ADC3_IRQHandler
                0x08008f3c                TIM4_IRQHandler
                0x08008f3c                DMA2_Channel1_IRQHandler
                0x08008f3c                I2C1_EV_IRQHandler
                0x08008f3c                DMA1_Channel6_IRQHandler
                0x08008f3c                UART4_IRQHandler
                0x08008f3c                TIM3_IRQHandler
                0x08008f3c                RCC_IRQHandler
                0x08008f3c                TIM1_TRG_COM_IRQHandler
                0x08008f3c                DMA1_Channel1_IRQHandler
                0x08008f3c                Default_Handler
                0x08008f3c                EXTI15_10_IRQHandler
                0x08008f3c                TIM7_IRQHandler
                0x08008f3c                TIM5_IRQHandler
                0x08008f3c                EXTI9_5_IRQHandler
                0x08008f3c                SPI2_IRQHandler
                0x08008f3c                DMA1_Channel5_IRQHandler
                0x08008f3c                EXTI4_IRQHandler
                0x08008f3c                USB_LP_CAN1_RX0_IRQHandler
                0x08008f3c                USB_HP_CAN1_TX_IRQHandler
                0x08008f3c                DMA1_Channel3_IRQHandler
                0x08008f3c                FSMC_IRQHandler
                0x08008f3c                TIM1_UP_IRQHandler
                0x08008f3c                WWDG_IRQHandler
                0x08008f3c                TIM2_IRQHandler
                0x08008f3c                TIM1_BRK_IRQHandler
                0x08008f3c                EXTI1_IRQHandler
                0x08008f3c                DMA2_Channel4_5_IRQHandler
                0x08008f3c                I2C2_ER_IRQHandler
                0x08008f3c                DMA1_Channel2_IRQHandler
                0x08008f3c                TIM8_BRK_IRQHandler
                0x08008f3c                CAN1_SCE_IRQHandler
                0x08008f3c                FLASH_IRQHandler
                0x08008f3c                USART1_IRQHandler
                0x08008f3c                SPI3_IRQHandler
                0x08008f3c                I2C1_ER_IRQHandler
                0x08008f3c                USBWakeUp_IRQHandler
                0x08008f3c                DMA2_Channel3_IRQHandler
 *fill*         0x08008f3e        0x2 
 .text.HAL_Init
                0x08008f40       0x2c ./Drivers/STM32F1xx_HAL_Driver/Src/stm32f1xx_hal.o
                0x08008f40                HAL_Init
 .text.HAL_InitTick
                0x08008f6c       0x60 ./Drivers/STM32F1xx_HAL_Driver/Src/stm32f1xx_hal.o
                0x08008f6c                HAL_InitTick
 .text.HAL_IncTick
                0x08008fcc       0x24 ./Drivers/STM32F1xx_HAL_Driver/Src/stm32f1xx_hal.o
                0x08008fcc                HAL_IncTick
 .text.HAL_GetTick
                0x08008ff0       0x14 ./Drivers/STM32F1xx_HAL_Driver/Src/stm32f1xx_hal.o
                0x08008ff0                HAL_GetTick
 .text.__NVIC_SetPriorityGrouping
                0x08009004       0x48 ./Drivers/STM32F1xx_HAL_Driver/Src/stm32f1xx_hal_cortex.o
 .text.__NVIC_GetPriorityGrouping
                0x0800904c       0x1c ./Drivers/STM32F1xx_HAL_Driver/Src/stm32f1xx_hal_cortex.o
 .text.__NVIC_EnableIRQ
                0x08009068       0x38 ./Drivers/STM32F1xx_HAL_Driver/Src/stm32f1xx_hal_cortex.o
 .text.__NVIC_SetPriority
                0x080090a0       0x54 ./Drivers/STM32F1xx_HAL_Driver/Src/stm32f1xx_hal_cortex.o
 .text.NVIC_EncodePriority
                0x080090f4       0x64 ./Drivers/STM32F1xx_HAL_Driver/Src/stm32f1xx_hal_cortex.o
 .text.SysTick_Config
                0x08009158       0x44 ./Drivers/STM32F1xx_HAL_Driver/Src/stm32f1xx_hal_cortex.o
 .text.HAL_NVIC_SetPriorityGrouping
                0x0800919c       0x16 ./Drivers/STM32F1xx_HAL_Driver/Src/stm32f1xx_hal_cortex.o
                0x0800919c                HAL_NVIC_SetPriorityGrouping
 .text.HAL_NVIC_SetPriority
                0x080091b2       0x38 ./Drivers/STM32F1xx_HAL_Driver/Src/stm32f1xx_hal_cortex.o
                0x080091b2                HAL_NVIC_SetPriority
 .text.HAL_NVIC_EnableIRQ
                0x080091ea       0x1c ./Drivers/STM32F1xx_HAL_Driver/Src/stm32f1xx_hal_cortex.o
                0x080091ea                HAL_NVIC_EnableIRQ
 .text.HAL_SYSTICK_Config
                0x08009206       0x18 ./Drivers/STM32F1xx_HAL_Driver/Src/stm32f1xx_hal_cortex.o
                0x08009206                HAL_SYSTICK_Config
 *fill*         0x0800921e        0x2 
 .text.HAL_SYSTICK_CLKSourceConfig
                0x08009220       0x38 ./Drivers/STM32F1xx_HAL_Driver/Src/stm32f1xx_hal_cortex.o
                0x08009220                HAL_SYSTICK_CLKSourceConfig
 .text.HAL_DMA_Abort
                0x08009258       0x74 ./Drivers/STM32F1xx_HAL_Driver/Src/stm32f1xx_hal_dma.o
                0x08009258                HAL_DMA_Abort
 .text.HAL_DMA_Abort_IT
                0x080092cc      0x210 ./Drivers/STM32F1xx_HAL_Driver/Src/stm32f1xx_hal_dma.o
                0x080092cc                HAL_DMA_Abort_IT
 .text.HAL_GPIO_Init
                0x080094dc      0x328 ./Drivers/STM32F1xx_HAL_Driver/Src/stm32f1xx_hal_gpio.o
                0x080094dc                HAL_GPIO_Init
 .text.HAL_GPIO_ReadPin
                0x08009804       0x2e ./Drivers/STM32F1xx_HAL_Driver/Src/stm32f1xx_hal_gpio.o
                0x08009804                HAL_GPIO_ReadPin
 .text.HAL_GPIO_WritePin
                0x08009832       0x30 ./Drivers/STM32F1xx_HAL_Driver/Src/stm32f1xx_hal_gpio.o
                0x08009832                HAL_GPIO_WritePin
 *fill*         0x08009862        0x2 
 .text.HAL_RCC_OscConfig
                0x08009864      0x504 ./Drivers/STM32F1xx_HAL_Driver/Src/stm32f1xx_hal_rcc.o
                0x08009864                HAL_RCC_OscConfig
 .text.HAL_RCC_ClockConfig
                0x08009d68      0x1d4 ./Drivers/STM32F1xx_HAL_Driver/Src/stm32f1xx_hal_rcc.o
                0x08009d68                HAL_RCC_ClockConfig
 .text.HAL_RCC_GetSysClockFreq
                0x08009f3c       0xbc ./Drivers/STM32F1xx_HAL_Driver/Src/stm32f1xx_hal_rcc.o
                0x08009f3c                HAL_RCC_GetSysClockFreq
 .text.HAL_RCC_GetHCLKFreq
                0x08009ff8       0x14 ./Drivers/STM32F1xx_HAL_Driver/Src/stm32f1xx_hal_rcc.o
                0x08009ff8                HAL_RCC_GetHCLKFreq
 .text.HAL_RCC_GetPCLK1Freq
                0x0800a00c       0x28 ./Drivers/STM32F1xx_HAL_Driver/Src/stm32f1xx_hal_rcc.o
                0x0800a00c                HAL_RCC_GetPCLK1Freq
 .text.HAL_RCC_GetPCLK2Freq
                0x0800a034       0x28 ./Drivers/STM32F1xx_HAL_Driver/Src/stm32f1xx_hal_rcc.o
                0x0800a034                HAL_RCC_GetPCLK2Freq
 .text.RCC_Delay
                0x0800a05c       0x3c ./Drivers/STM32F1xx_HAL_Driver/Src/stm32f1xx_hal_rcc.o
 .text.HAL_SPI_Init
                0x0800a098      0x108 ./Drivers/STM32F1xx_HAL_Driver/Src/stm32f1xx_hal_spi.o
                0x0800a098                HAL_SPI_Init
 .text.HAL_UART_Init
                0x0800a1a0       0x9a ./Drivers/STM32F1xx_HAL_Driver/Src/stm32f1xx_hal_uart.o
                0x0800a1a0                HAL_UART_Init
 .text.HAL_UART_Transmit
                0x0800a23a      0x124 ./Drivers/STM32F1xx_HAL_Driver/Src/stm32f1xx_hal_uart.o
                0x0800a23a                HAL_UART_Transmit
 .text.HAL_UART_Receive_IT
                0x0800a35e       0x60 ./Drivers/STM32F1xx_HAL_Driver/Src/stm32f1xx_hal_uart.o
                0x0800a35e                HAL_UART_Receive_IT
 *fill*         0x0800a3be        0x2 
 .text.HAL_UART_IRQHandler
                0x0800a3c0      0x354 ./Drivers/STM32F1xx_HAL_Driver/Src/stm32f1xx_hal_uart.o
                0x0800a3c0                HAL_UART_IRQHandler
 .text.HAL_UART_TxCpltCallback
                0x0800a714       0x12 ./Drivers/STM32F1xx_HAL_Driver/Src/stm32f1xx_hal_uart.o
                0x0800a714                HAL_UART_TxCpltCallback
 .text.HAL_UART_ErrorCallback
                0x0800a726       0x12 ./Drivers/STM32F1xx_HAL_Driver/Src/stm32f1xx_hal_uart.o
                0x0800a726                HAL_UART_ErrorCallback
 .text.HAL_UARTEx_RxEventCallback
                0x0800a738       0x16 ./Drivers/STM32F1xx_HAL_Driver/Src/stm32f1xx_hal_uart.o
                0x0800a738                HAL_UARTEx_RxEventCallback
 .text.UART_WaitOnFlagUntilTimeout
                0x0800a74e       0x94 ./Drivers/STM32F1xx_HAL_Driver/Src/stm32f1xx_hal_uart.o
 .text.UART_Start_Receive_IT
                0x0800a7e2       0x72 ./Drivers/STM32F1xx_HAL_Driver/Src/stm32f1xx_hal_uart.o
                0x0800a7e2                UART_Start_Receive_IT
 .text.UART_EndRxTransfer
                0x0800a854       0x58 ./Drivers/STM32F1xx_HAL_Driver/Src/stm32f1xx_hal_uart.o
 .text.UART_DMAAbortOnError
                0x0800a8ac       0x28 ./Drivers/STM32F1xx_HAL_Driver/Src/stm32f1xx_hal_uart.o
 .text.UART_Transmit_IT
                0x0800a8d4       0x9e ./Drivers/STM32F1xx_HAL_Driver/Src/stm32f1xx_hal_uart.o
 .text.UART_EndTransmit_IT
                0x0800a972       0x30 ./Drivers/STM32F1xx_HAL_Driver/Src/stm32f1xx_hal_uart.o
 .text.UART_Receive_IT
                0x0800a9a2      0x152 ./Drivers/STM32F1xx_HAL_Driver/Src/stm32f1xx_hal_uart.o
 .text.UART_SetConfig
                0x0800aaf4      0x11c ./Drivers/STM32F1xx_HAL_Driver/Src/stm32f1xx_hal_uart.o
 .text.std      0x0800ac10       0x6c D:/program_files/st/STM32CubeIDE_1.16.0/STM32CubeIDE/plugins/com.st.stm32cube.ide.mcu.externaltools.gnu-tools-for-stm32.12.3.rel1.win32_1.1.0.202410251130/tools/bin/../lib/gcc/arm-none-eabi/12.3.1/../../../../arm-none-eabi/lib/thumb/v7-m/nofp\libc_nano.a(libc_a-findfp.o)
 .text.stdio_exit_handler
                0x0800ac7c       0x18 D:/program_files/st/STM32CubeIDE_1.16.0/STM32CubeIDE/plugins/com.st.stm32cube.ide.mcu.externaltools.gnu-tools-for-stm32.12.3.rel1.win32_1.1.0.202410251130/tools/bin/../lib/gcc/arm-none-eabi/12.3.1/../../../../arm-none-eabi/lib/thumb/v7-m/nofp\libc_nano.a(libc_a-findfp.o)
 .text.cleanup_stdio
                0x0800ac94       0x40 D:/program_files/st/STM32CubeIDE_1.16.0/STM32CubeIDE/plugins/com.st.stm32cube.ide.mcu.externaltools.gnu-tools-for-stm32.12.3.rel1.win32_1.1.0.202410251130/tools/bin/../lib/gcc/arm-none-eabi/12.3.1/../../../../arm-none-eabi/lib/thumb/v7-m/nofp\libc_nano.a(libc_a-findfp.o)
 .text.global_stdio_init.part.0
                0x0800acd4       0x3c D:/program_files/st/STM32CubeIDE_1.16.0/STM32CubeIDE/plugins/com.st.stm32cube.ide.mcu.externaltools.gnu-tools-for-stm32.12.3.rel1.win32_1.1.0.202410251130/tools/bin/../lib/gcc/arm-none-eabi/12.3.1/../../../../arm-none-eabi/lib/thumb/v7-m/nofp\libc_nano.a(libc_a-findfp.o)
 .text.__sfp_lock_acquire
                0x0800ad10        0xc D:/program_files/st/STM32CubeIDE_1.16.0/STM32CubeIDE/plugins/com.st.stm32cube.ide.mcu.externaltools.gnu-tools-for-stm32.12.3.rel1.win32_1.1.0.202410251130/tools/bin/../lib/gcc/arm-none-eabi/12.3.1/../../../../arm-none-eabi/lib/thumb/v7-m/nofp\libc_nano.a(libc_a-findfp.o)
                0x0800ad10                __sfp_lock_acquire
 .text.__sfp_lock_release
                0x0800ad1c        0xc D:/program_files/st/STM32CubeIDE_1.16.0/STM32CubeIDE/plugins/com.st.stm32cube.ide.mcu.externaltools.gnu-tools-for-stm32.12.3.rel1.win32_1.1.0.202410251130/tools/bin/../lib/gcc/arm-none-eabi/12.3.1/../../../../arm-none-eabi/lib/thumb/v7-m/nofp\libc_nano.a(libc_a-findfp.o)
                0x0800ad1c                __sfp_lock_release
 .text.__sinit  0x0800ad28       0x30 D:/program_files/st/STM32CubeIDE_1.16.0/STM32CubeIDE/plugins/com.st.stm32cube.ide.mcu.externaltools.gnu-tools-for-stm32.12.3.rel1.win32_1.1.0.202410251130/tools/bin/../lib/gcc/arm-none-eabi/12.3.1/../../../../arm-none-eabi/lib/thumb/v7-m/nofp\libc_nano.a(libc_a-findfp.o)
                0x0800ad28                __sinit
 .text._fwalk_sglue
                0x0800ad58       0x3c D:/program_files/st/STM32CubeIDE_1.16.0/STM32CubeIDE/plugins/com.st.stm32cube.ide.mcu.externaltools.gnu-tools-for-stm32.12.3.rel1.win32_1.1.0.202410251130/tools/bin/../lib/gcc/arm-none-eabi/12.3.1/../../../../arm-none-eabi/lib/thumb/v7-m/nofp\libc_nano.a(libc_a-fwalk.o)
                0x0800ad58                _fwalk_sglue
 .text.printf   0x0800ad94       0x24 D:/program_files/st/STM32CubeIDE_1.16.0/STM32CubeIDE/plugins/com.st.stm32cube.ide.mcu.externaltools.gnu-tools-for-stm32.12.3.rel1.win32_1.1.0.202410251130/tools/bin/../lib/gcc/arm-none-eabi/12.3.1/../../../../arm-none-eabi/lib/thumb/v7-m/nofp\libc_nano.a(libc_a-printf.o)
                0x0800ad94                iprintf
                0x0800ad94                printf
 .text.sprintf  0x0800adb8       0x40 D:/program_files/st/STM32CubeIDE_1.16.0/STM32CubeIDE/plugins/com.st.stm32cube.ide.mcu.externaltools.gnu-tools-for-stm32.12.3.rel1.win32_1.1.0.202410251130/tools/bin/../lib/gcc/arm-none-eabi/12.3.1/../../../../arm-none-eabi/lib/thumb/v7-m/nofp\libc_nano.a(libc_a-sprintf.o)
                0x0800adb8                siprintf
                0x0800adb8                sprintf
 .text.__sread  0x0800adf8       0x22 D:/program_files/st/STM32CubeIDE_1.16.0/STM32CubeIDE/plugins/com.st.stm32cube.ide.mcu.externaltools.gnu-tools-for-stm32.12.3.rel1.win32_1.1.0.202410251130/tools/bin/../lib/gcc/arm-none-eabi/12.3.1/../../../../arm-none-eabi/lib/thumb/v7-m/nofp\libc_nano.a(libc_a-stdio.o)
                0x0800adf8                __sread
 .text.__swrite
                0x0800ae1a       0x38 D:/program_files/st/STM32CubeIDE_1.16.0/STM32CubeIDE/plugins/com.st.stm32cube.ide.mcu.externaltools.gnu-tools-for-stm32.12.3.rel1.win32_1.1.0.202410251130/tools/bin/../lib/gcc/arm-none-eabi/12.3.1/../../../../arm-none-eabi/lib/thumb/v7-m/nofp\libc_nano.a(libc_a-stdio.o)
                0x0800ae1a                __swrite
 .text.__sseek  0x0800ae52       0x24 D:/program_files/st/STM32CubeIDE_1.16.0/STM32CubeIDE/plugins/com.st.stm32cube.ide.mcu.externaltools.gnu-tools-for-stm32.12.3.rel1.win32_1.1.0.202410251130/tools/bin/../lib/gcc/arm-none-eabi/12.3.1/../../../../arm-none-eabi/lib/thumb/v7-m/nofp\libc_nano.a(libc_a-stdio.o)
                0x0800ae52                __sseek
 .text.__sclose
                0x0800ae76        0x8 D:/program_files/st/STM32CubeIDE_1.16.0/STM32CubeIDE/plugins/com.st.stm32cube.ide.mcu.externaltools.gnu-tools-for-stm32.12.3.rel1.win32_1.1.0.202410251130/tools/bin/../lib/gcc/arm-none-eabi/12.3.1/../../../../arm-none-eabi/lib/thumb/v7-m/nofp\libc_nano.a(libc_a-stdio.o)
                0x0800ae76                __sclose
 .text.memset   0x0800ae7e       0x10 D:/program_files/st/STM32CubeIDE_1.16.0/STM32CubeIDE/plugins/com.st.stm32cube.ide.mcu.externaltools.gnu-tools-for-stm32.12.3.rel1.win32_1.1.0.202410251130/tools/bin/../lib/gcc/arm-none-eabi/12.3.1/../../../../arm-none-eabi/lib/thumb/v7-m/nofp\libc_nano.a(libc_a-memset.o)
                0x0800ae7e                memset
 *fill*         0x0800ae8e        0x2 
 .text._close_r
                0x0800ae90       0x20 D:/program_files/st/STM32CubeIDE_1.16.0/STM32CubeIDE/plugins/com.st.stm32cube.ide.mcu.externaltools.gnu-tools-for-stm32.12.3.rel1.win32_1.1.0.202410251130/tools/bin/../lib/gcc/arm-none-eabi/12.3.1/../../../../arm-none-eabi/lib/thumb/v7-m/nofp\libc_nano.a(libc_a-closer.o)
                0x0800ae90                _close_r
 .text._lseek_r
                0x0800aeb0       0x24 D:/program_files/st/STM32CubeIDE_1.16.0/STM32CubeIDE/plugins/com.st.stm32cube.ide.mcu.externaltools.gnu-tools-for-stm32.12.3.rel1.win32_1.1.0.202410251130/tools/bin/../lib/gcc/arm-none-eabi/12.3.1/../../../../arm-none-eabi/lib/thumb/v7-m/nofp\libc_nano.a(libc_a-lseekr.o)
                0x0800aeb0                _lseek_r
 .text._read_r  0x0800aed4       0x24 D:/program_files/st/STM32CubeIDE_1.16.0/STM32CubeIDE/plugins/com.st.stm32cube.ide.mcu.externaltools.gnu-tools-for-stm32.12.3.rel1.win32_1.1.0.202410251130/tools/bin/../lib/gcc/arm-none-eabi/12.3.1/../../../../arm-none-eabi/lib/thumb/v7-m/nofp\libc_nano.a(libc_a-readr.o)
                0x0800aed4                _read_r
 .text._write_r
                0x0800aef8       0x24 D:/program_files/st/STM32CubeIDE_1.16.0/STM32CubeIDE/plugins/com.st.stm32cube.ide.mcu.externaltools.gnu-tools-for-stm32.12.3.rel1.win32_1.1.0.202410251130/tools/bin/../lib/gcc/arm-none-eabi/12.3.1/../../../../arm-none-eabi/lib/thumb/v7-m/nofp\libc_nano.a(libc_a-writer.o)
                0x0800aef8                _write_r
 .text.__errno  0x0800af1c        0xc D:/program_files/st/STM32CubeIDE_1.16.0/STM32CubeIDE/plugins/com.st.stm32cube.ide.mcu.externaltools.gnu-tools-for-stm32.12.3.rel1.win32_1.1.0.202410251130/tools/bin/../lib/gcc/arm-none-eabi/12.3.1/../../../../arm-none-eabi/lib/thumb/v7-m/nofp\libc_nano.a(libc_a-errno.o)
                0x0800af1c                __errno
 .text.__libc_init_array
                0x0800af28       0x48 D:/program_files/st/STM32CubeIDE_1.16.0/STM32CubeIDE/plugins/com.st.stm32cube.ide.mcu.externaltools.gnu-tools-for-stm32.12.3.rel1.win32_1.1.0.202410251130/tools/bin/../lib/gcc/arm-none-eabi/12.3.1/../../../../arm-none-eabi/lib/thumb/v7-m/nofp\libc_nano.a(libc_a-init.o)
                0x0800af28                __libc_init_array
 .text.__retarget_lock_init_recursive
                0x0800af70        0x2 D:/program_files/st/STM32CubeIDE_1.16.0/STM32CubeIDE/plugins/com.st.stm32cube.ide.mcu.externaltools.gnu-tools-for-stm32.12.3.rel1.win32_1.1.0.202410251130/tools/bin/../lib/gcc/arm-none-eabi/12.3.1/../../../../arm-none-eabi/lib/thumb/v7-m/nofp\libc_nano.a(libc_a-lock.o)
                0x0800af70                __retarget_lock_init_recursive
 .text.__retarget_lock_acquire_recursive
                0x0800af72        0x2 D:/program_files/st/STM32CubeIDE_1.16.0/STM32CubeIDE/plugins/com.st.stm32cube.ide.mcu.externaltools.gnu-tools-for-stm32.12.3.rel1.win32_1.1.0.202410251130/tools/bin/../lib/gcc/arm-none-eabi/12.3.1/../../../../arm-none-eabi/lib/thumb/v7-m/nofp\libc_nano.a(libc_a-lock.o)
                0x0800af72                __retarget_lock_acquire_recursive
 .text.__retarget_lock_release_recursive
                0x0800af74        0x2 D:/program_files/st/STM32CubeIDE_1.16.0/STM32CubeIDE/plugins/com.st.stm32cube.ide.mcu.externaltools.gnu-tools-for-stm32.12.3.rel1.win32_1.1.0.202410251130/tools/bin/../lib/gcc/arm-none-eabi/12.3.1/../../../../arm-none-eabi/lib/thumb/v7-m/nofp\libc_nano.a(libc_a-lock.o)
                0x0800af74                __retarget_lock_release_recursive
 .text.memcpy   0x0800af76       0x1c D:/program_files/st/STM32CubeIDE_1.16.0/STM32CubeIDE/plugins/com.st.stm32cube.ide.mcu.externaltools.gnu-tools-for-stm32.12.3.rel1.win32_1.1.0.202410251130/tools/bin/../lib/gcc/arm-none-eabi/12.3.1/../../../../arm-none-eabi/lib/thumb/v7-m/nofp\libc_nano.a(libc_a-memcpy-stub.o)
                0x0800af76                memcpy
 *fill*         0x0800af92        0x2 
 .text._free_r  0x0800af94       0x90 D:/program_files/st/STM32CubeIDE_1.16.0/STM32CubeIDE/plugins/com.st.stm32cube.ide.mcu.externaltools.gnu-tools-for-stm32.12.3.rel1.win32_1.1.0.202410251130/tools/bin/../lib/gcc/arm-none-eabi/12.3.1/../../../../arm-none-eabi/lib/thumb/v7-m/nofp\libc_nano.a(libc_a-freer.o)
                0x0800af94                _free_r
 .text.sbrk_aligned
                0x0800b024       0x44 D:/program_files/st/STM32CubeIDE_1.16.0/STM32CubeIDE/plugins/com.st.stm32cube.ide.mcu.externaltools.gnu-tools-for-stm32.12.3.rel1.win32_1.1.0.202410251130/tools/bin/../lib/gcc/arm-none-eabi/12.3.1/../../../../arm-none-eabi/lib/thumb/v7-m/nofp\libc_nano.a(libc_a-mallocr.o)
 .text._malloc_r
                0x0800b068      0x100 D:/program_files/st/STM32CubeIDE_1.16.0/STM32CubeIDE/plugins/com.st.stm32cube.ide.mcu.externaltools.gnu-tools-for-stm32.12.3.rel1.win32_1.1.0.202410251130/tools/bin/../lib/gcc/arm-none-eabi/12.3.1/../../../../arm-none-eabi/lib/thumb/v7-m/nofp\libc_nano.a(libc_a-mallocr.o)
                0x0800b068                _malloc_r
 .text.__malloc_lock
                0x0800b168        0xc D:/program_files/st/STM32CubeIDE_1.16.0/STM32CubeIDE/plugins/com.st.stm32cube.ide.mcu.externaltools.gnu-tools-for-stm32.12.3.rel1.win32_1.1.0.202410251130/tools/bin/../lib/gcc/arm-none-eabi/12.3.1/../../../../arm-none-eabi/lib/thumb/v7-m/nofp\libc_nano.a(libc_a-mlock.o)
                0x0800b168                __malloc_lock
 .text.__malloc_unlock
                0x0800b174        0xc D:/program_files/st/STM32CubeIDE_1.16.0/STM32CubeIDE/plugins/com.st.stm32cube.ide.mcu.externaltools.gnu-tools-for-stm32.12.3.rel1.win32_1.1.0.202410251130/tools/bin/../lib/gcc/arm-none-eabi/12.3.1/../../../../arm-none-eabi/lib/thumb/v7-m/nofp\libc_nano.a(libc_a-mlock.o)
                0x0800b174                __malloc_unlock
 .text.__ssputs_r
                0x0800b180       0xb6 D:/program_files/st/STM32CubeIDE_1.16.0/STM32CubeIDE/plugins/com.st.stm32cube.ide.mcu.externaltools.gnu-tools-for-stm32.12.3.rel1.win32_1.1.0.202410251130/tools/bin/../lib/gcc/arm-none-eabi/12.3.1/../../../../arm-none-eabi/lib/thumb/v7-m/nofp\libc_nano.a(libc_a-nano-svfprintf.o)
                0x0800b180                __ssputs_r
 *fill*         0x0800b236        0x2 
 .text._svfprintf_r
                0x0800b238      0x1f8 D:/program_files/st/STM32CubeIDE_1.16.0/STM32CubeIDE/plugins/com.st.stm32cube.ide.mcu.externaltools.gnu-tools-for-stm32.12.3.rel1.win32_1.1.0.202410251130/tools/bin/../lib/gcc/arm-none-eabi/12.3.1/../../../../arm-none-eabi/lib/thumb/v7-m/nofp\libc_nano.a(libc_a-nano-svfprintf.o)
                0x0800b238                _svfiprintf_r
                0x0800b238                _svfprintf_r
 .text.__sfputc_r
                0x0800b430       0x2a D:/program_files/st/STM32CubeIDE_1.16.0/STM32CubeIDE/plugins/com.st.stm32cube.ide.mcu.externaltools.gnu-tools-for-stm32.12.3.rel1.win32_1.1.0.202410251130/tools/bin/../lib/gcc/arm-none-eabi/12.3.1/../../../../arm-none-eabi/lib/thumb/v7-m/nofp\libc_nano.a(libc_a-nano-vfprintf.o)
 .text.__sfputs_r
                0x0800b45a       0x24 D:/program_files/st/STM32CubeIDE_1.16.0/STM32CubeIDE/plugins/com.st.stm32cube.ide.mcu.externaltools.gnu-tools-for-stm32.12.3.rel1.win32_1.1.0.202410251130/tools/bin/../lib/gcc/arm-none-eabi/12.3.1/../../../../arm-none-eabi/lib/thumb/v7-m/nofp\libc_nano.a(libc_a-nano-vfprintf.o)
                0x0800b45a                __sfputs_r
 *fill*         0x0800b47e        0x2 
 .text._vfprintf_r
                0x0800b480      0x230 D:/program_files/st/STM32CubeIDE_1.16.0/STM32CubeIDE/plugins/com.st.stm32cube.ide.mcu.externaltools.gnu-tools-for-stm32.12.3.rel1.win32_1.1.0.202410251130/tools/bin/../lib/gcc/arm-none-eabi/12.3.1/../../../../arm-none-eabi/lib/thumb/v7-m/nofp\libc_nano.a(libc_a-nano-vfprintf.o)
                0x0800b480                _vfprintf_r
                0x0800b480                _vfiprintf_r
 .text._printf_common
                0x0800b6b0       0xe4 D:/program_files/st/STM32CubeIDE_1.16.0/STM32CubeIDE/plugins/com.st.stm32cube.ide.mcu.externaltools.gnu-tools-for-stm32.12.3.rel1.win32_1.1.0.202410251130/tools/bin/../lib/gcc/arm-none-eabi/12.3.1/../../../../arm-none-eabi/lib/thumb/v7-m/nofp\libc_nano.a(libc_a-nano-vfprintf_i.o)
                0x0800b6b0                _printf_common
 .text._printf_i
                0x0800b794      0x240 D:/program_files/st/STM32CubeIDE_1.16.0/STM32CubeIDE/plugins/com.st.stm32cube.ide.mcu.externaltools.gnu-tools-for-stm32.12.3.rel1.win32_1.1.0.202410251130/tools/bin/../lib/gcc/arm-none-eabi/12.3.1/../../../../arm-none-eabi/lib/thumb/v7-m/nofp\libc_nano.a(libc_a-nano-vfprintf_i.o)
                0x0800b794                _printf_i
 .text.__sflush_r
                0x0800b9d4      0x100 D:/program_files/st/STM32CubeIDE_1.16.0/STM32CubeIDE/plugins/com.st.stm32cube.ide.mcu.externaltools.gnu-tools-for-stm32.12.3.rel1.win32_1.1.0.202410251130/tools/bin/../lib/gcc/arm-none-eabi/12.3.1/../../../../arm-none-eabi/lib/thumb/v7-m/nofp\libc_nano.a(libc_a-fflush.o)
                0x0800b9d4                __sflush_r
 .text._fflush_r
                0x0800bad4       0x50 D:/program_files/st/STM32CubeIDE_1.16.0/STM32CubeIDE/plugins/com.st.stm32cube.ide.mcu.externaltools.gnu-tools-for-stm32.12.3.rel1.win32_1.1.0.202410251130/tools/bin/../lib/gcc/arm-none-eabi/12.3.1/../../../../arm-none-eabi/lib/thumb/v7-m/nofp\libc_nano.a(libc_a-fflush.o)
                0x0800bad4                _fflush_r
 .text.__swbuf_r
                0x0800bb24       0x7c D:/program_files/st/STM32CubeIDE_1.16.0/STM32CubeIDE/plugins/com.st.stm32cube.ide.mcu.externaltools.gnu-tools-for-stm32.12.3.rel1.win32_1.1.0.202410251130/tools/bin/../lib/gcc/arm-none-eabi/12.3.1/../../../../arm-none-eabi/lib/thumb/v7-m/nofp\libc_nano.a(libc_a-wbuf.o)
                0x0800bb24                __swbuf_r
 .text.__swsetup_r
                0x0800bba0       0xac D:/program_files/st/STM32CubeIDE_1.16.0/STM32CubeIDE/plugins/com.st.stm32cube.ide.mcu.externaltools.gnu-tools-for-stm32.12.3.rel1.win32_1.1.0.202410251130/tools/bin/../lib/gcc/arm-none-eabi/12.3.1/../../../../arm-none-eabi/lib/thumb/v7-m/nofp\libc_nano.a(libc_a-wsetup.o)
                0x0800bba0                __swsetup_r
 .text.memmove  0x0800bc4c       0x34 D:/program_files/st/STM32CubeIDE_1.16.0/STM32CubeIDE/plugins/com.st.stm32cube.ide.mcu.externaltools.gnu-tools-for-stm32.12.3.rel1.win32_1.1.0.202410251130/tools/bin/../lib/gcc/arm-none-eabi/12.3.1/../../../../arm-none-eabi/lib/thumb/v7-m/nofp\libc_nano.a(libc_a-memmove.o)
                0x0800bc4c                memmove
 .text._sbrk_r  0x0800bc80       0x20 D:/program_files/st/STM32CubeIDE_1.16.0/STM32CubeIDE/plugins/com.st.stm32cube.ide.mcu.externaltools.gnu-tools-for-stm32.12.3.rel1.win32_1.1.0.202410251130/tools/bin/../lib/gcc/arm-none-eabi/12.3.1/../../../../arm-none-eabi/lib/thumb/v7-m/nofp\libc_nano.a(libc_a-sbrkr.o)
                0x0800bc80                _sbrk_r
 .text.memchr   0x0800bca0       0x1c D:/program_files/st/STM32CubeIDE_1.16.0/STM32CubeIDE/plugins/com.st.stm32cube.ide.mcu.externaltools.gnu-tools-for-stm32.12.3.rel1.win32_1.1.0.202410251130/tools/bin/../lib/gcc/arm-none-eabi/12.3.1/../../../../arm-none-eabi/lib/thumb/v7-m/nofp\libc_nano.a(libc_a-memchr-stub.o)
                0x0800bca0                memchr
 .text._realloc_r
                0x0800bcbc       0x5c D:/program_files/st/STM32CubeIDE_1.16.0/STM32CubeIDE/plugins/com.st.stm32cube.ide.mcu.externaltools.gnu-tools-for-stm32.12.3.rel1.win32_1.1.0.202410251130/tools/bin/../lib/gcc/arm-none-eabi/12.3.1/../../../../arm-none-eabi/lib/thumb/v7-m/nofp\libc_nano.a(libc_a-reallocr.o)
                0x0800bcbc                _realloc_r
 .text.__swhatbuf_r
                0x0800bd18       0x4a D:/program_files/st/STM32CubeIDE_1.16.0/STM32CubeIDE/plugins/com.st.stm32cube.ide.mcu.externaltools.gnu-tools-for-stm32.12.3.rel1.win32_1.1.0.202410251130/tools/bin/../lib/gcc/arm-none-eabi/12.3.1/../../../../arm-none-eabi/lib/thumb/v7-m/nofp\libc_nano.a(libc_a-makebuf.o)
                0x0800bd18                __swhatbuf_r
 .text.__smakebuf_r
                0x0800bd62       0x78 D:/program_files/st/STM32CubeIDE_1.16.0/STM32CubeIDE/plugins/com.st.stm32cube.ide.mcu.externaltools.gnu-tools-for-stm32.12.3.rel1.win32_1.1.0.202410251130/tools/bin/../lib/gcc/arm-none-eabi/12.3.1/../../../../arm-none-eabi/lib/thumb/v7-m/nofp\libc_nano.a(libc_a-makebuf.o)
                0x0800bd62                __smakebuf_r
 *fill*         0x0800bdda        0x2 
 .text._fstat_r
                0x0800bddc       0x24 D:/program_files/st/STM32CubeIDE_1.16.0/STM32CubeIDE/plugins/com.st.stm32cube.ide.mcu.externaltools.gnu-tools-for-stm32.12.3.rel1.win32_1.1.0.202410251130/tools/bin/../lib/gcc/arm-none-eabi/12.3.1/../../../../arm-none-eabi/lib/thumb/v7-m/nofp\libc_nano.a(libc_a-fstatr.o)
                0x0800bddc                _fstat_r
 .text._isatty_r
                0x0800be00       0x20 D:/program_files/st/STM32CubeIDE_1.16.0/STM32CubeIDE/plugins/com.st.stm32cube.ide.mcu.externaltools.gnu-tools-for-stm32.12.3.rel1.win32_1.1.0.202410251130/tools/bin/../lib/gcc/arm-none-eabi/12.3.1/../../../../arm-none-eabi/lib/thumb/v7-m/nofp\libc_nano.a(libc_a-isattyr.o)
                0x0800be00                _isatty_r
 .text._malloc_usable_size_r
                0x0800be20       0x10 D:/program_files/st/STM32CubeIDE_1.16.0/STM32CubeIDE/plugins/com.st.stm32cube.ide.mcu.externaltools.gnu-tools-for-stm32.12.3.rel1.win32_1.1.0.202410251130/tools/bin/../lib/gcc/arm-none-eabi/12.3.1/../../../../arm-none-eabi/lib/thumb/v7-m/nofp\libc_nano.a(libc_a-msizer.o)
                0x0800be20                _malloc_usable_size_r
 .text.sqrt     0x0800be30       0x48 D:/program_files/st/STM32CubeIDE_1.16.0/STM32CubeIDE/plugins/com.st.stm32cube.ide.mcu.externaltools.gnu-tools-for-stm32.12.3.rel1.win32_1.1.0.202410251130/tools/bin/../lib/gcc/arm-none-eabi/12.3.1/../../../../arm-none-eabi/lib/thumb/v7-m/nofp\libm.a(libm_a-w_sqrt.o)
                0x0800be30                sqrt
 .text.__ieee754_sqrt
                0x0800be78      0x1ac D:/program_files/st/STM32CubeIDE_1.16.0/STM32CubeIDE/plugins/com.st.stm32cube.ide.mcu.externaltools.gnu-tools-for-stm32.12.3.rel1.win32_1.1.0.202410251130/tools/bin/../lib/gcc/arm-none-eabi/12.3.1/../../../../arm-none-eabi/lib/thumb/v7-m/nofp\libm.a(libm_a-e_sqrt.o)
                0x0800be78                __ieee754_sqrt
 *(.glue_7)
 .glue_7        0x0800c024        0x0 linker stubs
 *(.glue_7t)
 .glue_7t       0x0800c024        0x0 linker stubs
 *(.eh_frame)
 .eh_frame      0x0800c024        0x0 D:/program_files/st/STM32CubeIDE_1.16.0/STM32CubeIDE/plugins/com.st.stm32cube.ide.mcu.externaltools.gnu-tools-for-stm32.12.3.rel1.win32_1.1.0.202410251130/tools/bin/../lib/gcc/arm-none-eabi/12.3.1/thumb/v7-m/nofp/crtbegin.o
 *(.init)
 .init          0x0800c024        0x4 D:/program_files/st/STM32CubeIDE_1.16.0/STM32CubeIDE/plugins/com.st.stm32cube.ide.mcu.externaltools.gnu-tools-for-stm32.12.3.rel1.win32_1.1.0.202410251130/tools/bin/../lib/gcc/arm-none-eabi/12.3.1/thumb/v7-m/nofp/crti.o
                0x0800c024                _init
 .init          0x0800c028        0x8 D:/program_files/st/STM32CubeIDE_1.16.0/STM32CubeIDE/plugins/com.st.stm32cube.ide.mcu.externaltools.gnu-tools-for-stm32.12.3.rel1.win32_1.1.0.202410251130/tools/bin/../lib/gcc/arm-none-eabi/12.3.1/thumb/v7-m/nofp/crtn.o
 *(.fini)
 .fini          0x0800c030        0x4 D:/program_files/st/STM32CubeIDE_1.16.0/STM32CubeIDE/plugins/com.st.stm32cube.ide.mcu.externaltools.gnu-tools-for-stm32.12.3.rel1.win32_1.1.0.202410251130/tools/bin/../lib/gcc/arm-none-eabi/12.3.1/thumb/v7-m/nofp/crti.o
                0x0800c030                _fini
 .fini          0x0800c034        0x8 D:/program_files/st/STM32CubeIDE_1.16.0/STM32CubeIDE/plugins/com.st.stm32cube.ide.mcu.externaltools.gnu-tools-for-stm32.12.3.rel1.win32_1.1.0.202410251130/tools/bin/../lib/gcc/arm-none-eabi/12.3.1/thumb/v7-m/nofp/crtn.o
                0x0800c03c                        . = ALIGN (0x4)
                0x0800c03c                        _etext = .

.vfp11_veneer   0x0800c03c        0x0
 .vfp11_veneer  0x0800c03c        0x0 linker stubs

.v4_bx          0x0800c03c        0x0
 .v4_bx         0x0800c03c        0x0 linker stubs

.iplt           0x0800c03c        0x0
 .iplt          0x0800c03c        0x0 D:/program_files/st/STM32CubeIDE_1.16.0/STM32CubeIDE/plugins/com.st.stm32cube.ide.mcu.externaltools.gnu-tools-for-stm32.12.3.rel1.win32_1.1.0.202410251130/tools/bin/../lib/gcc/arm-none-eabi/12.3.1/thumb/v7-m/nofp/crtbegin.o

.rodata         0x0800c03c    0x1bea0
                0x0800c03c                        . = ALIGN (0x4)
 *(.rodata)
 .rodata        0x0800c03c        0xc ./Core/Src/ft5206.o
 .rodata        0x0800c048       0x25 ./Core/Src/gt9147.o
 *fill*         0x0800c06d        0x3 
 .rodata        0x0800c070        0xd ./Core/Src/lcd.o
 *fill*         0x0800c07d        0x3 
 .rodata        0x0800c080        0x7 ./Core/Src/main.o
 *fill*         0x0800c087        0x1 
 .rodata        0x0800c088        0xc ./Core/Src/ott2001a.o
 .rodata        0x0800c094       0xd0 ./Core/Src/touch.o
 .rodata        0x0800c164       0x10 ./Drivers/STM32F1xx_HAL_Driver/Src/stm32f1xx_hal_rcc.o
 *(.rodata*)
 .rodata.FT5206_TPX_TBL
                0x0800c174        0xa ./Core/Src/ft5206.o
                0x0800c174                FT5206_TPX_TBL
 *fill*         0x0800c17e        0x2 
 .rodata.GT9147_CFG_TBL
                0x0800c180       0xb8 ./Core/Src/gt9147.o
                0x0800c180                GT9147_CFG_TBL
 .rodata.GT9147_TPX_TBL
                0x0800c238        0xa ./Core/Src/gt9147.o
                0x0800c238                GT9147_TPX_TBL
 *fill*         0x0800c242        0x2 
 .rodata.gImage_end
                0x0800c244     0x1a48 ./Core/Src/lcd.o
                0x0800c244                gImage_end
 .rodata.gImage_start
                0x0800dc8c     0x1a48 ./Core/Src/lcd.o
                0x0800dc8c                gImage_start
 .rodata.gImage_ES
                0x0800f6d4     0x1a48 ./Core/Src/lcd.o
                0x0800f6d4                gImage_ES
 .rodata.gImage_EN
                0x0801111c     0x1a48 ./Core/Src/lcd.o
                0x0801111c                gImage_EN
 .rodata.gImage_WS
                0x08012b64     0x1a48 ./Core/Src/lcd.o
                0x08012b64                gImage_WS
 .rodata.gImage_WN
                0x080145ac     0x1a48 ./Core/Src/lcd.o
                0x080145ac                gImage_WN
 .rodata.gImage_VLINE
                0x08015ff4     0x1a48 ./Core/Src/lcd.o
                0x08015ff4                gImage_VLINE
 .rodata.gImage_HLINE
                0x08017a3c     0x1a48 ./Core/Src/lcd.o
                0x08017a3c                gImage_HLINE
 .rodata.gImage_obs
                0x08019484     0x1a48 ./Core/Src/lcd.o
                0x08019484                gImage_obs
 .rodata.asc2_1206
                0x0801aecc      0x474 ./Core/Src/lcd.o
                0x0801aecc                asc2_1206
 .rodata.asc2_1608
                0x0801b340      0x5f0 ./Core/Src/lcd.o
                0x0801b340                asc2_1608
 .rodata.asc2_2412
                0x0801b930      0xd5c ./Core/Src/lcd.o
                0x0801b930                asc2_2412
 .rodata.gImage_left
                0x0801c68c     0x1a48 ./Core/Src/lcd.o
                0x0801c68c                gImage_left
 .rodata.gImage_right
                0x0801e0d4     0x1a48 ./Core/Src/lcd.o
                0x0801e0d4                gImage_right
 .rodata.gImage_back
                0x0801fb1c     0x1a48 ./Core/Src/lcd.o
                0x0801fb1c                gImage_back
 .rodata.gImage_forward
                0x08021564     0x1a48 ./Core/Src/lcd.o
                0x08021564                gImage_forward
 .rodata.gImage_turnleft
                0x08022fac     0x1a48 ./Core/Src/lcd.o
                0x08022fac                gImage_turnleft
 .rodata.gImage_turnright
                0x080249f4     0x1a48 ./Core/Src/lcd.o
                0x080249f4                gImage_turnright
 .rodata.gImage_stop
                0x0802643c     0x1a48 ./Core/Src/lcd.o
                0x0802643c                gImage_stop
 .rodata.OTT_TPX_TBL
                0x08027e84        0xa ./Core/Src/ott2001a.o
                0x08027e84                OTT_TPX_TBL
 *fill*         0x08027e8e        0x2 
 .rodata.AHBPrescTable
                0x08027e90       0x10 ./Core/Src/system_stm32f1xx.o
                0x08027e90                AHBPrescTable
 .rodata.APBPrescTable
                0x08027ea0        0x8 ./Core/Src/system_stm32f1xx.o
                0x08027ea0                APBPrescTable
 .rodata._svfprintf_r.str1.1
                0x08027ea8       0x11 D:/program_files/st/STM32CubeIDE_1.16.0/STM32CubeIDE/plugins/com.st.stm32cube.ide.mcu.externaltools.gnu-tools-for-stm32.12.3.rel1.win32_1.1.0.202410251130/tools/bin/../lib/gcc/arm-none-eabi/12.3.1/../../../../arm-none-eabi/lib/thumb/v7-m/nofp\libc_nano.a(libc_a-nano-svfprintf.o)
 .rodata._vfprintf_r.str1.1
                0x08027eb9       0x11 D:/program_files/st/STM32CubeIDE_1.16.0/STM32CubeIDE/plugins/com.st.stm32cube.ide.mcu.externaltools.gnu-tools-for-stm32.12.3.rel1.win32_1.1.0.202410251130/tools/bin/../lib/gcc/arm-none-eabi/12.3.1/../../../../arm-none-eabi/lib/thumb/v7-m/nofp\libc_nano.a(libc_a-nano-vfprintf.o)
 .rodata._printf_i.str1.1
                0x08027eb9       0x22 D:/program_files/st/STM32CubeIDE_1.16.0/STM32CubeIDE/plugins/com.st.stm32cube.ide.mcu.externaltools.gnu-tools-for-stm32.12.3.rel1.win32_1.1.0.202410251130/tools/bin/../lib/gcc/arm-none-eabi/12.3.1/../../../../arm-none-eabi/lib/thumb/v7-m/nofp\libc_nano.a(libc_a-nano-vfprintf_i.o)
                0x08027edc                        . = ALIGN (0x4)
 *fill*         0x08027edb        0x1 

.ARM.extab      0x08027edc        0x0
                0x08027edc                        . = ALIGN (0x4)
 *(.ARM.extab* .gnu.linkonce.armextab.*)
                0x08027edc                        . = ALIGN (0x4)

.ARM            0x08027edc        0x8
                0x08027edc                        . = ALIGN (0x4)
                0x08027edc                        __exidx_start = .
 *(.ARM.exidx*)
 .ARM.exidx     0x08027edc        0x8 D:/program_files/st/STM32CubeIDE_1.16.0/STM32CubeIDE/plugins/com.st.stm32cube.ide.mcu.externaltools.gnu-tools-for-stm32.12.3.rel1.win32_1.1.0.202410251130/tools/bin/../lib/gcc/arm-none-eabi/12.3.1/../../../../arm-none-eabi/lib/thumb/v7-m/nofp\libc_nano.a(libc_a-strcmp.o)
                0x08027ee4                        __exidx_end = .
                0x08027ee4                        . = ALIGN (0x4)

.rel.dyn        0x08027ee4        0x0
 .rel.iplt      0x08027ee4        0x0 D:/program_files/st/STM32CubeIDE_1.16.0/STM32CubeIDE/plugins/com.st.stm32cube.ide.mcu.externaltools.gnu-tools-for-stm32.12.3.rel1.win32_1.1.0.202410251130/tools/bin/../lib/gcc/arm-none-eabi/12.3.1/thumb/v7-m/nofp/crtbegin.o

.preinit_array  0x08027ee4        0x0
                0x08027ee4                        . = ALIGN (0x4)
                0x08027ee4                        PROVIDE (__preinit_array_start = .)
 *(.preinit_array*)
                0x08027ee4                        PROVIDE (__preinit_array_end = .)
                0x08027ee4                        . = ALIGN (0x4)

.init_array     0x08027ee4        0x4
                0x08027ee4                        . = ALIGN (0x4)
                0x08027ee4                        PROVIDE (__init_array_start = .)
 *(SORT_BY_NAME(.init_array.*))
 *(.init_array*)
 .init_array    0x08027ee4        0x4 D:/program_files/st/STM32CubeIDE_1.16.0/STM32CubeIDE/plugins/com.st.stm32cube.ide.mcu.externaltools.gnu-tools-for-stm32.12.3.rel1.win32_1.1.0.202410251130/tools/bin/../lib/gcc/arm-none-eabi/12.3.1/thumb/v7-m/nofp/crtbegin.o
                0x08027ee8                        PROVIDE (__init_array_end = .)
                0x08027ee8                        . = ALIGN (0x4)

.fini_array     0x08027ee8        0x4
                0x08027ee8                        . = ALIGN (0x4)
                [!provide]                        PROVIDE (__fini_array_start = .)
 *(SORT_BY_NAME(.fini_array.*))
 *(.fini_array*)
 .fini_array    0x08027ee8        0x4 D:/program_files/st/STM32CubeIDE_1.16.0/STM32CubeIDE/plugins/com.st.stm32cube.ide.mcu.externaltools.gnu-tools-for-stm32.12.3.rel1.win32_1.1.0.202410251130/tools/bin/../lib/gcc/arm-none-eabi/12.3.1/thumb/v7-m/nofp/crtbegin.o
                [!provide]                        PROVIDE (__fini_array_end = .)
                0x08027eec                        . = ALIGN (0x4)
                0x08027eec                        _sidata = LOADADDR (.data)

.data           0x20000000       0xb8 load address 0x08027eec
                0x20000000                        . = ALIGN (0x4)
                0x20000000                        _sdata = .
 *(.data)
 *(.data*)
 .data.current_mode
                0x20000000        0x1 ./Core/Src/bluetooth.o
 .data.key_up.0
                0x20000001        0x1 ./Core/Src/key.o
 .data.BACK_COLOR
                0x20000002        0x2 ./Core/Src/lcd.o
                0x20000002                BACK_COLOR
 .data.SystemCoreClock
                0x20000004        0x4 ./Core/Src/system_stm32f1xx.o
                0x20000004                SystemCoreClock
 .data.tp_dev   0x20000008       0x34 ./Core/Src/touch.o
                0x20000008                tp_dev
 .data.CMD_RDX  0x2000003c        0x1 ./Core/Src/touch.o
                0x2000003c                CMD_RDX
 .data.CMD_RDY  0x2000003d        0x1 ./Core/Src/touch.o
                0x2000003d                CMD_RDY
 *fill*         0x2000003e        0x2 
 .data.uwTickPrio
                0x20000040        0x4 ./Drivers/STM32F1xx_HAL_Driver/Src/stm32f1xx_hal.o
                0x20000040                uwTickPrio
 .data.uwTickFreq
                0x20000044        0x1 ./Drivers/STM32F1xx_HAL_Driver/Src/stm32f1xx_hal.o
                0x20000044                uwTickFreq
 *fill*         0x20000045        0x3 
 .data.__sglue  0x20000048        0xc D:/program_files/st/STM32CubeIDE_1.16.0/STM32CubeIDE/plugins/com.st.stm32cube.ide.mcu.externaltools.gnu-tools-for-stm32.12.3.rel1.win32_1.1.0.202410251130/tools/bin/../lib/gcc/arm-none-eabi/12.3.1/../../../../arm-none-eabi/lib/thumb/v7-m/nofp\libc_nano.a(libc_a-findfp.o)
                0x20000048                __sglue
 .data._impure_ptr
                0x20000054        0x4 D:/program_files/st/STM32CubeIDE_1.16.0/STM32CubeIDE/plugins/com.st.stm32cube.ide.mcu.externaltools.gnu-tools-for-stm32.12.3.rel1.win32_1.1.0.202410251130/tools/bin/../lib/gcc/arm-none-eabi/12.3.1/../../../../arm-none-eabi/lib/thumb/v7-m/nofp\libc_nano.a(libc_a-impure.o)
                0x20000054                _impure_ptr
 .data._impure_data
                0x20000058       0x4c D:/program_files/st/STM32CubeIDE_1.16.0/STM32CubeIDE/plugins/com.st.stm32cube.ide.mcu.externaltools.gnu-tools-for-stm32.12.3.rel1.win32_1.1.0.202410251130/tools/bin/../lib/gcc/arm-none-eabi/12.3.1/../../../../arm-none-eabi/lib/thumb/v7-m/nofp\libc_nano.a(libc_a-impure.o)
                0x20000058                _impure_data
 *fill*         0x200000a4        0x4 
 .data.tiny     0x200000a8        0x8 D:/program_files/st/STM32CubeIDE_1.16.0/STM32CubeIDE/plugins/com.st.stm32cube.ide.mcu.externaltools.gnu-tools-for-stm32.12.3.rel1.win32_1.1.0.202410251130/tools/bin/../lib/gcc/arm-none-eabi/12.3.1/../../../../arm-none-eabi/lib/thumb/v7-m/nofp\libm.a(libm_a-e_sqrt.o)
 .data.one      0x200000b0        0x8 D:/program_files/st/STM32CubeIDE_1.16.0/STM32CubeIDE/plugins/com.st.stm32cube.ide.mcu.externaltools.gnu-tools-for-stm32.12.3.rel1.win32_1.1.0.202410251130/tools/bin/../lib/gcc/arm-none-eabi/12.3.1/../../../../arm-none-eabi/lib/thumb/v7-m/nofp\libm.a(libm_a-e_sqrt.o)
 *(.RamFunc)
 *(.RamFunc*)
                0x200000b8                        . = ALIGN (0x4)
                0x200000b8                        _edata = .

.igot.plt       0x200000b8        0x0 load address 0x08027fa4
 .igot.plt      0x200000b8        0x0 D:/program_files/st/STM32CubeIDE_1.16.0/STM32CubeIDE/plugins/com.st.stm32cube.ide.mcu.externaltools.gnu-tools-for-stm32.12.3.rel1.win32_1.1.0.202410251130/tools/bin/../lib/gcc/arm-none-eabi/12.3.1/thumb/v7-m/nofp/crtbegin.o
                0x200000b8                        . = ALIGN (0x4)

.bss            0x200000b8      0x2d4 load address 0x08027fa4
                0x200000b8                        _sbss = .
                0x200000b8                        __bss_start__ = _sbss
 *(.bss)
 .bss           0x200000b8       0x1c D:/program_files/st/STM32CubeIDE_1.16.0/STM32CubeIDE/plugins/com.st.stm32cube.ide.mcu.externaltools.gnu-tools-for-stm32.12.3.rel1.win32_1.1.0.202410251130/tools/bin/../lib/gcc/arm-none-eabi/12.3.1/thumb/v7-m/nofp/crtbegin.o
 *(.bss*)
 .bss.fac_us    0x200000d4        0x4 ./Core/Src/delay.o
 .bss.t.0       0x200000d8        0x1 ./Core/Src/ft5206.o
 .bss.t.0       0x200000d9        0x1 ./Core/Src/gt9147.o
 .bss.POINT_COLOR
                0x200000da        0x2 ./Core/Src/lcd.o
                0x200000da                POINT_COLOR
 .bss.lcddev    0x200000dc        0xe ./Core/Src/lcd.o
                0x200000dc                lcddev
 *fill*         0x200000ea        0x2 
 .bss.rxBuffer  0x200000ec       0x26 ./Core/Src/main.o
                0x200000ec                rxBuffer
 *fill*         0x20000112        0x2 
 .bss.map       0x20000114       0x10 ./Core/Src/main.o
                0x20000114                map
 .bss.mode      0x20000124        0x4 ./Core/Src/main.o
                0x20000124                mode
 .bss.t.0       0x20000128        0x1 ./Core/Src/ott2001a.o
 *fill*         0x20000129        0x3 
 .bss.hspi1     0x2000012c       0x58 ./Core/Src/spi.o
                0x2000012c                hspi1
 .bss.receiveState.2
                0x20000184        0x1 ./Core/Src/stm32f1xx_it.o
 *fill*         0x20000185        0x3 
 .bss.receivedPackage.1
                0x20000188       0x24 ./Core/Src/stm32f1xx_it.o
 .bss.dataCount.0
                0x200001ac        0x1 ./Core/Src/stm32f1xx_it.o
 *fill*         0x200001ad        0x3 
 .bss.__sbrk_heap_end
                0x200001b0        0x4 ./Core/Src/sysmem.o
 .bss.huart1    0x200001b4       0x44 ./Core/Src/usart.o
                0x200001b4                huart1
 .bss.huart2    0x200001f8       0x44 ./Core/Src/usart.o
                0x200001f8                huart2
 .bss.uwTick    0x2000023c        0x4 ./Drivers/STM32F1xx_HAL_Driver/Src/stm32f1xx_hal.o
                0x2000023c                uwTick
 .bss.__sf      0x20000240      0x138 D:/program_files/st/STM32CubeIDE_1.16.0/STM32CubeIDE/plugins/com.st.stm32cube.ide.mcu.externaltools.gnu-tools-for-stm32.12.3.rel1.win32_1.1.0.202410251130/tools/bin/../lib/gcc/arm-none-eabi/12.3.1/../../../../arm-none-eabi/lib/thumb/v7-m/nofp\libc_nano.a(libc_a-findfp.o)
                0x20000240                __sf
 .bss.__stdio_exit_handler
                0x20000378        0x4 D:/program_files/st/STM32CubeIDE_1.16.0/STM32CubeIDE/plugins/com.st.stm32cube.ide.mcu.externaltools.gnu-tools-for-stm32.12.3.rel1.win32_1.1.0.202410251130/tools/bin/../lib/gcc/arm-none-eabi/12.3.1/../../../../arm-none-eabi/lib/thumb/v7-m/nofp\libc_nano.a(libc_a-findfp.o)
                0x20000378                __stdio_exit_handler
 .bss.errno     0x2000037c        0x4 D:/program_files/st/STM32CubeIDE_1.16.0/STM32CubeIDE/plugins/com.st.stm32cube.ide.mcu.externaltools.gnu-tools-for-stm32.12.3.rel1.win32_1.1.0.202410251130/tools/bin/../lib/gcc/arm-none-eabi/12.3.1/../../../../arm-none-eabi/lib/thumb/v7-m/nofp\libc_nano.a(libc_a-reent.o)
                0x2000037c                errno
 .bss.__lock___malloc_recursive_mutex
                0x20000380        0x1 D:/program_files/st/STM32CubeIDE_1.16.0/STM32CubeIDE/plugins/com.st.stm32cube.ide.mcu.externaltools.gnu-tools-for-stm32.12.3.rel1.win32_1.1.0.202410251130/tools/bin/../lib/gcc/arm-none-eabi/12.3.1/../../../../arm-none-eabi/lib/thumb/v7-m/nofp\libc_nano.a(libc_a-lock.o)
                0x20000380                __lock___malloc_recursive_mutex
 .bss.__lock___sfp_recursive_mutex
                0x20000381        0x1 D:/program_files/st/STM32CubeIDE_1.16.0/STM32CubeIDE/plugins/com.st.stm32cube.ide.mcu.externaltools.gnu-tools-for-stm32.12.3.rel1.win32_1.1.0.202410251130/tools/bin/../lib/gcc/arm-none-eabi/12.3.1/../../../../arm-none-eabi/lib/thumb/v7-m/nofp\libc_nano.a(libc_a-lock.o)
                0x20000381                __lock___sfp_recursive_mutex
 *fill*         0x20000382        0x2 
 .bss.__malloc_sbrk_start
                0x20000384        0x4 D:/program_files/st/STM32CubeIDE_1.16.0/STM32CubeIDE/plugins/com.st.stm32cube.ide.mcu.externaltools.gnu-tools-for-stm32.12.3.rel1.win32_1.1.0.202410251130/tools/bin/../lib/gcc/arm-none-eabi/12.3.1/../../../../arm-none-eabi/lib/thumb/v7-m/nofp\libc_nano.a(libc_a-mallocr.o)
                0x20000384                __malloc_sbrk_start
 .bss.__malloc_free_list
                0x20000388        0x4 D:/program_files/st/STM32CubeIDE_1.16.0/STM32CubeIDE/plugins/com.st.stm32cube.ide.mcu.externaltools.gnu-tools-for-stm32.12.3.rel1.win32_1.1.0.202410251130/tools/bin/../lib/gcc/arm-none-eabi/12.3.1/../../../../arm-none-eabi/lib/thumb/v7-m/nofp\libc_nano.a(libc_a-mallocr.o)
                0x20000388                __malloc_free_list
 *(COMMON)
                0x2000038c                        . = ALIGN (0x4)
                0x2000038c                        _ebss = .
                0x2000038c                        __bss_end__ = _ebss

._user_heap_stack
                0x2000038c      0x604 load address 0x08027fa4
                0x20000390                        . = ALIGN (0x8)
 *fill*         0x2000038c        0x4 
                [!provide]                        PROVIDE (end = .)
                0x20000390                        PROVIDE (_end = .)
                0x20000590                        . = (. + _Min_Heap_Size)
 *fill*         0x20000390      0x200 
                0x20000990                        . = (. + _Min_Stack_Size)
 *fill*         0x20000590      0x400 
                0x20000990                        . = ALIGN (0x8)

/DISCARD/
 libc.a(*)
 libm.a(*)
 libgcc.a(*)

.ARM.attributes
                0x00000000       0x29
 *(.ARM.attributes)
 .ARM.attributes
                0x00000000       0x1d D:/program_files/st/STM32CubeIDE_1.16.0/STM32CubeIDE/plugins/com.st.stm32cube.ide.mcu.externaltools.gnu-tools-for-stm32.12.3.rel1.win32_1.1.0.202410251130/tools/bin/../lib/gcc/arm-none-eabi/12.3.1/thumb/v7-m/nofp/crti.o
 .ARM.attributes
                0x0000001d       0x2d D:/program_files/st/STM32CubeIDE_1.16.0/STM32CubeIDE/plugins/com.st.stm32cube.ide.mcu.externaltools.gnu-tools-for-stm32.12.3.rel1.win32_1.1.0.202410251130/tools/bin/../lib/gcc/arm-none-eabi/12.3.1/thumb/v7-m/nofp/crtbegin.o
 .ARM.attributes
                0x0000004a       0x2d ./Core/Src/24cxx.o
 .ARM.attributes
                0x00000077       0x2d ./Core/Src/bluetooth.o
 .ARM.attributes
                0x000000a4       0x2d ./Core/Src/ctiic.o
 .ARM.attributes
                0x000000d1       0x2d ./Core/Src/delay.o
 .ARM.attributes
                0x000000fe       0x2d ./Core/Src/ft5206.o
 .ARM.attributes
                0x0000012b       0x2d ./Core/Src/gpio.o
 .ARM.attributes
                0x00000158       0x2d ./Core/Src/gt9147.o
 .ARM.attributes
                0x00000185       0x2d ./Core/Src/key.o
 .ARM.attributes
                0x000001b2       0x2d ./Core/Src/lcd.o
 .ARM.attributes
                0x000001df       0x2d ./Core/Src/led.o
 .ARM.attributes
                0x0000020c       0x2d ./Core/Src/main.o
 .ARM.attributes
                0x00000239       0x2d ./Core/Src/myiic.o
 .ARM.attributes
                0x00000266       0x2d ./Core/Src/ott2001a.o
 .ARM.attributes
                0x00000293       0x2d ./Core/Src/spi.o
 .ARM.attributes
                0x000002c0       0x2d ./Core/Src/stm32f1xx_hal_msp.o
 .ARM.attributes
                0x000002ed       0x2d ./Core/Src/stm32f1xx_it.o
 .ARM.attributes
                0x0000031a       0x2d ./Core/Src/sys.o
 .ARM.attributes
                0x00000347       0x2d ./Core/Src/syscalls.o
 .ARM.attributes
                0x00000374       0x2d ./Core/Src/sysmem.o
 .ARM.attributes
                0x000003a1       0x2d ./Core/Src/system_stm32f1xx.o
 .ARM.attributes
                0x000003ce       0x2d ./Core/Src/touch.o
 .ARM.attributes
                0x000003fb       0x2d ./Core/Src/usart.o
 .ARM.attributes
                0x00000428       0x21 ./Core/Startup/startup_stm32f103rctx.o
 .ARM.attributes
                0x00000449       0x2d ./Drivers/STM32F1xx_HAL_Driver/Src/stm32f1xx_hal.o
 .ARM.attributes
                0x00000476       0x2d ./Drivers/STM32F1xx_HAL_Driver/Src/stm32f1xx_hal_cortex.o
 .ARM.attributes
                0x000004a3       0x2d ./Drivers/STM32F1xx_HAL_Driver/Src/stm32f1xx_hal_dma.o
 .ARM.attributes
                0x000004d0       0x2d ./Drivers/STM32F1xx_HAL_Driver/Src/stm32f1xx_hal_gpio.o
 .ARM.attributes
                0x000004fd       0x2d ./Drivers/STM32F1xx_HAL_Driver/Src/stm32f1xx_hal_rcc.o
 .ARM.attributes
                0x0000052a       0x2d ./Drivers/STM32F1xx_HAL_Driver/Src/stm32f1xx_hal_spi.o
 .ARM.attributes
                0x00000557       0x2d ./Drivers/STM32F1xx_HAL_Driver/Src/stm32f1xx_hal_uart.o
 .ARM.attributes
                0x00000584       0x2d D:/program_files/st/STM32CubeIDE_1.16.0/STM32CubeIDE/plugins/com.st.stm32cube.ide.mcu.externaltools.gnu-tools-for-stm32.12.3.rel1.win32_1.1.0.202410251130/tools/bin/../lib/gcc/arm-none-eabi/12.3.1/../../../../arm-none-eabi/lib/thumb/v7-m/nofp\libc_nano.a(libc_a-findfp.o)
 .ARM.attributes
                0x000005b1       0x2d D:/program_files/st/STM32CubeIDE_1.16.0/STM32CubeIDE/plugins/com.st.stm32cube.ide.mcu.externaltools.gnu-tools-for-stm32.12.3.rel1.win32_1.1.0.202410251130/tools/bin/../lib/gcc/arm-none-eabi/12.3.1/../../../../arm-none-eabi/lib/thumb/v7-m/nofp\libc_nano.a(libc_a-fwalk.o)
 .ARM.attributes
                0x000005de       0x2d D:/program_files/st/STM32CubeIDE_1.16.0/STM32CubeIDE/plugins/com.st.stm32cube.ide.mcu.externaltools.gnu-tools-for-stm32.12.3.rel1.win32_1.1.0.202410251130/tools/bin/../lib/gcc/arm-none-eabi/12.3.1/../../../../arm-none-eabi/lib/thumb/v7-m/nofp\libc_nano.a(libc_a-printf.o)
 .ARM.attributes
                0x0000060b       0x2d D:/program_files/st/STM32CubeIDE_1.16.0/STM32CubeIDE/plugins/com.st.stm32cube.ide.mcu.externaltools.gnu-tools-for-stm32.12.3.rel1.win32_1.1.0.202410251130/tools/bin/../lib/gcc/arm-none-eabi/12.3.1/../../../../arm-none-eabi/lib/thumb/v7-m/nofp\libc_nano.a(libc_a-sprintf.o)
 .ARM.attributes
                0x00000638       0x2d D:/program_files/st/STM32CubeIDE_1.16.0/STM32CubeIDE/plugins/com.st.stm32cube.ide.mcu.externaltools.gnu-tools-for-stm32.12.3.rel1.win32_1.1.0.202410251130/tools/bin/../lib/gcc/arm-none-eabi/12.3.1/../../../../arm-none-eabi/lib/thumb/v7-m/nofp\libc_nano.a(libc_a-stdio.o)
 .ARM.attributes
                0x00000665       0x2d D:/program_files/st/STM32CubeIDE_1.16.0/STM32CubeIDE/plugins/com.st.stm32cube.ide.mcu.externaltools.gnu-tools-for-stm32.12.3.rel1.win32_1.1.0.202410251130/tools/bin/../lib/gcc/arm-none-eabi/12.3.1/../../../../arm-none-eabi/lib/thumb/v7-m/nofp\libc_nano.a(libc_a-memset.o)
 .ARM.attributes
                0x00000692       0x2d D:/program_files/st/STM32CubeIDE_1.16.0/STM32CubeIDE/plugins/com.st.stm32cube.ide.mcu.externaltools.gnu-tools-for-stm32.12.3.rel1.win32_1.1.0.202410251130/tools/bin/../lib/gcc/arm-none-eabi/12.3.1/../../../../arm-none-eabi/lib/thumb/v7-m/nofp\libc_nano.a(libc_a-closer.o)
 .ARM.attributes
                0x000006bf       0x2d D:/program_files/st/STM32CubeIDE_1.16.0/STM32CubeIDE/plugins/com.st.stm32cube.ide.mcu.externaltools.gnu-tools-for-stm32.12.3.rel1.win32_1.1.0.202410251130/tools/bin/../lib/gcc/arm-none-eabi/12.3.1/../../../../arm-none-eabi/lib/thumb/v7-m/nofp\libc_nano.a(libc_a-reent.o)
 .ARM.attributes
                0x000006ec       0x2d D:/program_files/st/STM32CubeIDE_1.16.0/STM32CubeIDE/plugins/com.st.stm32cube.ide.mcu.externaltools.gnu-tools-for-stm32.12.3.rel1.win32_1.1.0.202410251130/tools/bin/../lib/gcc/arm-none-eabi/12.3.1/../../../../arm-none-eabi/lib/thumb/v7-m/nofp\libc_nano.a(libc_a-impure.o)
 .ARM.attributes
                0x00000719       0x2d D:/program_files/st/STM32CubeIDE_1.16.0/STM32CubeIDE/plugins/com.st.stm32cube.ide.mcu.externaltools.gnu-tools-for-stm32.12.3.rel1.win32_1.1.0.202410251130/tools/bin/../lib/gcc/arm-none-eabi/12.3.1/../../../../arm-none-eabi/lib/thumb/v7-m/nofp\libc_nano.a(libc_a-lseekr.o)
 .ARM.attributes
                0x00000746       0x2d D:/program_files/st/STM32CubeIDE_1.16.0/STM32CubeIDE/plugins/com.st.stm32cube.ide.mcu.externaltools.gnu-tools-for-stm32.12.3.rel1.win32_1.1.0.202410251130/tools/bin/../lib/gcc/arm-none-eabi/12.3.1/../../../../arm-none-eabi/lib/thumb/v7-m/nofp\libc_nano.a(libc_a-readr.o)
 .ARM.attributes
                0x00000773       0x2d D:/program_files/st/STM32CubeIDE_1.16.0/STM32CubeIDE/plugins/com.st.stm32cube.ide.mcu.externaltools.gnu-tools-for-stm32.12.3.rel1.win32_1.1.0.202410251130/tools/bin/../lib/gcc/arm-none-eabi/12.3.1/../../../../arm-none-eabi/lib/thumb/v7-m/nofp\libc_nano.a(libc_a-writer.o)
 .ARM.attributes
                0x000007a0       0x2d D:/program_files/st/STM32CubeIDE_1.16.0/STM32CubeIDE/plugins/com.st.stm32cube.ide.mcu.externaltools.gnu-tools-for-stm32.12.3.rel1.win32_1.1.0.202410251130/tools/bin/../lib/gcc/arm-none-eabi/12.3.1/../../../../arm-none-eabi/lib/thumb/v7-m/nofp\libc_nano.a(libc_a-errno.o)
 .ARM.attributes
                0x000007cd       0x2d D:/program_files/st/STM32CubeIDE_1.16.0/STM32CubeIDE/plugins/com.st.stm32cube.ide.mcu.externaltools.gnu-tools-for-stm32.12.3.rel1.win32_1.1.0.202410251130/tools/bin/../lib/gcc/arm-none-eabi/12.3.1/../../../../arm-none-eabi/lib/thumb/v7-m/nofp\libc_nano.a(libc_a-init.o)
 .ARM.attributes
                0x000007fa       0x2d D:/program_files/st/STM32CubeIDE_1.16.0/STM32CubeIDE/plugins/com.st.stm32cube.ide.mcu.externaltools.gnu-tools-for-stm32.12.3.rel1.win32_1.1.0.202410251130/tools/bin/../lib/gcc/arm-none-eabi/12.3.1/../../../../arm-none-eabi/lib/thumb/v7-m/nofp\libc_nano.a(libc_a-lock.o)
 .ARM.attributes
                0x00000827       0x1b D:/program_files/st/STM32CubeIDE_1.16.0/STM32CubeIDE/plugins/com.st.stm32cube.ide.mcu.externaltools.gnu-tools-for-stm32.12.3.rel1.win32_1.1.0.202410251130/tools/bin/../lib/gcc/arm-none-eabi/12.3.1/../../../../arm-none-eabi/lib/thumb/v7-m/nofp\libc_nano.a(libc_a-strcmp.o)
 .ARM.attributes
                0x00000842       0x2d D:/program_files/st/STM32CubeIDE_1.16.0/STM32CubeIDE/plugins/com.st.stm32cube.ide.mcu.externaltools.gnu-tools-for-stm32.12.3.rel1.win32_1.1.0.202410251130/tools/bin/../lib/gcc/arm-none-eabi/12.3.1/../../../../arm-none-eabi/lib/thumb/v7-m/nofp\libc_nano.a(libc_a-memcpy-stub.o)
 .ARM.attributes
                0x0000086f       0x2d D:/program_files/st/STM32CubeIDE_1.16.0/STM32CubeIDE/plugins/com.st.stm32cube.ide.mcu.externaltools.gnu-tools-for-stm32.12.3.rel1.win32_1.1.0.202410251130/tools/bin/../lib/gcc/arm-none-eabi/12.3.1/../../../../arm-none-eabi/lib/thumb/v7-m/nofp\libc_nano.a(libc_a-freer.o)
 .ARM.attributes
                0x0000089c       0x2d D:/program_files/st/STM32CubeIDE_1.16.0/STM32CubeIDE/plugins/com.st.stm32cube.ide.mcu.externaltools.gnu-tools-for-stm32.12.3.rel1.win32_1.1.0.202410251130/tools/bin/../lib/gcc/arm-none-eabi/12.3.1/../../../../arm-none-eabi/lib/thumb/v7-m/nofp\libc_nano.a(libc_a-mallocr.o)
 .ARM.attributes
                0x000008c9       0x2d D:/program_files/st/STM32CubeIDE_1.16.0/STM32CubeIDE/plugins/com.st.stm32cube.ide.mcu.externaltools.gnu-tools-for-stm32.12.3.rel1.win32_1.1.0.202410251130/tools/bin/../lib/gcc/arm-none-eabi/12.3.1/../../../../arm-none-eabi/lib/thumb/v7-m/nofp\libc_nano.a(libc_a-mlock.o)
 .ARM.attributes
                0x000008f6       0x2d D:/program_files/st/STM32CubeIDE_1.16.0/STM32CubeIDE/plugins/com.st.stm32cube.ide.mcu.externaltools.gnu-tools-for-stm32.12.3.rel1.win32_1.1.0.202410251130/tools/bin/../lib/gcc/arm-none-eabi/12.3.1/../../../../arm-none-eabi/lib/thumb/v7-m/nofp\libc_nano.a(libc_a-nano-svfprintf.o)
 .ARM.attributes
                0x00000923       0x2d D:/program_files/st/STM32CubeIDE_1.16.0/STM32CubeIDE/plugins/com.st.stm32cube.ide.mcu.externaltools.gnu-tools-for-stm32.12.3.rel1.win32_1.1.0.202410251130/tools/bin/../lib/gcc/arm-none-eabi/12.3.1/../../../../arm-none-eabi/lib/thumb/v7-m/nofp\libc_nano.a(libc_a-nano-vfprintf.o)
 .ARM.attributes
                0x00000950       0x2d D:/program_files/st/STM32CubeIDE_1.16.0/STM32CubeIDE/plugins/com.st.stm32cube.ide.mcu.externaltools.gnu-tools-for-stm32.12.3.rel1.win32_1.1.0.202410251130/tools/bin/../lib/gcc/arm-none-eabi/12.3.1/../../../../arm-none-eabi/lib/thumb/v7-m/nofp\libc_nano.a(libc_a-nano-vfprintf_i.o)
 .ARM.attributes
                0x0000097d       0x2d D:/program_files/st/STM32CubeIDE_1.16.0/STM32CubeIDE/plugins/com.st.stm32cube.ide.mcu.externaltools.gnu-tools-for-stm32.12.3.rel1.win32_1.1.0.202410251130/tools/bin/../lib/gcc/arm-none-eabi/12.3.1/../../../../arm-none-eabi/lib/thumb/v7-m/nofp\libc_nano.a(libc_a-fflush.o)
 .ARM.attributes
                0x000009aa       0x2d D:/program_files/st/STM32CubeIDE_1.16.0/STM32CubeIDE/plugins/com.st.stm32cube.ide.mcu.externaltools.gnu-tools-for-stm32.12.3.rel1.win32_1.1.0.202410251130/tools/bin/../lib/gcc/arm-none-eabi/12.3.1/../../../../arm-none-eabi/lib/thumb/v7-m/nofp\libc_nano.a(libc_a-wbuf.o)
 .ARM.attributes
                0x000009d7       0x2d D:/program_files/st/STM32CubeIDE_1.16.0/STM32CubeIDE/plugins/com.st.stm32cube.ide.mcu.externaltools.gnu-tools-for-stm32.12.3.rel1.win32_1.1.0.202410251130/tools/bin/../lib/gcc/arm-none-eabi/12.3.1/../../../../arm-none-eabi/lib/thumb/v7-m/nofp\libc_nano.a(libc_a-wsetup.o)
 .ARM.attributes
                0x00000a04       0x2d D:/program_files/st/STM32CubeIDE_1.16.0/STM32CubeIDE/plugins/com.st.stm32cube.ide.mcu.externaltools.gnu-tools-for-stm32.12.3.rel1.win32_1.1.0.202410251130/tools/bin/../lib/gcc/arm-none-eabi/12.3.1/../../../../arm-none-eabi/lib/thumb/v7-m/nofp\libc_nano.a(libc_a-memmove.o)
 .ARM.attributes
                0x00000a31       0x2d D:/program_files/st/STM32CubeIDE_1.16.0/STM32CubeIDE/plugins/com.st.stm32cube.ide.mcu.externaltools.gnu-tools-for-stm32.12.3.rel1.win32_1.1.0.202410251130/tools/bin/../lib/gcc/arm-none-eabi/12.3.1/../../../../arm-none-eabi/lib/thumb/v7-m/nofp\libc_nano.a(libc_a-sbrkr.o)
 .ARM.attributes
                0x00000a5e       0x2d D:/program_files/st/STM32CubeIDE_1.16.0/STM32CubeIDE/plugins/com.st.stm32cube.ide.mcu.externaltools.gnu-tools-for-stm32.12.3.rel1.win32_1.1.0.202410251130/tools/bin/../lib/gcc/arm-none-eabi/12.3.1/../../../../arm-none-eabi/lib/thumb/v7-m/nofp\libc_nano.a(libc_a-memchr-stub.o)
 .ARM.attributes
                0x00000a8b       0x2d D:/program_files/st/STM32CubeIDE_1.16.0/STM32CubeIDE/plugins/com.st.stm32cube.ide.mcu.externaltools.gnu-tools-for-stm32.12.3.rel1.win32_1.1.0.202410251130/tools/bin/../lib/gcc/arm-none-eabi/12.3.1/../../../../arm-none-eabi/lib/thumb/v7-m/nofp\libc_nano.a(libc_a-reallocr.o)
 .ARM.attributes
                0x00000ab8       0x2d D:/program_files/st/STM32CubeIDE_1.16.0/STM32CubeIDE/plugins/com.st.stm32cube.ide.mcu.externaltools.gnu-tools-for-stm32.12.3.rel1.win32_1.1.0.202410251130/tools/bin/../lib/gcc/arm-none-eabi/12.3.1/../../../../arm-none-eabi/lib/thumb/v7-m/nofp\libc_nano.a(libc_a-makebuf.o)
 .ARM.attributes
                0x00000ae5       0x2d D:/program_files/st/STM32CubeIDE_1.16.0/STM32CubeIDE/plugins/com.st.stm32cube.ide.mcu.externaltools.gnu-tools-for-stm32.12.3.rel1.win32_1.1.0.202410251130/tools/bin/../lib/gcc/arm-none-eabi/12.3.1/../../../../arm-none-eabi/lib/thumb/v7-m/nofp\libc_nano.a(libc_a-fstatr.o)
 .ARM.attributes
                0x00000b12       0x2d D:/program_files/st/STM32CubeIDE_1.16.0/STM32CubeIDE/plugins/com.st.stm32cube.ide.mcu.externaltools.gnu-tools-for-stm32.12.3.rel1.win32_1.1.0.202410251130/tools/bin/../lib/gcc/arm-none-eabi/12.3.1/../../../../arm-none-eabi/lib/thumb/v7-m/nofp\libc_nano.a(libc_a-isattyr.o)
 .ARM.attributes
                0x00000b3f       0x2d D:/program_files/st/STM32CubeIDE_1.16.0/STM32CubeIDE/plugins/com.st.stm32cube.ide.mcu.externaltools.gnu-tools-for-stm32.12.3.rel1.win32_1.1.0.202410251130/tools/bin/../lib/gcc/arm-none-eabi/12.3.1/../../../../arm-none-eabi/lib/thumb/v7-m/nofp\libc_nano.a(libc_a-msizer.o)
 .ARM.attributes
                0x00000b6c       0x2d D:/program_files/st/STM32CubeIDE_1.16.0/STM32CubeIDE/plugins/com.st.stm32cube.ide.mcu.externaltools.gnu-tools-for-stm32.12.3.rel1.win32_1.1.0.202410251130/tools/bin/../lib/gcc/arm-none-eabi/12.3.1/../../../../arm-none-eabi/lib/thumb/v7-m/nofp\libm.a(libm_a-w_sqrt.o)
 .ARM.attributes
                0x00000b99       0x2d D:/program_files/st/STM32CubeIDE_1.16.0/STM32CubeIDE/plugins/com.st.stm32cube.ide.mcu.externaltools.gnu-tools-for-stm32.12.3.rel1.win32_1.1.0.202410251130/tools/bin/../lib/gcc/arm-none-eabi/12.3.1/../../../../arm-none-eabi/lib/thumb/v7-m/nofp\libm.a(libm_a-e_sqrt.o)
 .ARM.attributes
                0x00000bc6       0x1d D:/program_files/st/STM32CubeIDE_1.16.0/STM32CubeIDE/plugins/com.st.stm32cube.ide.mcu.externaltools.gnu-tools-for-stm32.12.3.rel1.win32_1.1.0.202410251130/tools/bin/../lib/gcc/arm-none-eabi/12.3.1/thumb/v7-m/nofp\libgcc.a(_arm_addsubdf3.o)
 .ARM.attributes