Archive member included to satisfy reference by file (symbol)

D:/program_files/st/STM32CubeIDE_1.16.0/STM32CubeIDE/plugins/com.st.stm32cube.ide.mcu.externaltools.gnu-tools-for-stm32.12.3.rel1.win32_1.1.0.202410251130/tools/bin/../lib/gcc/arm-none-eabi/12.3.1/../../../../arm-none-eabi/lib/thumb/v7-m/nofp\libc_nano.a(libc_a-exit.o)
                              D:/program_files/st/STM32CubeIDE_1.16.0/STM32CubeIDE/plugins/com.st.stm32cube.ide.mcu.externaltools.gnu-tools-for-stm32.12.3.rel1.win32_1.1.0.202410251130/tools/bin/../lib/gcc/arm-none-eabi/12.3.1/../../../../arm-none-eabi/lib/thumb/v7-m/nofp/crt0.o (exit)
D:/program_files/st/STM32CubeIDE_1.16.0/STM32CubeIDE/plugins/com.st.stm32cube.ide.mcu.externaltools.gnu-tools-for-stm32.12.3.rel1.win32_1.1.0.202410251130/tools/bin/../lib/gcc/arm-none-eabi/12.3.1/../../../../arm-none-eabi/lib/thumb/v7-m/nofp\libc_nano.a(libc_a-findfp.o)
                              D:/program_files/st/STM32CubeIDE_1.16.0/STM32CubeIDE/plugins/com.st.stm32cube.ide.mcu.externaltools.gnu-tools-for-stm32.12.3.rel1.win32_1.1.0.202410251130/tools/bin/../lib/gcc/arm-none-eabi/12.3.1/../../../../arm-none-eabi/lib/thumb/v7-m/nofp\libc_nano.a(libc_a-exit.o) (__stdio_exit_handler)
D:/program_files/st/STM32CubeIDE_1.16.0/STM32CubeIDE/plugins/com.st.stm32cube.ide.mcu.externaltools.gnu-tools-for-stm32.12.3.rel1.win32_1.1.0.202410251130/tools/bin/../lib/gcc/arm-none-eabi/12.3.1/../../../../arm-none-eabi/lib/thumb/v7-m/nofp\libc_nano.a(libc_a-fwalk.o)
                              D:/program_files/st/STM32CubeIDE_1.16.0/STM32CubeIDE/plugins/com.st.stm32cube.ide.mcu.externaltools.gnu-tools-for-stm32.12.3.rel1.win32_1.1.0.202410251130/tools/bin/../lib/gcc/arm-none-eabi/12.3.1/../../../../arm-none-eabi/lib/thumb/v7-m/nofp\libc_nano.a(libc_a-findfp.o) (_fwalk_sglue)
D:/program_files/st/STM32CubeIDE_1.16.0/STM32CubeIDE/plugins/com.st.stm32cube.ide.mcu.externaltools.gnu-tools-for-stm32.12.3.rel1.win32_1.1.0.202410251130/tools/bin/../lib/gcc/arm-none-eabi/12.3.1/../../../../arm-none-eabi/lib/thumb/v7-m/nofp\libc_nano.a(libc_a-printf.o)
                              ./Core/Src/ft5206.o (printf)
D:/program_files/st/STM32CubeIDE_1.16.0/STM32CubeIDE/plugins/com.st.stm32cube.ide.mcu.externaltools.gnu-tools-for-stm32.12.3.rel1.win32_1.1.0.202410251130/tools/bin/../lib/gcc/arm-none-eabi/12.3.1/../../../../arm-none-eabi/lib/thumb/v7-m/nofp\libc_nano.a(libc_a-sprintf.o)
                              ./Core/Src/bluetooth.o (sprintf)
D:/program_files/st/STM32CubeIDE_1.16.0/STM32CubeIDE/plugins/com.st.stm32cube.ide.mcu.externaltools.gnu-tools-for-stm32.12.3.rel1.win32_1.1.0.202410251130/tools/bin/../lib/gcc/arm-none-eabi/12.3.1/../../../../arm-none-eabi/lib/thumb/v7-m/nofp\libc_nano.a(libc_a-stdio.o)
                              D:/program_files/st/STM32CubeIDE_1.16.0/STM32CubeIDE/plugins/com.st.stm32cube.ide.mcu.externaltools.gnu-tools-for-stm32.12.3.rel1.win32_1.1.0.202410251130/tools/bin/../lib/gcc/arm-none-eabi/12.3.1/../../../../arm-none-eabi/lib/thumb/v7-m/nofp\libc_nano.a(libc_a-findfp.o) (__sread)
D:/program_files/st/STM32CubeIDE_1.16.0/STM32CubeIDE/plugins/com.st.stm32cube.ide.mcu.externaltools.gnu-tools-for-stm32.12.3.rel1.win32_1.1.0.202410251130/tools/bin/../lib/gcc/arm-none-eabi/12.3.1/../../../../arm-none-eabi/lib/thumb/v7-m/nofp\libc_nano.a(libc_a-memset.o)
                              D:/program_files/st/STM32CubeIDE_1.16.0/STM32CubeIDE/plugins/com.st.stm32cube.ide.mcu.externaltools.gnu-tools-for-stm32.12.3.rel1.win32_1.1.0.202410251130/tools/bin/../lib/gcc/arm-none-eabi/12.3.1/../../../../arm-none-eabi/lib/thumb/v7-m/nofp/crt0.o (memset)
D:/program_files/st/STM32CubeIDE_1.16.0/STM32CubeIDE/plugins/com.st.stm32cube.ide.mcu.externaltools.gnu-tools-for-stm32.12.3.rel1.win32_1.1.0.202410251130/tools/bin/../lib/gcc/arm-none-eabi/12.3.1/../../../../arm-none-eabi/lib/thumb/v7-m/nofp\libc_nano.a(libc_a-closer.o)
                              D:/program_files/st/STM32CubeIDE_1.16.0/STM32CubeIDE/plugins/com.st.stm32cube.ide.mcu.externaltools.gnu-tools-for-stm32.12.3.rel1.win32_1.1.0.202410251130/tools/bin/../lib/gcc/arm-none-eabi/12.3.1/../../../../arm-none-eabi/lib/thumb/v7-m/nofp\libc_nano.a(libc_a-stdio.o) (_close_r)
D:/program_files/st/STM32CubeIDE_1.16.0/STM32CubeIDE/plugins/com.st.stm32cube.ide.mcu.externaltools.gnu-tools-for-stm32.12.3.rel1.win32_1.1.0.202410251130/tools/bin/../lib/gcc/arm-none-eabi/12.3.1/../../../../arm-none-eabi/lib/thumb/v7-m/nofp\libc_nano.a(libc_a-reent.o)
                              D:/program_files/st/STM32CubeIDE_1.16.0/STM32CubeIDE/plugins/com.st.stm32cube.ide.mcu.externaltools.gnu-tools-for-stm32.12.3.rel1.win32_1.1.0.202410251130/tools/bin/../lib/gcc/arm-none-eabi/12.3.1/../../../../arm-none-eabi/lib/thumb/v7-m/nofp\libc_nano.a(libc_a-closer.o) (errno)
[...]
Memory Configuration

Name             Origin             Length             Attributes
RAM              0x20000000         0x0000c000         xrw
FLASH            0x08000000         0x00040000         xr
*default*        0x00000000         0xffffffff

Linker script and memory map

LOAD D:/program_files/st/STM32CubeIDE_1.16.0/STM32CubeIDE/plugins/com.st.stm32cube.ide.mcu.externaltools.gnu-tools-for-stm32.12.3.rel1.win32_1.1.0.202410251130/tools/bin/../lib/gcc/arm-none-eabi/12.3.1/thumb/v7-m/nofp/crti.o
LOAD D:/program_files/st/STM32CubeIDE_1.16.0/STM32CubeIDE/plugins/com.st.stm32cube.ide.mcu.externaltools.gnu-tools-for-stm32.12.3.rel1.win32_1.1.0.202410251130/tools/bin/../lib/gcc/arm-none-eabi/12.3.1/thumb/v7-m/nofp/crtbegin.o
LOAD D:/program_files/st/STM32CubeIDE_1.16.0/STM32CubeIDE/plugins/com.st.stm32cube.ide.mcu.externaltools.gnu-tools-for-stm32.12.3.rel1.win32_1.1.0.202410251130/tools/bin/../lib/gcc/arm-none-eabi/12.3.1/../../../../arm-none-eabi/lib/thumb/v7-m/nofp/crt0.o
LOAD ./Core/Src/24cxx.o
LOAD ./Core/Src/24l01.o
LOAD ./Core/Src/bluetooth.o
LOAD ./Core/Src/ctiic.o
LOAD ./Core/Src/delay.o
LOAD ./Core/Src/ft5206.o
LOAD ./Core/Src/gpio.o
LOAD ./Core/Src/gt9147.o
LOAD ./Core/Src/key.o
LOAD ./Core/Src/lcd.o
LOAD ./Core/Src/led.o
LOAD ./Core/Src/main.o
LOAD ./Core/Src/myiic.o
LOAD ./Core/Src/ott2001a.o
LOAD ./Core/Src/spi.o
LOAD ./Core/Src/stm32f1xx_hal_msp.o
LOAD ./Core/Src/stm32f1xx_it.o
LOAD ./Core/Src/sys.o
LOAD ./Core/Src/syscalls.o
LOAD ./Core/Src/sysmem.o
LOAD ./Core/Src/system_stm32f1xx.o
LOAD ./Core/Src/touch.o
LOAD ./Core/Src/usart.o
LOAD ./Core/Startup/startup_stm32f103rctx.o
LOAD ./Drivers/STM32F1xx_HAL_Driver/Src/stm32f1xx_hal.o
LOAD ./Drivers/STM32F1xx_HAL_Driver/Src/stm32f1xx_hal_cortex.o
LOAD ./Drivers/STM32F1xx_HAL_Driver/Src/stm32f1xx_hal_dma.o
LOAD ./Drivers/STM32F1xx_HAL_Driver/Src/stm32f1xx_hal_exti.o
LOAD ./Drivers/STM32F1xx_HAL_Driver/Src/stm32f1xx_hal_flash.o
LOAD ./Drivers/STM32F1xx_HAL_Driver/Src/stm32f1xx_hal_flash_ex.o
LOAD ./Drivers/STM32F1xx_HAL_Driver/Src/stm32f1xx_hal_gpio.o
LOAD ./Drivers/STM32F1xx_HAL_Driver/Src/stm32f1xx_hal_gpio_ex.o
LOAD ./Drivers/STM32F1xx_HAL_Driver/Src/stm32f1xx_hal_pwr.o
LOAD ./Drivers/STM32F1xx_HAL_Driver/Src/stm32f1xx_hal_rcc.o
LOAD ./Drivers/STM32F1xx_HAL_Driver/Src/stm32f1xx_hal_rcc_ex.o
LOAD ./Drivers/STM32F1xx_HAL_Driver/Src/stm32f1xx_hal_spi.o
LOAD ./Drivers/STM32F1xx_HAL_Driver/Src/stm32f1xx_hal_tim.o
LOAD ./Drivers/STM32F1xx_HAL_Driver/Src/stm32f1xx_hal_tim_ex.o
LOAD ./Drivers/STM32F1xx_HAL_Driver/Src/stm32f1xx_hal_uart.o
START GROUP
LOAD D:/program_files/st/STM32CubeIDE_1.16.0/STM32CubeIDE/plugins/com.st.stm32cube.ide.mcu.externaltools.gnu-tools-for-stm32.12.3.rel1.win32_1.1.0.202410251130/tools/bin/../lib/gcc/arm-none-eabi/12.3.1/../../../../arm-none-eabi/lib/thumb/v7-m/nofp\libc_nano.a
LOAD D:/program_files/st/STM32CubeIDE_1.16.0/STM32CubeIDE/plugins/com.st.stm32cube.ide.mcu.externaltools.gnu-tools-for-stm32.12.3.rel1.win32_1.1.0.202410251130/tools/bin/../lib/gcc/arm-none-eabi/12.3.1/../../../../arm-none-eabi/lib/thumb/v7-m/nofp\libm.a
END GROUP
START GROUP
LOAD D:/program_files/st/STM32CubeIDE_1.16.0/STM32CubeIDE/plugins/com.st.stm32cube.ide.mcu.externaltools.gnu-tools-for-stm32.12.3.rel1.win32_1.1.0.202410251130/tools/bin/../lib/gcc/arm-none-eabi/12.3.1/thumb/v7-m/nofp\libgcc.a
LOAD D:/program_files/st/STM32CubeIDE_1.16.0/STM32CubeIDE/plugins/com.st.stm32cube.ide.mcu.externaltools.gnu-tools-for-stm32.12.3.rel1.win32_1.1.0.202410251130/tools/bin/../lib/gcc/arm-none-eabi/12.3.1/../../../../arm-none-eabi/lib/thumb/v7-m/nofp\libc_nano.a
END GROUP
START GROUP
LOAD D:/program_files/st/STM32CubeIDE_1.16.0/STM32CubeIDE/plugins/com.st.stm32cube.ide.mcu.externaltools.gnu-tools-for-stm32.12.3.rel1.win32_1.1.0.202410251130/tools/bin/../lib/gcc/arm-none-eabi/12.3.1/thumb/v7-m/nofp\libgcc.a
LOAD D:/program_files/st/STM32CubeIDE_1.16.0/STM32CubeIDE/plugins/com.st.stm32cube.ide.mcu.externaltools.gnu-tools-for-stm32.12.3.rel1.win32_1.1.0.202410251130/tools/bin/../lib/gcc/arm-none-eabi/12.3.1/../../../../arm-none-eabi/lib/thumb/v7-m/nofp\libc_nano.a
LOAD D:/program_files/st/STM32CubeIDE_1.16.0/STM32CubeIDE/plugins/com.st.stm32cube.ide.mcu.externaltools.gnu-tools-for-stm32.12.3.rel1.win32_1.1.0.202410251130/tools/bin/../lib/gcc/arm-none-eabi/12.3.1/../../../../arm-none-eabi/lib/thumb/v7-m/nofp\libnosys.a
END GROUP
START GROUP
LOAD D:/program_files/st/STM32CubeIDE_1.16.0/STM32CubeIDE/plugins/com.st.stm32cube.ide.mcu.externaltools.gnu-tools-for-stm32.12.3.rel1.win32_1.1.0.202410251130/tools/bin/../lib/gcc/arm-none-eabi/12.3.1/thumb/v7-m/nofp\libgcc.a
LOAD D:/program_files/st/STM32CubeIDE_1.16.0/STM32CubeIDE/plugins/com.st.stm32cube.ide.mcu.externaltools.gnu-tools-for-stm32.12.3.rel1.win32_1.1.0.202410251130/tools/bin/../lib/gcc/arm-none-eabi/12.3.1/../../../../arm-none-eabi/lib/thumb/v7-m/nofp\libc_nano.a
LOAD D:/program_files/st/STM32CubeIDE_1.16.0/STM32CubeIDE/plugins/com.st.stm32cube.ide.mcu.externaltools.gnu-tools-for-stm32.12.3.rel1.win32_1.1.0.202410251130/tools/bin/../lib/gcc/arm-none-eabi/12.3.1/../../../../arm-none-eabi/lib/thumb/v7-m/nofp\libnosys.a
END GROUP
LOAD D:/program_files/st/STM32CubeIDE_1.16.0/STM32CubeIDE/plugins/com.st.stm32cube.ide.mcu.externaltools.gnu-tools-for-stm32.12.3.rel1.win32_1.1.0.202410251130/tools/bin/../lib/gcc/arm-none-eabi/12.3.1/thumb/v7-m/nofp/crtend.o
LOAD D:/program_files/st/STM32CubeIDE_1.16.0/STM32CubeIDE/plugins/com.st.stm32cube.ide.mcu.externaltools.gnu-tools-for-stm32.12.3.rel1.win32_1.1.0.202410251130/tools/bin/../lib/gcc/arm-none-eabi/12.3.1/thumb/v7-m/nofp/crtn.o
                0x2000c000                        _estack = (ORIGIN (RAM) + LENGTH (RAM))
                0x00000200                        _Min_Heap_Size = 0x200
                0x00000400                        _Min_Stack_Size = 0x400

.isr_vector     0x08000000      0x1e4
                0x08000000                        . = ALIGN (0x4)
 *(.isr_vector)
 .isr_vector    0x08000000      0x1e4 ./Core/Startup/startup_stm32f103rctx.o
                0x08000000                g_pfnVectors
                0x080001e4                        . = ALIGN (0x4)

.text           0x080001e8     0xd050
                0x080001e8                        . = ALIGN (0x4)
 *(.text)
 .text          0x080001e8       0x40 D:/program_files/st/STM32CubeIDE_1.16.0/STM32CubeIDE/plugins/com.st.stm32cube.ide.mcu.externaltools.gnu-tools-for-stm32.12.3.rel1.win32_1.1.0.202410251130/tools/bin/../lib/gcc/arm-none-eabi/12.3.1/thumb/v7-m/nofp/crtbegin.o
 .text          0x08000228       0x14 D:/program_files/st/STM32CubeIDE_1.16.0/STM32CubeIDE/plugins/com.st.stm32cube.ide.mcu.externaltools.gnu-tools-for-stm32.12.3.rel1.win32_1.1.0.202410251130/tools/bin/../lib/gcc/arm-none-eabi/12.3.1/../../../../arm-none-eabi/lib/thumb/v7-m/nofp\libc_nano.a(libc_a-strcmp.o)
                0x08000228                strcmp
 .text          0x0800023c      0x378 D:/program_files/st/STM32CubeIDE_1.16.0/STM32CubeIDE/plugins/com.st.stm32cube.ide.mcu.externaltools.gnu-tools-for-stm32.12.3.rel1.win32_1.1.0.202410251130/tools/bin/../lib/gcc/arm-none-eabi/12.3.1/thumb/v7-m/nofp\libgcc.a(_arm_addsubdf3.o)
                0x0800023c                __aeabi_drsub
                0x08000244                __aeabi_dsub
                0x08000244                __subdf3
                0x08000248                __aeabi_dadd
                0x08000248                __adddf3
                0x080004c0                __floatunsidf
                0x080004c0                __aeabi_ui2d
                0x080004e0                __floatsidf
                0x080004e0                __aeabi_i2d
                0x08000504                __aeabi_f2d
                0x08000504                __extendsfdf2
                0x08000548                __floatundidf
                0x08000548                __aeabi_ul2d
                0x08000558                __floatdidf
                0x08000558                __aeabi_l2d
 .text          0x080005b4      0x424 D:/program_files/st/STM32CubeIDE_1.16.0/STM32CubeIDE/plugins/com.st.stm32cube.ide.mcu.externaltools.gnu-tools-for-stm32.12.3.rel1.win32_1.1.0.202410251130/tools/bin/../lib/gcc/arm-none-eabi/12.3.1/thumb/v7-m/nofp\libgcc.a(_arm_muldivdf3.o)
                0x080005b4                __aeabi_dmul
                0x080005b4                __muldf3
                0x08000808                __divdf3
                0x08000808                __aeabi_ddiv
 .text          0x080009d8      0x110 D:/program_files/st/STM32CubeIDE_1.16.0/STM32CubeIDE/plugins/com.st.stm32cube.ide.mcu.externaltools.gnu-tools-for-stm32.12.3.rel1.win32_1.1.0.202410251130/tools/bin/../lib/gcc/arm-none-eabi/12.3.1/thumb/v7-m/nofp\libgcc.a(_arm_cmpdf2.o)
                0x080009d8                __gtdf2
                0x080009d8                __gedf2
                0x080009e0                __ltdf2
                0x080009e0                __ledf2
                0x080009e8                __nedf2
                0x080009e8                __eqdf2
                0x080009e8                __cmpdf2
                0x08000a64                __aeabi_cdrcmple
                0x08000a74                __aeabi_cdcmpeq
                0x08000a74                __aeabi_cdcmple
                0x08000a84                __aeabi_dcmpeq
                0x08000a98                __aeabi_dcmplt
                0x08000aac                __aeabi_dcmple
                0x08000ac0                __aeabi_dcmpge
                0x08000ad4                __aeabi_dcmpgt
 .text          0x08000ae8       0x2c D:/program_files/st/STM32CubeIDE_1.16.0/STM32CubeIDE/plugins/com.st.stm32cube.ide.mcu.externaltools.gnu-tools-for-stm32.12.3.rel1.win32_1.1.0.202410251130/tools/bin/../lib/gcc/arm-none-eabi/12.3.1/thumb/v7-m/nofp\libgcc.a(_arm_unorddf2.o)
                0x08000ae8                __unorddf2
                0x08000ae8                __aeabi_dcmpun
 .text          0x08000b14       0x40 D:/program_files/st/STM32CubeIDE_1.16.0/STM32CubeIDE/plugins/com.st.stm32cube.ide.mcu.externaltools.gnu-tools-for-stm32.12.3.rel1.win32_1.1.0.202410251130/tools/bin/../lib/gcc/arm-none-eabi/12.3.1/thumb/v7-m/nofp\libgcc.a(_arm_fixunsdfsi.o)
                0x08000b14                __aeabi_d2uiz
                0x08000b14                __fixunsdfsi
 .text          0x08000b54      0x21c D:/program_files/st/STM32CubeIDE_1.16.0/STM32CubeIDE/plugins/com.st.stm32cube.ide.mcu.externaltools.gnu-tools-for-stm32.12.3.rel1.win32_1.1.0.202410251130/tools/bin/../lib/gcc/arm-none-eabi/12.3.1/thumb/v7-m/nofp\libgcc.a(_arm_addsubsf3.o)
                0x08000b54                __aeabi_frsub
                0x08000b5c                __subsf3
                0x08000b5c                __aeabi_fsub
                0x08000b60                __aeabi_fadd
                0x08000b60                __addsf3
                0x08000cc0                __aeabi_ui2f
                0x08000cc0                __floatunsisf
                0x08000cc8                __aeabi_i2f
                0x08000cc8                __floatsisf
                0x08000ce4                __aeabi_ul2f
                0x08000ce4                __floatundisf
                0x08000cf4                __aeabi_l2f
                0x08000cf4                __floatdisf
 .text          0x08000d70      0x2a0 D:/program_files/st/STM32CubeIDE_1.16.0/STM32CubeIDE/plugins/com.st.stm32cube.ide.mcu.externaltools.gnu-tools-for-stm32.12.3.rel1.win32_1.1.0.202410251130/tools/bin/../lib/gcc/arm-none-eabi/12.3.1/thumb/v7-m/nofp\libgcc.a(_arm_muldivsf3.o)
                0x08000d70                __mulsf3
                0x08000d70                __aeabi_fmul
                0x08000ed8                __aeabi_fdiv
                0x08000ed8                __divsf3
 .text          0x08001010       0xec D:/program_files/st/STM32CubeIDE_1.16.0/STM32CubeIDE/plugins/com.st.stm32cube.ide.mcu.externaltools.gnu-tools-for-stm32.12.3.rel1.win32_1.1.0.202410251130/tools/bin/../lib/gcc/arm-none-eabi/12.3.1/thumb/v7-m/nofp\libgcc.a(_arm_cmpsf2.o)
                0x08001010                __gesf2
                0x08001010                __gtsf2
                0x08001018                __lesf2
                0x08001018                __ltsf2
                0x08001020                __nesf2
                0x08001020                __eqsf2
                0x08001020                __cmpsf2
                0x08001080                __aeabi_cfrcmple
                0x08001088                __aeabi_cfcmpeq
                0x08001088                __aeabi_cfcmple
                0x08001098                __aeabi_fcmpeq
                0x080010ac                __aeabi_fcmplt
                0x080010c0                __aeabi_fcmple
                0x080010d4                __aeabi_fcmpge
                0x080010e8                __aeabi_fcmpgt
 .text          0x080010fc       0x2c D:/program_files/st/STM32CubeIDE_1.16.0/STM32CubeIDE/plugins/com.st.stm32cube.ide.mcu.externaltools.gnu-tools-for-stm32.12.3.rel1.win32_1.1.0.202410251130/tools/bin/../lib/gcc/arm-none-eabi/12.3.1/thumb/v7-m/nofp\libgcc.a(_arm_unordsf2.o)
                0x080010fc                __unordsf2
                0x080010fc                __aeabi_fcmpun
 .text          0x08001128       0x4c D:/program_files/st/STM32CubeIDE_1.16.0/STM32CubeIDE/plugins/com.st.stm32cube.ide.mcu.externaltools.gnu-tools-for-stm32.12.3.rel1.win32_1.1.0.202410251130/tools/bin/../lib/gcc/arm-none-eabi/12.3.1/thumb/v7-m/nofp\libgcc.a(_arm_fixsfsi.o)
                0x08001128                __aeabi_f2iz
                0x08001128                __fixsfsi
 .text          0x08001174       0x40 D:/program_files/st/STM32CubeIDE_1.16.0/STM32CubeIDE/plugins/com.st.stm32cube.ide.mcu.externaltools.gnu-tools-for-stm32.12.3.rel1.win32_1.1.0.202410251130/tools/bin/../lib/gcc/arm-none-eabi/12.3.1/thumb/v7-m/nofp\libgcc.a(_arm_fixunssfsi.o)
                0x08001174                __fixunssfsi
                0x08001174                __aeabi_f2uiz
 *(.text*)
 .text.AT24CXX_Init
                0x080011b4        0xc ./Core/Src/24cxx.o
                0x080011b4                AT24CXX_Init
 .text.AT24CXX_ReadOneByte
                0x080011c0       0x60 ./Core/Src/24cxx.o
                0x080011c0                AT24CXX_ReadOneByte
 .text.AT24CXX_WriteOneByte
                0x08001220       0x5a ./Core/Src/24cxx.o
                0x08001220                AT24CXX_WriteOneByte
 .text.AT24CXX_Read
                0x0800127a       0x3e ./Core/Src/24cxx.o
                0x0800127a                AT24CXX_Read
 .text.AT24CXX_Write
                0x080012b8       0x40 ./Core/Src/24cxx.o
                0x080012b8                AT24CXX_Write
 .text.CalculateChecksum
                0x080012f8       0x54 ./Core/Src/bluetooth.o
                0x080012f8                CalculateChecksum
 .text.SetOperationMode
                0x0800134c       0x24 ./Core/Src/bluetooth.o
                0x0800134c                SetOperationMode
 .text.UART_SendModeCmd
                0x08001370       0x3c ./Core/Src/bluetooth.o
                0x08001370                UART_SendModeCmd
 .text.SendModeChangeAck
                0x080013ac       0x40 ./Core/Src/bluetooth.o
                0x080013ac                SendModeChangeAck
 .text.UART_SendMotionCmd
                0x080013ec       0x46 ./Core/Src/bluetooth.o
                0x080013ec                UART_SendMotionCmd
 .text.UART_SendNavCmd
                0x08001432       0x56 ./Core/Src/bluetooth.o
                0x08001432                UART_SendNavCmd
 .text.VerifyChecksum
                0x08001488       0x2e ./Core/Src/bluetooth.o
                0x08001488                VerifyChecksum
 *fill*         0x080014b6        0x2 
 .text.ProcessReceivedPackage
                0x080014b8      0x104 ./Core/Src/bluetooth.o
                0x080014b8                ProcessReceivedPackage
 .text.ProcessEnvDetectCmd
                0x080015bc       0x66 ./Core/Src/bluetooth.o
                0x080015bc                ProcessEnvDetectCmd
 .text.SendEnvDetectCmd
                0x08001622       0x46 ./Core/Src/bluetooth.o
                0x08001622                SendEnvDetectCmd
 .text.HandleDistanceData
                0x08001668       0x60 ./Core/Src/bluetooth.o
                0x08001668                HandleDistanceData
 .text.UART_SendPackage
                0x080016c8       0x70 ./Core/Src/bluetooth.o
                0x080016c8                UART_SendPackage
 .text.CT_Delay
                0x08001738        0xe ./Core/Src/ctiic.o
                0x08001738                CT_Delay
 *fill*         0x08001746        0x2 
 .text.CT_IIC_Init
                0x08001748       0x60 ./Core/Src/ctiic.o
                0x08001748                CT_IIC_Init
 .text.CT_IIC_Start
                0x080017a8       0x50 ./Core/Src/ctiic.o
                0x080017a8                CT_IIC_Start
 .text.CT_IIC_Stop
                0x080017f8       0x48 ./Core/Src/ctiic.o
                0x080017f8                CT_IIC_Stop
 .text.CT_IIC_Wait_Ack
                0x08001840       0x74 ./Core/Src/ctiic.o
                0x08001840                CT_IIC_Wait_Ack
 .text.CT_IIC_Ack
                0x080018b4       0x50 ./Core/Src/ctiic.o
                0x080018b4                CT_IIC_Ack
 .text.CT_IIC_NAck
                0x08001904       0x50 ./Core/Src/ctiic.o
                0x08001904                CT_IIC_NAck
 .text.CT_IIC_Send_Byte
                0x08001954       0x78 ./Core/Src/ctiic.o
                0x08001954                CT_IIC_Send_Byte
 .text.CT_IIC_Read_Byte
                0x080019cc       0x88 ./Core/Src/ctiic.o
                0x080019cc                CT_IIC_Read_Byte
 .text.delay_init
                0x08001a54       0x24 ./Core/Src/delay.o
                0x08001a54                delay_init
 .text.delay_us
                0x08001a78       0x7c ./Core/Src/delay.o
                0x08001a78                delay_us
 .text.delay_ms
                0x08001af4       0x30 ./Core/Src/delay.o
                0x08001af4                delay_ms
 .text.FT5206_WR_Reg
                0x08001b24       0x72 ./Core/Src/ft5206.o
                0x08001b24                FT5206_WR_Reg
 .text.FT5206_RD_Reg
                0x08001b96       0x7c ./Core/Src/ft5206.o
                0x08001b96                FT5206_RD_Reg
 *fill*         0x08001c12        0x2 
 .text.FT5206_Init
                0x08001c14       0xf4 ./Core/Src/ft5206.o
                0x08001c14                FT5206_Init
 .text.FT5206_Scan
                0x08001d08      0x22c ./Core/Src/ft5206.o
                0x08001d08                FT5206_Scan
 .text.MX_GPIO_Init
                0x08001f34       0x44 ./Core/Src/gpio.o
                0x08001f34                MX_GPIO_Init
 .text.GT9147_Send_Cfg
                0x08001f78       0x68 ./Core/Src/gt9147.o
                0x08001f78                GT9147_Send_Cfg
 .text.GT9147_WR_Reg
                0x08001fe0       0x84 ./Core/Src/gt9147.o
                0x08001fe0                GT9147_WR_Reg
 .text.GT9147_RD_Reg
                0x08002064       0x8e ./Core/Src/gt9147.o
                0x08002064                GT9147_RD_Reg
 *fill*         0x080020f2        0x2 
 .text.GT9147_Init
                0x080020f4      0x138 ./Core/Src/gt9147.o
                0x080020f4                GT9147_Init
 .text.GT9147_Scan
                0x0800222c      0x268 ./Core/Src/gt9147.o
                0x0800222c                GT9147_Scan
 .text.KEY_Init
                0x08002494       0x90 ./Core/Src/key.o
                0x08002494                KEY_Init
 .text.KEY_Scan
                0x08002524       0xdc ./Core/Src/key.o
                0x08002524                KEY_Scan
 .text.LCD_WR_REG
                0x08002600       0x48 ./Core/Src/lcd.o
                0x08002600                LCD_WR_REG
 .text.LCD_WR_DATAX
                0x08002648       0x48 ./Core/Src/lcd.o
                0x08002648                LCD_WR_DATAX
 .text.opt_delay
                0x08002690       0x22 ./Core/Src/lcd.o
                0x08002690                opt_delay
 *fill*         0x080026b2        0x2 
 .text.LCD_RD_DATA
                0x080026b4       0x78 ./Core/Src/lcd.o
                0x080026b4                LCD_RD_DATA
 .text.LCD_WriteReg
                0x0800272c       0x54 ./Core/Src/lcd.o
                0x0800272c                LCD_WriteReg
 .text.LCD_WriteRAM_Prepare
                0x08002780       0x18 ./Core/Src/lcd.o
                0x08002780                LCD_WriteRAM_Prepare
 .text.LCD_SetCursor
                0x08002798      0x454 ./Core/Src/lcd.o
                0x08002798                LCD_SetCursor
 .text.LCD_Scan_Dir
                0x08002bec      0x528 ./Core/Src/lcd.o
                0x08002bec                LCD_Scan_Dir
 .text.LCD_DrawPoint
                0x08003114       0x60 ./Core/Src/lcd.o
                0x08003114                LCD_DrawPoint
 .text.LCD_Fast_DrawPoint
                0x08003174      0x3f4 ./Core/Src/lcd.o
                0x08003174                LCD_Fast_DrawPoint
 .text.LCD_SSD_BackLightSet
                0x08003568      0x148 ./Core/Src/lcd.o
                0x08003568                LCD_SSD_BackLightSet
 .text.LCD_Display_Dir
                0x080036b0      0x170 ./Core/Src/lcd.o
                0x080036b0                LCD_Display_Dir
 .text.LCD_Init
                0x08003820     0x2c24 ./Core/Src/lcd.o
                0x08003820                LCD_Init
 .text.LCD_Clear
                0x08006444       0x84 ./Core/Src/lcd.o
                0x08006444                LCD_Clear
 .text.LCD_DrawLine
                0x080064c8      0x108 ./Core/Src/lcd.o
                0x080064c8                LCD_DrawLine
 .text.LCD_DrawRectangle
                0x080065d0       0x56 ./Core/Src/lcd.o
                0x080065d0                LCD_DrawRectangle
 .text.LCD_Draw_Circle
                0x08006626      0x13a ./Core/Src/lcd.o
                0x08006626                LCD_Draw_Circle
 .text.LCD_ShowChar
                0x08006760      0x15c ./Core/Src/lcd.o
                0x08006760                LCD_ShowChar
 .text.LCD_Pow  0x080068bc       0x36 ./Core/Src/lcd.o
                0x080068bc                LCD_Pow
 *fill*         0x080068f2        0x2 
 .text.LCD_ShowNum
                0x080068f4       0xe4 ./Core/Src/lcd.o
                0x080068f4                LCD_ShowNum
 .text.LCD_ShowString
                0x080069d8       0x9a ./Core/Src/lcd.o
                0x080069d8                LCD_ShowString
 .text.LCD_ShowPicture
                0x08006a72       0x6e ./Core/Src/lcd.o
                0x08006a72                LCD_ShowPicture
 .text.LED_Init
                0x08006ae0       0x90 ./Core/Src/led.o
                0x08006ae0                LED_Init
 .text.set_map  0x08006b70       0x34 ./Core/Src/main.o
                0x08006b70                set_map
 .text.draw_obstacle
                0x08006ba4       0x34 ./Core/Src/main.o
                0x08006ba4                draw_obstacle
 .text.draw_path
                0x08006bd8      0x13c ./Core/Src/main.o
                0x08006bd8                draw_path
 .text.draw_map
                0x08006d14       0xd4 ./Core/Src/main.o
                0x08006d14                draw_map
 .text.full_control
                0x08006de8      0x1f0 ./Core/Src/main.o
                0x08006de8                full_control
 .text.draw_buttons
                0x08006fd8       0x84 ./Core/Src/main.o
                0x08006fd8                draw_buttons
 .text.path_processing
                0x0800705c      0x588 ./Core/Src/main.o
                0x0800705c                path_processing
 .text.screen_to_grid
                0x080075e4       0x6c ./Core/Src/main.o
                0x080075e4                screen_to_grid
 .text.reset_all
                0x08007650       0xa0 ./Core/Src/main.o
                0x08007650                reset_all
 .text.draw_dashed_trajectory
                0x080076f0      0x200 ./Core/Src/main.o
                0x080076f0                draw_dashed_trajectory
 .text.touch_in_rect
                0x080078f0       0x4e ./Core/Src/main.o
                0x080078f0                touch_in_rect
 *fill*         0x0800793e        0x2 
 .text.handle_confirm
                0x08007940      0x184 ./Core/Src/main.o
                0x08007940                handle_confirm
 .text.handle_edit
                0x08007ac4       0x90 ./Core/Src/main.o
                0x08007ac4                handle_edit
 .text.detect_obs
                0x08007b54      0x268 ./Core/Src/main.o
                0x08007b54                detect_obs
 .text.track_line
                0x08007dbc      0x100 ./Core/Src/main.o
                0x08007dbc                track_line
 .text.main     0x08007ebc      0x174 ./Core/Src/main.o
                0x08007ebc                main
 .text.SystemClock_Config
                0x08008030       0x8a ./Core/Src/main.o
                0x08008030                SystemClock_Config
 .text.Error_Handler
                0x080080ba        0xc ./Core/Src/main.o
                0x080080ba                Error_Handler
 *fill*         0x080080c6        0x2 
 .text.IIC_Init
                0x080080c8       0x60 ./Core/Src/myiic.o
                0x080080c8                IIC_Init
 .text.IIC_Start
                0x08008128       0x50 ./Core/Src/myiic.o
                0x08008128                IIC_Start
 .text.IIC_Stop
                0x08008178       0x50 ./Core/Src/myiic.o
                0x08008178                IIC_Stop
 .text.IIC_Wait_Ack
                0x080081c8       0x78 ./Core/Src/myiic.o
                0x080081c8                IIC_Wait_Ack
 .text.IIC_Ack  0x08008240       0x50 ./Core/Src/myiic.o
                0x08008240                IIC_Ack
 .text.IIC_NAck
                0x08008290       0x50 ./Core/Src/myiic.o
                0x08008290                IIC_NAck
 .text.IIC_Send_Byte
                0x080082e0       0x80 ./Core/Src/myiic.o
                0x080082e0                IIC_Send_Byte
 .text.IIC_Read_Byte
                0x08008360       0x8c ./Core/Src/myiic.o
                0x08008360                IIC_Read_Byte
 .text.OTT2001A_WR_Reg
                0x080083ec       0x84 ./Core/Src/ott2001a.o
                0x080083ec                OTT2001A_WR_Reg
 .text.OTT2001A_RD_Reg
                0x08008470       0x8e ./Core/Src/ott2001a.o
                0x08008470                OTT2001A_RD_Reg
 .text.OTT2001A_SensorControl
                0x080084fe       0x30 ./Core/Src/ott2001a.o
                0x080084fe                OTT2001A_SensorControl
 *fill*         0x0800852e        0x2 
 .text.OTT2001A_Init
                0x08008530       0xb0 ./Core/Src/ott2001a.o
                0x08008530                OTT2001A_Init
 .text.OTT2001A_Scan
                0x080085e0      0x254 ./Core/Src/ott2001a.o
                0x080085e0                OTT2001A_Scan
 .text.MX_SPI1_Init
                0x08008834       0x6c ./Core/Src/spi.o
                0x08008834                MX_SPI1_Init
 .text.HAL_SPI_MspInit
                0x080088a0       0x94 ./Core/Src/spi.o
                0x080088a0                HAL_SPI_MspInit
 .text.HAL_MspInit
                0x08008934       0x64 ./Core/Src/stm32f1xx_hal_msp.o
                0x08008934                HAL_MspInit
 .text.NMI_Handler
                0x08008998        0x8 ./Core/Src/stm32f1xx_it.o
                0x08008998                NMI_Handler
 .text.HardFault_Handler
                0x080089a0        0x8 ./Core/Src/stm32f1xx_it.o
                0x080089a0                HardFault_Handler
 .text.MemManage_Handler
                0x080089a8        0x8 ./Core/Src/stm32f1xx_it.o
                0x080089a8                MemManage_Handler
 .text.BusFault_Handler
                0x080089b0        0x8 ./Core/Src/stm32f1xx_it.o
                0x080089b0                BusFault_Handler
 .text.UsageFault_Handler
                0x080089b8        0x8 ./Core/Src/stm32f1xx_it.o
                0x080089b8                UsageFault_Handler
 .text.SVC_Handler
                0x080089c0        0xc ./Core/Src/stm32f1xx_it.o
                0x080089c0                SVC_Handler
 .text.DebugMon_Handler
                0x080089cc        0xc ./Core/Src/stm32f1xx_it.o
                0x080089cc                DebugMon_Handler
 .text.PendSV_Handler
                0x080089d8        0xc ./Core/Src/stm32f1xx_it.o
                0x080089d8                PendSV_Handler
 .text.SysTick_Handler
                0x080089e4        0xc ./Core/Src/stm32f1xx_it.o
                0x080089e4                SysTick_Handler
 .text.USART2_IRQHandler
                0x080089f0       0x14 ./Core/Src/stm32f1xx_it.o
                0x080089f0                USART2_IRQHandler
 .text.HAL_UART_RxCpltCallback
                0x08008a04      0x148 ./Core/Src/stm32f1xx_it.o
                0x08008a04                HAL_UART_RxCpltCallback
 .text.Stm32_Clock_Init
                0x08008b4c       0x82 ./Core/Src/sys.o
                0x08008b4c                Stm32_Clock_Init
 .text._read    0x08008bce       0x3a ./Core/Src/syscalls.o
                0x08008bce                _read
 .text._write   0x08008c08       0x38 ./Core/Src/syscalls.o
                0x08008c08                _write
 .text._close   0x08008c40       0x16 ./Core/Src/syscalls.o
                0x08008c40                _close
 .text._fstat   0x08008c56       0x1e ./Core/Src/syscalls.o
                0x08008c56                _fstat
 .text._isatty  0x08008c74       0x14 ./Core/Src/syscalls.o
                0x08008c74                _isatty
 .text._lseek   0x08008c88       0x18 ./Core/Src/syscalls.o
                0x08008c88                _lseek
 .text._sbrk    0x08008ca0       0x6c ./Core/Src/sysmem.o
                0x08008ca0                _sbrk
 .text.SystemInit
                0x08008d0c        0xc ./Core/Src/system_stm32f1xx.o
                0x08008d0c                SystemInit
 .text.TP_Write_Byte
                0x08008d18       0x60 ./Core/Src/touch.o
                0x08008d18                TP_Write_Byte
 .text.TP_Read_AD
                0x08008d78       0xb0 ./Core/Src/touch.o
                0x08008d78                TP_Read_AD
 .text.TP_Read_XOY
                0x08008e28       0xf4 ./Core/Src/touch.o
                0x08008e28                TP_Read_XOY
 .text.TP_Read_XY
                0x08008f1c       0x44 ./Core/Src/touch.o
                0x08008f1c                TP_Read_XY
 .text.TP_Read_XY2
                0x08008f60       0xc4 ./Core/Src/touch.o
                0x08008f60                TP_Read_XY2
 .text.TP_Drow_Touch_Point
                0x08009024       0xa8 ./Core/Src/touch.o
                0x08009024                TP_Drow_Touch_Point
 .text.TP_Scan  0x080090cc      0x13c ./Core/Src/touch.o
                0x080090cc                TP_Scan
 .text.TP_Save_Adjdata
                0x08009208       0x20 ./Core/Src/touch.o
                0x08009208                TP_Save_Adjdata
 .text.TP_Get_Adjdata
                0x08009228       0x64 ./Core/Src/touch.o
                0x08009228                TP_Get_Adjdata
 .text.TP_Adj_Info_Show
                0x0800928c      0x1c4 ./Core/Src/touch.o
                0x0800928c                TP_Adj_Info_Show
 .text.TP_Adjust
                0x08009450      0x878 ./Core/Src/touch.o
                0x08009450                TP_Adjust
 .text.TP_Init  0x08009cc8      0x154 ./Core/Src/touch.o
                0x08009cc8                TP_Init
 .text.MX_USART1_UART_Init
                0x08009e1c       0x54 ./Core/Src/usart.o
                0x08009e1c                MX_USART1_UART_Init
 .text.MX_USART2_UART_Init
                0x08009e70       0x54 ./Core/Src/usart.o
                0x08009e70                MX_USART2_UART_Init
 .text.HAL_UART_MspInit
                0x08009ec4      0x118 ./Core/Src/usart.o
                0x08009ec4                HAL_UART_MspInit
 .text.Reset_Handler
                0x08009fdc       0x48 ./Core/Startup/startup_stm32f103rctx.o
                0x08009fdc                Reset_Handler
 .text.Default_Handler
                0x0800a024        0x2 ./Core/Startup/startup_stm32f103rctx.o
                0x0800a024                RTC_Alarm_IRQHandler
                0x0800a024                EXTI2_IRQHandler
                0x0800a024                TIM8_TRG_COM_IRQHandler
                0x0800a024                TIM8_CC_IRQHandler
                0x0800a024                TIM1_CC_IRQHandler
                0x0800a024                TIM6_IRQHandler
                0x0800a024                PVD_IRQHandler
                0x0800a024                SDIO_IRQHandler
                0x0800a024                EXTI3_IRQHandler
                0x0800a024                EXTI0_IRQHandler
                0x0800a024                I2C2_EV_IRQHandler
                0x0800a024                ADC1_2_IRQHandler
                0x0800a024                SPI1_IRQHandler
                0x0800a024                TAMPER_IRQHandler
                0x0800a024                TIM8_UP_IRQHandler
                0x0800a024                DMA2_Channel2_IRQHandler
                0x0800a024                DMA1_Channel4_IRQHandler
                0x0800a024                USART3_IRQHandler
                0x0800a024                RTC_IRQHandler
                0x0800a024                DMA1_Channel7_IRQHandler
                0x0800a024                CAN1_RX1_IRQHandler
                0x0800a024                UART5_IRQHandler
                0x0800a024                ADC3_IRQHandler
                0x0800a024                TIM4_IRQHandler
                0x0800a024                DMA2_Channel1_IRQHandler
                0x0800a024                I2C1_EV_IRQHandler
                0x0800a024                DMA1_Channel6_IRQHandler
                0x0800a024                UART4_IRQHandler
                0x0800a024                TIM3_IRQHandler
                0x0800a024                RCC_IRQHandler
                0x0800a024                TIM1_TRG_COM_IRQHandler
                0x0800a024                DMA1_Channel1_IRQHandler
                0x0800a024                Default_Handler
                0x0800a024                EXTI15_10_IRQHandler
                0x0800a024                TIM7_IRQHandler
                0x0800a024                TIM5_IRQHandler
                0x0800a024                EXTI9_5_IRQHandler
                0x0800a024                SPI2_IRQHandler
                0x0800a024                DMA1_Channel5_IRQHandler
                0x0800a024                EXTI4_IRQHandler
                0x0800a024                USB_LP_CAN1_RX0_IRQHandler
                0x0800a024                USB_HP_CAN1_TX_IRQHandler
                0x0800a024                DMA1_Channel3_IRQHandler
                0x0800a024                FSMC_IRQHandler
                0x0800a024                TIM1_UP_IRQHandler
                0x0800a024                WWDG_IRQHandler
                0x0800a024                TIM2_IRQHandler
                0x0800a024                TIM1_BRK_IRQHandler
                0x0800a024                EXTI1_IRQHandler
                0x0800a024                DMA2_Channel4_5_IRQHandler
                0x0800a024                I2C2_ER_IRQHandler
                0x0800a024                DMA1_Channel2_IRQHandler
                0x0800a024                TIM8_BRK_IRQHandler
                0x0800a024                CAN1_SCE_IRQHandler
                0x0800a024                FLASH_IRQHandler
                0x0800a024                USART1_IRQHandler
                0x0800a024                SPI3_IRQHandler
                0x0800a024                I2C1_ER_IRQHandler
                0x0800a024                USBWakeUp_IRQHandler
                0x0800a024                DMA2_Channel3_IRQHandler
 *fill*         0x0800a026        0x2 
 .text.HAL_Init
                0x0800a028       0x2c ./Drivers/STM32F1xx_HAL_Driver/Src/stm32f1xx_hal.o
                0x0800a028                HAL_Init
 .text.HAL_InitTick
                0x0800a054       0x60 ./Drivers/STM32F1xx_HAL_Driver/Src/stm32f1xx_hal.o
                0x0800a054                HAL_InitTick
 .text.HAL_IncTick
                0x0800a0b4       0x24 ./Drivers/STM32F1xx_HAL_Driver/Src/stm32f1xx_hal.o
                0x0800a0b4                HAL_IncTick
 .text.HAL_GetTick
                0x0800a0d8       0x14 ./Drivers/STM32F1xx_HAL_Driver/Src/stm32f1xx_hal.o
                0x0800a0d8                HAL_GetTick
 .text.__NVIC_SetPriorityGrouping
                0x0800a0ec       0x48 ./Drivers/STM32F1xx_HAL_Driver/Src/stm32f1xx_hal_cortex.o
 .text.__NVIC_GetPriorityGrouping
                0x0800a134       0x1c ./Drivers/STM32F1xx_HAL_Driver/Src/stm32f1xx_hal_cortex.o
 .text.__NVIC_EnableIRQ
                0x0800a150       0x38 ./Drivers/STM32F1xx_HAL_Driver/Src/stm32f1xx_hal_cortex.o
 .text.__NVIC_SetPriority
                0x0800a188       0x54 ./Drivers/STM32F1xx_HAL_Driver/Src/stm32f1xx_hal_cortex.o
 .text.NVIC_EncodePriority
                0x0800a1dc       0x64 ./Drivers/STM32F1xx_HAL_Driver/Src/stm32f1xx_hal_cortex.o
 .text.SysTick_Config
                0x0800a240       0x44 ./Drivers/STM32F1xx_HAL_Driver/Src/stm32f1xx_hal_cortex.o
 .text.HAL_NVIC_SetPriorityGrouping
                0x0800a284       0x16 ./Drivers/STM32F1xx_HAL_Driver/Src/stm32f1xx_hal_cortex.o
                0x0800a284                HAL_NVIC_SetPriorityGrouping
 .text.HAL_NVIC_SetPriority
                0x0800a29a       0x38 ./Drivers/STM32F1xx_HAL_Driver/Src/stm32f1xx_hal_cortex.o
                0x0800a29a                HAL_NVIC_SetPriority
 .text.HAL_NVIC_EnableIRQ
                0x0800a2d2       0x1c ./Drivers/STM32F1xx_HAL_Driver/Src/stm32f1xx_hal_cortex.o
                0x0800a2d2                HAL_NVIC_EnableIRQ
 .text.HAL_SYSTICK_Config
                0x0800a2ee       0x18 ./Drivers/STM32F1xx_HAL_Driver/Src/stm32f1xx_hal_cortex.o
                0x0800a2ee                HAL_SYSTICK_Config
 *fill*         0x0800a306        0x2 
 .text.HAL_SYSTICK_CLKSourceConfig
                0x0800a308       0x38 ./Drivers/STM32F1xx_HAL_Driver/Src/stm32f1xx_hal_cortex.o
                0x0800a308                HAL_SYSTICK_CLKSourceConfig
 .text.HAL_DMA_Abort
                0x0800a340       0x74 ./Drivers/STM32F1xx_HAL_Driver/Src/stm32f1xx_hal_dma.o
                0x0800a340                HAL_DMA_Abort
 .text.HAL_DMA_Abort_IT
                0x0800a3b4      0x210 ./Drivers/STM32F1xx_HAL_Driver/Src/stm32f1xx_hal_dma.o
                0x0800a3b4                HAL_DMA_Abort_IT
 .text.HAL_GPIO_Init
                0x0800a5c4      0x328 ./Drivers/STM32F1xx_HAL_Driver/Src/stm32f1xx_hal_gpio.o
                0x0800a5c4                HAL_GPIO_Init
 .text.HAL_GPIO_ReadPin
                0x0800a8ec       0x2e ./Drivers/STM32F1xx_HAL_Driver/Src/stm32f1xx_hal_gpio.o
                0x0800a8ec                HAL_GPIO_ReadPin
 .text.HAL_GPIO_WritePin
                0x0800a91a       0x30 ./Drivers/STM32F1xx_HAL_Driver/Src/stm32f1xx_hal_gpio.o
                0x0800a91a                HAL_GPIO_WritePin
 *fill*         0x0800a94a        0x2 
 .text.HAL_RCC_OscConfig
                0x0800a94c      0x504 ./Drivers/STM32F1xx_HAL_Driver/Src/stm32f1xx_hal_rcc.o
                0x0800a94c                HAL_RCC_OscConfig
 .text.HAL_RCC_ClockConfig
                0x0800ae50      0x1d4 ./Drivers/STM32F1xx_HAL_Driver/Src/stm32f1xx_hal_rcc.o
                0x0800ae50                HAL_RCC_ClockConfig
 .text.HAL_RCC_GetSysClockFreq
                0x0800b024       0xbc ./Drivers/STM32F1xx_HAL_Driver/Src/stm32f1xx_hal_rcc.o
                0x0800b024                HAL_RCC_GetSysClockFreq
 .text.HAL_RCC_GetHCLKFreq
                0x0800b0e0       0x14 ./Drivers/STM32F1xx_HAL_Driver/Src/stm32f1xx_hal_rcc.o
                0x0800b0e0                HAL_RCC_GetHCLKFreq
 .text.HAL_RCC_GetPCLK1Freq
                0x0800b0f4       0x28 ./Drivers/STM32F1xx_HAL_Driver/Src/stm32f1xx_hal_rcc.o
                0x0800b0f4                HAL_RCC_GetPCLK1Freq
 .text.HAL_RCC_GetPCLK2Freq
                0x0800b11c       0x28 ./Drivers/STM32F1xx_HAL_Driver/Src/stm32f1xx_hal_rcc.o
                0x0800b11c                HAL_RCC_GetPCLK2Freq
 .text.RCC_Delay
                0x0800b144       0x3c ./Drivers/STM32F1xx_HAL_Driver/Src/stm32f1xx_hal_rcc.o
 .text.HAL_SPI_Init
                0x0800b180      0x108 ./Drivers/STM32F1xx_HAL_Driver/Src/stm32f1xx_hal_spi.o
                0x0800b180                HAL_SPI_Init
 .text.HAL_UART_Init
                0x0800b288       0x9a ./Drivers/STM32F1xx_HAL_Driver/Src/stm32f1xx_hal_uart.o
                0x0800b288                HAL_UART_Init
 .text.HAL_UART_Transmit
                0x0800b322      0x124 ./Drivers/STM32F1xx_HAL_Driver/Src/stm32f1xx_hal_uart.o
                0x0800b322                HAL_UART_Transmit
 .text.HAL_UART_Receive_IT
                0x0800b446       0x60 ./Drivers/STM32F1xx_HAL_Driver/Src/stm32f1xx_hal_uart.o
                0x0800b446                HAL_UART_Receive_IT
 *fill*         0x0800b4a6        0x2 
 .text.HAL_UART_IRQHandler
                0x0800b4a8      0x354 ./Drivers/STM32F1xx_HAL_Driver/Src/stm32f1xx_hal_uart.o
                0x0800b4a8                HAL_UART_IRQHandler
 .text.HAL_UART_TxCpltCallback
                0x0800b7fc       0x12 ./Drivers/STM32F1xx_HAL_Driver/Src/stm32f1xx_hal_uart.o
                0x0800b7fc                HAL_UART_TxCpltCallback
 .text.HAL_UART_ErrorCallback
                0x0800b80e       0x12 ./Drivers/STM32F1xx_HAL_Driver/Src/stm32f1xx_hal_uart.o
                0x0800b80e                HAL_UART_ErrorCallback
 .text.HAL_UARTEx_RxEventCallback
                0x0800b820       0x16 ./Drivers/STM32F1xx_HAL_Driver/Src/stm32f1xx_hal_uart.o
                0x0800b820                HAL_UARTEx_RxEventCallback
 .text.UART_WaitOnFlagUntilTimeout
                0x0800b836       0x94 ./Drivers/STM32F1xx_HAL_Driver/Src/stm32f1xx_hal_uart.o
 .text.UART_Start_Receive_IT
                0x0800b8ca       0x72 ./Drivers/STM32F1xx_HAL_Driver/Src/stm32f1xx_hal_uart.o
                0x0800b8ca                UART_Start_Receive_IT
 .text.UART_EndRxTransfer
                0x0800b93c       0x58 ./Drivers/STM32F1xx_HAL_Driver/Src/stm32f1xx_hal_uart.o
 .text.UART_DMAAbortOnError
                0x0800b994       0x28 ./Drivers/STM32F1xx_HAL_Driver/Src/stm32f1xx_hal_uart.o
 .text.UART_Transmit_IT
                0x0800b9bc       0x9e ./Drivers/STM32F1xx_HAL_Driver/Src/stm32f1xx_hal_uart.o
 .text.UART_EndTransmit_IT
                0x0800ba5a       0x30 ./Drivers/STM32F1xx_HAL_Driver/Src/stm32f1xx_hal_uart.o
 .text.UART_Receive_IT
                0x0800ba8a      0x152 ./Drivers/STM32F1xx_HAL_Driver/Src/stm32f1xx_hal_uart.o
 .text.UART_SetConfig
                0x0800bbdc      0x11c ./Drivers/STM32F1xx_HAL_Driver/Src/stm32f1xx_hal_uart.o
 .text.std      0x0800bcf8       0x6c D:/program_files/st/STM32CubeIDE_1.16.0/STM32CubeIDE/plugins/com.st.stm32cube.ide.mcu.externaltools.gnu-tools-for-stm32.12.3.rel1.win32_1.1.0.202410251130/tools/bin/../lib/gcc/arm-none-eabi/12.3.1/../../../../arm-none-eabi/lib/thumb/v7-m/nofp\libc_nano.a(libc_a-findfp.o)
 .text.stdio_exit_handler
                0x0800bd64       0x18 D:/program_files/st/STM32CubeIDE_1.16.0/STM32CubeIDE/plugins/com.st.stm32cube.ide.mcu.externaltools.gnu-tools-for-stm32.12.3.rel1.win32_1.1.0.202410251130/tools/bin/../lib/gcc/arm-none-eabi/12.3.1/../../../../arm-none-eabi/lib/thumb/v7-m/nofp\libc_nano.a(libc_a-findfp.o)
 .text.cleanup_stdio
                0x0800bd7c       0x40 D:/program_files/st/STM32CubeIDE_1.16.0/STM32CubeIDE/plugins/com.st.stm32cube.ide.mcu.externaltools.gnu-tools-for-stm32.12.3.rel1.win32_1.1.0.202410251130/tools/bin/../lib/gcc/arm-none-eabi/12.3.1/../../../../arm-none-eabi/lib/thumb/v7-m/nofp\libc_nano.a(libc_a-findfp.o)
 .text.global_stdio_init.part.0
                0x0800bdbc       0x3c D:/program_files/st/STM32CubeIDE_1.16.0/STM32CubeIDE/plugins/com.st.stm32cube.ide.mcu.externaltools.gnu-tools-for-stm32.12.3.rel1.win32_1.1.0.202410251130/tools/bin/../lib/gcc/arm-none-eabi/12.3.1/../../../../arm-none-eabi/lib/thumb/v7-m/nofp\libc_nano.a(libc_a-findfp.o)
 .text.__sfp_lock_acquire
                0x0800bdf8        0xc D:/program_files/st/STM32CubeIDE_1.16.0/STM32CubeIDE/plugins/com.st.stm32cube.ide.mcu.externaltools.gnu-tools-for-stm32.12.3.rel1.win32_1.1.0.202410251130/tools/bin/../lib/gcc/arm-none-eabi/12.3.1/../../../../arm-none-eabi/lib/thumb/v7-m/nofp\libc_nano.a(libc_a-findfp.o)
                0x0800bdf8                __sfp_lock_acquire
 .text.__sfp_lock_release
                0x0800be04        0xc D:/program_files/st/STM32CubeIDE_1.16.0/STM32CubeIDE/plugins/com.st.stm32cube.ide.mcu.externaltools.gnu-tools-for-stm32.12.3.rel1.win32_1.1.0.202410251130/tools/bin/../lib/gcc/arm-none-eabi/12.3.1/../../../../arm-none-eabi/lib/thumb/v7-m/nofp\libc_nano.a(libc_a-findfp.o)
                0x0800be04                __sfp_lock_release
 .text.__sinit  0x0800be10       0x30 D:/program_files/st/STM32CubeIDE_1.16.0/STM32CubeIDE/plugins/com.st.stm32cube.ide.mcu.externaltools.gnu-tools-for-stm32.12.3.rel1.win32_1.1.0.202410251130/tools/bin/../lib/gcc/arm-none-eabi/12.3.1/../../../../arm-none-eabi/lib/thumb/v7-m/nofp\libc_nano.a(libc_a-findfp.o)
                0x0800be10                __sinit
 .text._fwalk_sglue
                0x0800be40       0x3c D:/program_files/st/STM32CubeIDE_1.16.0/STM32CubeIDE/plugins/com.st.stm32cube.ide.mcu.externaltools.gnu-tools-for-stm32.12.3.rel1.win32_1.1.0.202410251130/tools/bin/../lib/gcc/arm-none-eabi/12.3.1/../../../../arm-none-eabi/lib/thumb/v7-m/nofp\libc_nano.a(libc_a-fwalk.o)
                0x0800be40                _fwalk_sglue
 .text.printf   0x0800be7c       0x24 D:/program_files/st/STM32CubeIDE_1.16.0/STM32CubeIDE/plugins/com.st.stm32cube.ide.mcu.externaltools.gnu-tools-for-stm32.12.3.rel1.win32_1.1.0.202410251130/tools/bin/../lib/gcc/arm-none-eabi/12.3.1/../../../../arm-none-eabi/lib/thumb/v7-m/nofp\libc_nano.a(libc_a-printf.o)
                0x0800be7c                iprintf
                0x0800be7c                printf
 .text.sprintf  0x0800bea0       0x40 D:/program_files/st/STM32CubeIDE_1.16.0/STM32CubeIDE/plugins/com.st.stm32cube.ide.mcu.externaltools.gnu-tools-for-stm32.12.3.rel1.win32_1.1.0.202410251130/tools/bin/../lib/gcc/arm-none-eabi/12.3.1/../../../../arm-none-eabi/lib/thumb/v7-m/nofp\libc_nano.a(libc_a-sprintf.o)
                0x0800bea0                siprintf
                0x0800bea0                sprintf
 .text.__sread  0x0800bee0       0x22 D:/program_files/st/STM32CubeIDE_1.16.0/STM32CubeIDE/plugins/com.st.stm32cube.ide.mcu.externaltools.gnu-tools-for-stm32.12.3.rel1.win32_1.1.0.202410251130/tools/bin/../lib/gcc/arm-none-eabi/12.3.1/../../../../arm-none-eabi/lib/thumb/v7-m/nofp\libc_nano.a(libc_a-stdio.o)
                0x0800bee0                __sread
 .text.__swrite
                0x0800bf02       0x38 D:/program_files/st/STM32CubeIDE_1.16.0/STM32CubeIDE/plugins/com.st.stm32cube.ide.mcu.externaltools.gnu-tools-for-stm32.12.3.rel1.win32_1.1.0.202410251130/tools/bin/../lib/gcc/arm-none-eabi/12.3.1/../../../../arm-none-eabi/lib/thumb/v7-m/nofp\libc_nano.a(libc_a-stdio.o)
                0x0800bf02                __swrite
 .text.__sseek  0x0800bf3a       0x24 D:/program_files/st/STM32CubeIDE_1.16.0/STM32CubeIDE/plugins/com.st.stm32cube.ide.mcu.externaltools.gnu-tools-for-stm32.12.3.rel1.win32_1.1.0.202410251130/tools/bin/../lib/gcc/arm-none-eabi/12.3.1/../../../../arm-none-eabi/lib/thumb/v7-m/nofp\libc_nano.a(libc_a-stdio.o)
                0x0800bf3a                __sseek
 .text.__sclose
                0x0800bf5e        0x8 D:/program_files/st/STM32CubeIDE_1.16.0/STM32CubeIDE/plugins/com.st.stm32cube.ide.mcu.externaltools.gnu-tools-for-stm32.12.3.rel1.win32_1.1.0.202410251130/tools/bin/../lib/gcc/arm-none-eabi/12.3.1/../../../../arm-none-eabi/lib/thumb/v7-m/nofp\libc_nano.a(libc_a-stdio.o)
                0x0800bf5e                __sclose
 .text.memset   0x0800bf66       0x10 D:/program_files/st/STM32CubeIDE_1.16.0/STM32CubeIDE/plugins/com.st.stm32cube.ide.mcu.externaltools.gnu-tools-for-stm32.12.3.rel1.win32_1.1.0.202410251130/tools/bin/../lib/gcc/arm-none-eabi/12.3.1/../../../../arm-none-eabi/lib/thumb/v7-m/nofp\libc_nano.a(libc_a-memset.o)
                0x0800bf66                memset
 *fill*         0x0800bf76        0x2 
 .text._close_r
                0x0800bf78       0x20 D:/program_files/st/STM32CubeIDE_1.16.0/STM32CubeIDE/plugins/com.st.stm32cube.ide.mcu.externaltools.gnu-tools-for-stm32.12.3.rel1.win32_1.1.0.202410251130/tools/bin/../lib/gcc/arm-none-eabi/12.3.1/../../../../arm-none-eabi/lib/thumb/v7-m/nofp\libc_nano.a(libc_a-closer.o)
                0x0800bf78                _close_r
 .text._lseek_r
                0x0800bf98       0x24 D:/program_files/st/STM32CubeIDE_1.16.0/STM32CubeIDE/plugins/com.st.stm32cube.ide.mcu.externaltools.gnu-tools-for-stm32.12.3.rel1.win32_1.1.0.202410251130/tools/bin/../lib/gcc/arm-none-eabi/12.3.1/../../../../arm-none-eabi/lib/thumb/v7-m/nofp\libc_nano.a(libc_a-lseekr.o)
                0x0800bf98                _lseek_r
 .text._read_r  0x0800bfbc       0x24 D:/program_files/st/STM32CubeIDE_1.16.0/STM32CubeIDE/plugins/com.st.stm32cube.ide.mcu.externaltools.gnu-tools-for-stm32.12.3.rel1.win32_1.1.0.202410251130/tools/bin/../lib/gcc/arm-none-eabi/12.3.1/../../../../arm-none-eabi/lib/thumb/v7-m/nofp\libc_nano.a(libc_a-readr.o)
                0x0800bfbc                _read_r
 .text._write_r
                0x0800bfe0       0x24 D:/program_files/st/STM32CubeIDE_1.16.0/STM32CubeIDE/plugins/com.st.stm32cube.ide.mcu.externaltools.gnu-tools-for-stm32.12.3.rel1.win32_1.1.0.202410251130/tools/bin/../lib/gcc/arm-none-eabi/12.3.1/../../../../arm-none-eabi/lib/thumb/v7-m/nofp\libc_nano.a(libc_a-writer.o)
                0x0800bfe0                _write_r
 .text.__errno  0x0800c004        0xc D:/program_files/st/STM32CubeIDE_1.16.0/STM32CubeIDE/plugins/com.st.stm32cube.ide.mcu.externaltools.gnu-tools-for-stm32.12.3.rel1.win32_1.1.0.202410251130/tools/bin/../lib/gcc/arm-none-eabi/12.3.1/../../../../arm-none-eabi/lib/thumb/v7-m/nofp\libc_nano.a(libc_a-errno.o)
                0x0800c004                __errno
 .text.__libc_init_array
                0x0800c010       0x48 D:/program_files/st/STM32CubeIDE_1.16.0/STM32CubeIDE/plugins/com.st.stm32cube.ide.mcu.externaltools.gnu-tools-for-stm32.12.3.rel1.win32_1.1.0.202410251130/tools/bin/../lib/gcc/arm-none-eabi/12.3.1/../../../../arm-none-eabi/lib/thumb/v7-m/nofp\libc_nano.a(libc_a-init.o)
                0x0800c010                __libc_init_array
 .text.__retarget_lock_init_recursive
                0x0800c058        0x2 D:/program_files/st/STM32CubeIDE_1.16.0/STM32CubeIDE/plugins/com.st.stm32cube.ide.mcu.externaltools.gnu-tools-for-stm32.12.3.rel1.win32_1.1.0.202410251130/tools/bin/../lib/gcc/arm-none-eabi/12.3.1/../../../../arm-none-eabi/lib/thumb/v7-m/nofp\libc_nano.a(libc_a-lock.o)
                0x0800c058                __retarget_lock_init_recursive
 .text.__retarget_lock_acquire_recursive
                0x0800c05a        0x2 D:/program_files/st/STM32CubeIDE_1.16.0/STM32CubeIDE/plugins/com.st.stm32cube.ide.mcu.externaltools.gnu-tools-for-stm32.12.3.rel1.win32_1.1.0.202410251130/tools/bin/../lib/gcc/arm-none-eabi/12.3.1/../../../../arm-none-eabi/lib/thumb/v7-m/nofp\libc_nano.a(libc_a-lock.o)
                0x0800c05a                __retarget_lock_acquire_recursive
 .text.__retarget_lock_release_recursive
                0x0800c05c        0x2 D:/program_files/st/STM32CubeIDE_1.16.0/STM32CubeIDE/plugins/com.st.stm32cube.ide.mcu.externaltools.gnu-tools-for-stm32.12.3.rel1.win32_1.1.0.202410251130/tools/bin/../lib/gcc/arm-none-eabi/12.3.1/../../../../arm-none-eabi/lib/thumb/v7-m/nofp\libc_nano.a(libc_a-lock.o)
                0x0800c05c                __retarget_lock_release_recursive
 .text.memcpy   0x0800c05e       0x1c D:/program_files/st/STM32CubeIDE_1.16.0/STM32CubeIDE/plugins/com.st.stm32cube.ide.mcu.externaltools.gnu-tools-for-stm32.12.3.rel1.win32_1.1.0.202410251130/tools/bin/../lib/gcc/arm-none-eabi/12.3.1/../../../../arm-none-eabi/lib/thumb/v7-m/nofp\libc_nano.a(libc_a-memcpy-stub.o)
                0x0800c05e                memcpy
 *fill*         0x0800c07a        0x2 
 .text._free_r  0x0800c07c       0x90 D:/program_files/st/STM32CubeIDE_1.16.0/STM32CubeIDE/plugins/com.st.stm32cube.ide.mcu.externaltools.gnu-tools-for-stm32.12.3.rel1.win32_1.1.0.202410251130/tools/bin/../lib/gcc/arm-none-eabi/12.3.1/../../../../arm-none-eabi/lib/thumb/v7-m/nofp\libc_nano.a(libc_a-freer.o)
                0x0800c07c                _free_r
 .text.sbrk_aligned
                0x0800c10c       0x44 D:/program_files/st/STM32CubeIDE_1.16.0/STM32CubeIDE/plugins/com.st.stm32cube.ide.mcu.externaltools.gnu-tools-for-stm32.12.3.rel1.win32_1.1.0.202410251130/tools/bin/../lib/gcc/arm-none-eabi/12.3.1/../../../../arm-none-eabi/lib/thumb/v7-m/nofp\libc_nano.a(libc_a-mallocr.o)
 .text._malloc_r
                0x0800c150      0x100 D:/program_files/st/STM32CubeIDE_1.16.0/STM32CubeIDE/plugins/com.st.stm32cube.ide.mcu.externaltools.gnu-tools-for-stm32.12.3.rel1.win32_1.1.0.202410251130/tools/bin/../lib/gcc/arm-none-eabi/12.3.1/../../../../arm-none-eabi/lib/thumb/v7-m/nofp\libc_nano.a(libc_a-mallocr.o)
                0x0800c150                _malloc_r
 .text.__malloc_lock
                0x0800c250        0xc D:/program_files/st/STM32CubeIDE_1.16.0/STM32CubeIDE/plugins/com.st.stm32cube.ide.mcu.externaltools.gnu-tools-for-stm32.12.3.rel1.win32_1.1.0.202410251130/tools/bin/../lib/gcc/arm-none-eabi/12.3.1/../../../../arm-none-eabi/lib/thumb/v7-m/nofp\libc_nano.a(libc_a-mlock.o)
                0x0800c250                __malloc_lock
 .text.__malloc_unlock
                0x0800c25c        0xc D:/program_files/st/STM32CubeIDE_1.16.0/STM32CubeIDE/plugins/com.st.stm32cube.ide.mcu.externaltools.gnu-tools-for-stm32.12.3.rel1.win32_1.1.0.202410251130/tools/bin/../lib/gcc/arm-none-eabi/12.3.1/../../../../arm-none-eabi/lib/thumb/v7-m/nofp\libc_nano.a(libc_a-mlock.o)
                0x0800c25c                __malloc_unlock
 .text.__ssputs_r
                0x0800c268       0xb6 D:/program_files/st/STM32CubeIDE_1.16.0/STM32CubeIDE/plugins/com.st.stm32cube.ide.mcu.externaltools.gnu-tools-for-stm32.12.3.rel1.win32_1.1.0.202410251130/tools/bin/../lib/gcc/arm-none-eabi/12.3.1/../../../../arm-none-eabi/lib/thumb/v7-m/nofp\libc_nano.a(libc_a-nano-svfprintf.o)
                0x0800c268                __ssputs_r
 *fill*         0x0800c31e        0x2 
 .text._svfprintf_r
                0x0800c320      0x1f8 D:/program_files/st/STM32CubeIDE_1.16.0/STM32CubeIDE/plugins/com.st.stm32cube.ide.mcu.externaltools.gnu-tools-for-stm32.12.3.rel1.win32_1.1.0.202410251130/tools/bin/../lib/gcc/arm-none-eabi/12.3.1/../../../../arm-none-eabi/lib/thumb/v7-m/nofp\libc_nano.a(libc_a-nano-svfprintf.o)
                0x0800c320                _svfiprintf_r
                0x0800c320                _svfprintf_r
 .text.__sfputc_r
                0x0800c518       0x2a D:/program_files/st/STM32CubeIDE_1.16.0/STM32CubeIDE/plugins/com.st.stm32cube.ide.mcu.externaltools.gnu-tools-for-stm32.12.3.rel1.win32_1.1.0.202410251130/tools/bin/../lib/gcc/arm-none-eabi/12.3.1/../../../../arm-none-eabi/lib/thumb/v7-m/nofp\libc_nano.a(libc_a-nano-vfprintf.o)
 .text.__sfputs_r
                0x0800c542       0x24 D:/program_files/st/STM32CubeIDE_1.16.0/STM32CubeIDE/plugins/com.st.stm32cube.ide.mcu.externaltools.gnu-tools-for-stm32.12.3.rel1.win32_1.1.0.202410251130/tools/bin/../lib/gcc/arm-none-eabi/12.3.1/../../../../arm-none-eabi/lib/thumb/v7-m/nofp\libc_nano.a(libc_a-nano-vfprintf.o)
                0x0800c542                __sfputs_r
 *fill*         0x0800c566        0x2 
 .text._vfprintf_r
                0x0800c568      0x230 D:/program_files/st/STM32CubeIDE_1.16.0/STM32CubeIDE/plugins/com.st.stm32cube.ide.mcu.externaltools.gnu-tools-for-stm32.12.3.rel1.win32_1.1.0.202410251130/tools/bin/../lib/gcc/arm-none-eabi/12.3.1/../../../../arm-none-eabi/lib/thumb/v7-m/nofp\libc_nano.a(libc_a-nano-vfprintf.o)
                0x0800c568                _vfprintf_r
                0x0800c568                _vfiprintf_r
 .text._printf_common
                0x0800c798       0xe4 D:/program_files/st/STM32CubeIDE_1.16.0/STM32CubeIDE/plugins/com.st.stm32cube.ide.mcu.externaltools.gnu-tools-for-stm32.12.3.rel1.win32_1.1.0.202410251130/tools/bin/../lib/gcc/arm-none-eabi/12.3.1/../../../../arm-none-eabi/lib/thumb/v7-m/nofp\libc_nano.a(libc_a-nano-vfprintf_i.o)
                0x0800c798                _printf_common
 .text._printf_i
                0x0800c87c      0x240 D:/program_files/st/STM32CubeIDE_1.16.0/STM32CubeIDE/plugins/com.st.stm32cube.ide.mcu.externaltools.gnu-tools-for-stm32.12.3.rel1.win32_1.1.0.202410251130/tools/bin/../lib/gcc/arm-none-eabi/12.3.1/../../../../arm-none-eabi/lib/thumb/v7-m/nofp\libc_nano.a(libc_a-nano-vfprintf_i.o)
                0x0800c87c                _printf_i
 .text.__sflush_r
                0x0800cabc      0x100 D:/program_files/st/STM32CubeIDE_1.16.0/STM32CubeIDE/plugins/com.st.stm32cube.ide.mcu.externaltools.gnu-tools-for-stm32.12.3.rel1.win32_1.1.0.202410251130/tools/bin/../lib/gcc/arm-none-eabi/12.3.1/../../../../arm-none-eabi/lib/thumb/v7-m/nofp\libc_nano.a(libc_a-fflush.o)
                0x0800cabc                __sflush_r
 .text._fflush_r
                0x0800cbbc       0x50 D:/program_files/st/STM32CubeIDE_1.16.0/STM32CubeIDE/plugins/com.st.stm32cube.ide.mcu.externaltools.gnu-tools-for-stm32.12.3.rel1.win32_1.1.0.202410251130/tools/bin/../lib/gcc/arm-none-eabi/12.3.1/../../../../arm-none-eabi/lib/thumb/v7-m/nofp\libc_nano.a(libc_a-fflush.o)
                0x0800cbbc                _fflush_r
 .text.__swbuf_r
                0x0800cc0c       0x7c D:/program_files/st/STM32CubeIDE_1.16.0/STM32CubeIDE/plugins/com.st.stm32cube.ide.mcu.externaltools.gnu-tools-for-stm32.12.3.rel1.win32_1.1.0.202410251130/tools/bin/../lib/gcc/arm-none-eabi/12.3.1/../../../../arm-none-eabi/lib/thumb/v7-m/nofp\libc_nano.a(libc_a-wbuf.o)
                0x0800cc0c                __swbuf_r
 .text.__swsetup_r
                0x0800cc88       0xac D:/program_files/st/STM32CubeIDE_1.16.0/STM32CubeIDE/plugins/com.st.stm32cube.ide.mcu.externaltools.gnu-tools-for-stm32.12.3.rel1.win32_1.1.0.202410251130/tools/bin/../lib/gcc/arm-none-eabi/12.3.1/../../../../arm-none-eabi/lib/thumb/v7-m/nofp\libc_nano.a(libc_a-wsetup.o)
                0x0800cc88                __swsetup_r
 .text.memmove  0x0800cd34       0x34 D:/program_files/st/STM32CubeIDE_1.16.0/STM32CubeIDE/plugins/com.st.stm32cube.ide.mcu.externaltools.gnu-tools-for-stm32.12.3.rel1.win32_1.1.0.202410251130/tools/bin/../lib/gcc/arm-none-eabi/12.3.1/../../../../arm-none-eabi/lib/thumb/v7-m/nofp\libc_nano.a(libc_a-memmove.o)
                0x0800cd34                memmove
 .text._sbrk_r  0x0800cd68       0x20 D:/program_files/st/STM32CubeIDE_1.16.0/STM32CubeIDE/plugins/com.st.stm32cube.ide.mcu.externaltools.gnu-tools-for-stm32.12.3.rel1.win32_1.1.0.202410251130/tools/bin/../lib/gcc/arm-none-eabi/12.3.1/../../../../arm-none-eabi/lib/thumb/v7-m/nofp\libc_nano.a(libc_a-sbrkr.o)
                0x0800cd68                _sbrk_r
 .text.memchr   0x0800cd88       0x1c D:/program_files/st/STM32CubeIDE_1.16.0/STM32CubeIDE/plugins/com.st.stm32cube.ide.mcu.externaltools.gnu-tools-for-stm32.12.3.rel1.win32_1.1.0.202410251130/tools/bin/../lib/gcc/arm-none-eabi/12.3.1/../../../../arm-none-eabi/lib/thumb/v7-m/nofp\libc_nano.a(libc_a-memchr-stub.o)
                0x0800cd88                memchr
 .text._realloc_r
                0x0800cda4       0x5c D:/program_files/st/STM32CubeIDE_1.16.0/STM32CubeIDE/plugins/com.st.stm32cube.ide.mcu.externaltools.gnu-tools-for-stm32.12.3.rel1.win32_1.1.0.202410251130/tools/bin/../lib/gcc/arm-none-eabi/12.3.1/../../../../arm-none-eabi/lib/thumb/v7-m/nofp\libc_nano.a(libc_a-reallocr.o)
                0x0800cda4                _realloc_r
 .text.__swhatbuf_r
                0x0800ce00       0x4a D:/program_files/st/STM32CubeIDE_1.16.0/STM32CubeIDE/plugins/com.st.stm32cube.ide.mcu.externaltools.gnu-tools-for-stm32.12.3.rel1.win32_1.1.0.202410251130/tools/bin/../lib/gcc/arm-none-eabi/12.3.1/../../../../arm-none-eabi/lib/thumb/v7-m/nofp\libc_nano.a(libc_a-makebuf.o)
                0x0800ce00                __swhatbuf_r
 .text.__smakebuf_r
                0x0800ce4a       0x78 D:/program_files/st/STM32CubeIDE_1.16.0/STM32CubeIDE/plugins/com.st.stm32cube.ide.mcu.externaltools.gnu-tools-for-stm32.12.3.rel1.win32_1.1.0.202410251130/tools/bin/../lib/gcc/arm-none-eabi/12.3.1/../../../../arm-none-eabi/lib/thumb/v7-m/nofp\libc_nano.a(libc_a-makebuf.o)
                0x0800ce4a                __smakebuf_r
 *fill*         0x0800cec2        0x2 
 .text._fstat_r
                0x0800cec4       0x24 D:/program_files/st/STM32CubeIDE_1.16.0/STM32CubeIDE/plugins/com.st.stm32cube.ide.mcu.externaltools.gnu-tools-for-stm32.12.3.rel1.win32_1.1.0.202410251130/tools/bin/../lib/gcc/arm-none-eabi/12.3.1/../../../../arm-none-eabi/lib/thumb/v7-m/nofp\libc_nano.a(libc_a-fstatr.o)
                0x0800cec4                _fstat_r
 .text._isatty_r
                0x0800cee8       0x20 D:/program_files/st/STM32CubeIDE_1.16.0/STM32CubeIDE/plugins/com.st.stm32cube.ide.mcu.externaltools.gnu-tools-for-stm32.12.3.rel1.win32_1.1.0.202410251130/tools/bin/../lib/gcc/arm-none-eabi/12.3.1/../../../../arm-none-eabi/lib/thumb/v7-m/nofp\libc_nano.a(libc_a-isattyr.o)
                0x0800cee8                _isatty_r
 .text._malloc_usable_size_r
                0x0800cf08       0x10 D:/program_files/st/STM32CubeIDE_1.16.0/STM32CubeIDE/plugins/com.st.stm32cube.ide.mcu.externaltools.gnu-tools-for-stm32.12.3.rel1.win32_1.1.0.202410251130/tools/bin/../lib/gcc/arm-none-eabi/12.3.1/../../../../arm-none-eabi/lib/thumb/v7-m/nofp\libc_nano.a(libc_a-msizer.o)
                0x0800cf08                _malloc_usable_size_r
 .text.sqrt     0x0800cf18       0x48 D:/program_files/st/STM32CubeIDE_1.16.0/STM32CubeIDE/plugins/com.st.stm32cube.ide.mcu.externaltools.gnu-tools-for-stm32.12.3.rel1.win32_1.1.0.202410251130/tools/bin/../lib/gcc/arm-none-eabi/12.3.1/../../../../arm-none-eabi/lib/thumb/v7-m/nofp\libm.a(libm_a-w_sqrt.o)
                0x0800cf18                sqrt
 .text.sqrtf    0x0800cf60       0x34 D:/program_files/st/STM32CubeIDE_1.16.0/STM32CubeIDE/plugins/com.st.stm32cube.ide.mcu.externaltools.gnu-tools-for-stm32.12.3.rel1.win32_1.1.0.202410251130/tools/bin/../lib/gcc/arm-none-eabi/12.3.1/../../../../arm-none-eabi/lib/thumb/v7-m/nofp\libm.a(libm_a-wf_sqrt.o)
                0x0800cf60                sqrtf
 .text.__ieee754_sqrt
                0x0800cf94      0x1ac D:/program_files/st/STM32CubeIDE_1.16.0/STM32CubeIDE/plugins/com.st.stm32cube.ide.mcu.externaltools.gnu-tools-for-stm32.12.3.rel1.win32_1.1.0.202410251130/tools/bin/../lib/gcc/arm-none-eabi/12.3.1/../../../../arm-none-eabi/lib/thumb/v7-m/nofp\libm.a(libm_a-e_sqrt.o)
                0x0800cf94                __ieee754_sqrt
 .text.__ieee754_sqrtf
                0x0800d140       0xe0 D:/program_files/st/STM32CubeIDE_1.16.0/STM32CubeIDE/plugins/com.st.stm32cube.ide.mcu.externaltools.gnu-tools-for-stm32.12.3.rel1.win32_1.1.0.202410251130/tools/bin/../lib/gcc/arm-none-eabi/12.3.1/../../../../arm-none-eabi/lib/thumb/v7-m/nofp\libm.a(libm_a-ef_sqrt.o)
                0x0800d140                __ieee754_sqrtf
 *(.glue_7)
 .glue_7        0x0800d220        0x0 linker stubs
 *(.glue_7t)
 .glue_7t       0x0800d220        0x0 linker stubs
 *(.eh_frame)
 .eh_frame      0x0800d220        0x0 D:/program_files/st/STM32CubeIDE_1.16.0/STM32CubeIDE/plugins/com.st.stm32cube.ide.mcu.externaltools.gnu-tools-for-stm32.12.3.rel1.win32_1.1.0.202410251130/tools/bin/../lib/gcc/arm-none-eabi/12.3.1/thumb/v7-m/nofp/crtbegin.o
 *(.init)
 .init          0x0800d220        0x4 D:/program_files/st/STM32CubeIDE_1.16.0/STM32CubeIDE/plugins/com.st.stm32cube.ide.mcu.externaltools.gnu-tools-for-stm32.12.3.rel1.win32_1.1.0.202410251130/tools/bin/../lib/gcc/arm-none-eabi/12.3.1/thumb/v7-m/nofp/crti.o
                0x0800d220                _init
 .init          0x0800d224        0x8 D:/program_files/st/STM32CubeIDE_1.16.0/STM32CubeIDE/plugins/com.st.stm32cube.ide.mcu.externaltools.gnu-tools-for-stm32.12.3.rel1.win32_1.1.0.202410251130/tools/bin/../lib/gcc/arm-none-eabi/12.3.1/thumb/v7-m/nofp/crtn.o
 *(.fini)
 .fini          0x0800d22c        0x4 D:/program_files/st/STM32CubeIDE_1.16.0/STM32CubeIDE/plugins/com.st.stm32cube.ide.mcu.externaltools.gnu-tools-for-stm32.12.3.rel1.win32_1.1.0.202410251130/tools/bin/../lib/gcc/arm-none-eabi/12.3.1/thumb/v7-m/nofp/crti.o
                0x0800d22c                _fini
 .fini          0x0800d230        0x8 D:/program_files/st/STM32CubeIDE_1.16.0/STM32CubeIDE/plugins/com.st.stm32cube.ide.mcu.externaltools.gnu-tools-for-stm32.12.3.rel1.win32_1.1.0.202410251130/tools/bin/../lib/gcc/arm-none-eabi/12.3.1/thumb/v7-m/nofp/crtn.o
                0x0800d238                        . = ALIGN (0x4)
                0x0800d238                        _etext = .

.vfp11_veneer   0x0800d238        0x0
 .vfp11_veneer  0x0800d238        0x0 linker stubs

.v4_bx          0x0800d238        0x0
 .v4_bx         0x0800d238        0x0 linker stubs

.iplt           0x0800d238        0x0
 .iplt          0x0800d238        0x0 D:/program_files/st/STM32CubeIDE_1.16.0/STM32CubeIDE/plugins/com.st.stm32cube.ide.mcu.externaltools.gnu-tools-for-stm32.12.3.rel1.win32_1.1.0.202410251130/tools/bin/../lib/gcc/arm-none-eabi/12.3.1/thumb/v7-m/nofp/crtbegin.o

.rodata         0x0800d238    0x1bfd8
                0x0800d238                        . = ALIGN (0x4)
 *(.rodata)
 .rodata        0x0800d238       0x2d ./Core/Src/bluetooth.o
 *fill*         0x0800d265        0x3 
 .rodata        0x0800d268        0xc ./Core/Src/ft5206.o
 .rodata        0x0800d274       0x25 ./Core/Src/gt9147.o
 *fill*         0x0800d299        0x3 
 .rodata        0x0800d29c        0xd ./Core/Src/lcd.o
 *fill*         0x0800d2a9        0x3 
 .rodata        0x0800d2ac      0x10d ./Core/Src/main.o
 *fill*         0x0800d3b9        0x3 
 .rodata        0x0800d3bc        0xc ./Core/Src/ott2001a.o
 .rodata        0x0800d3c8       0xd0 ./Core/Src/touch.o
 .rodata        0x0800d498       0x10 ./Drivers/STM32F1xx_HAL_Driver/Src/stm32f1xx_hal_rcc.o
 *(.rodata*)
 .rodata.FT5206_TPX_TBL
                0x0800d4a8        0xa ./Core/Src/ft5206.o
                0x0800d4a8                FT5206_TPX_TBL
 *fill*         0x0800d4b2        0x2 
 .rodata.GT9147_CFG_TBL
                0x0800d4b4       0xb8 ./Core/Src/gt9147.o
                0x0800d4b4                GT9147_CFG_TBL
 .rodata.GT9147_TPX_TBL
                0x0800d56c        0xa ./Core/Src/gt9147.o
                0x0800d56c                GT9147_TPX_TBL
 *fill*         0x0800d576        0x2 
 .rodata.gImage_end
                0x0800d578     0x1a48 ./Core/Src/lcd.o
                0x0800d578                gImage_end
 .rodata.gImage_start
                0x0800efc0     0x1a48 ./Core/Src/lcd.o
                0x0800efc0                gImage_start
 .rodata.gImage_ES
                0x08010a08     0x1a48 ./Core/Src/lcd.o
                0x08010a08                gImage_ES
 .rodata.gImage_EN
                0x08012450     0x1a48 ./Core/Src/lcd.o
                0x08012450                gImage_EN
 .rodata.gImage_WS
                0x08013e98     0x1a48 ./Core/Src/lcd.o
                0x08013e98                gImage_WS
 .rodata.gImage_WN
                0x080158e0     0x1a48 ./Core/Src/lcd.o
                0x080158e0                gImage_WN
 .rodata.gImage_VLINE
                0x08017328     0x1a48 ./Core/Src/lcd.o
                0x08017328                gImage_VLINE
 .rodata.gImage_HLINE
                0x08018d70     0x1a48 ./Core/Src/lcd.o
                0x08018d70                gImage_HLINE
 .rodata.gImage_obs
                0x0801a7b8     0x1a48 ./Core/Src/lcd.o
                0x0801a7b8                gImage_obs
 .rodata.asc2_1206
                0x0801c200      0x474 ./Core/Src/lcd.o
                0x0801c200                asc2_1206
 .rodata.asc2_1608
                0x0801c674      0x5f0 ./Core/Src/lcd.o
                0x0801c674                asc2_1608
 .rodata.asc2_2412
                0x0801cc64      0xd5c ./Core/Src/lcd.o
                0x0801cc64                asc2_2412
 .rodata.gImage_left
                0x0801d9c0     0x1a48 ./Core/Src/lcd.o
                0x0801d9c0                gImage_left
 .rodata.gImage_right
                0x0801f408     0x1a48 ./Core/Src/lcd.o
                0x0801f408                gImage_right
 .rodata.gImage_back
                0x08020e50     0x1a48 ./Core/Src/lcd.o
                0x08020e50                gImage_back
 .rodata.gImage_forward
                0x08022898     0x1a48 ./Core/Src/lcd.o
                0x08022898                gImage_forward
 .rodata.gImage_turnleft
                0x080242e0     0x1a48 ./Core/Src/lcd.o
                0x080242e0                gImage_turnleft
 .rodata.gImage_turnright
                0x08025d28     0x1a48 ./Core/Src/lcd.o
                0x08025d28                gImage_turnright
 .rodata.gImage_stop
                0x08027770     0x1a48 ./Core/Src/lcd.o
                0x08027770                gImage_stop
 .rodata.OTT_TPX_TBL
                0x080291b8        0xa ./Core/Src/ott2001a.o
                0x080291b8                OTT_TPX_TBL
 *fill*         0x080291c2        0x2 
 .rodata.AHBPrescTable
                0x080291c4       0x10 ./Core/Src/system_stm32f1xx.o
                0x080291c4                AHBPrescTable
 .rodata.APBPrescTable
                0x080291d4        0x8 ./Core/Src/system_stm32f1xx.o
                0x080291d4                APBPrescTable
 .rodata._svfprintf_r.str1.1
                0x080291dc       0x11 D:/program_files/st/STM32CubeIDE_1.16.0/STM32CubeIDE/plugins/com.st.stm32cube.ide.mcu.externaltools.gnu-tools-for-stm32.12.3.rel1.win32_1.1.0.202410251130/tools/bin/../lib/gcc/arm-none-eabi/12.3.1/../../../../arm-none-eabi/lib/thumb/v7-m/nofp\libc_nano.a(libc_a-nano-svfprintf.o)
 .rodata._vfprintf_r.str1.1
                0x080291ed       0x11 D:/program_files/st/STM32CubeIDE_1.16.0/STM32CubeIDE/plugins/com.st.stm32cube.ide.mcu.externaltools.gnu-tools-for-stm32.12.3.rel1.win32_1.1.0.202410251130/tools/bin/../lib/gcc/arm-none-eabi/12.3.1/../../../../arm-none-eabi/lib/thumb/v7-m/nofp\libc_nano.a(libc_a-nano-vfprintf.o)
 .rodata._printf_i.str1.1
                0x080291ed       0x22 D:/program_files/st/STM32CubeIDE_1.16.0/STM32CubeIDE/plugins/com.st.stm32cube.ide.mcu.externaltools.gnu-tools-for-stm32.12.3.rel1.win32_1.1.0.202410251130/tools/bin/../lib/gcc/arm-none-eabi/12.3.1/../../../../arm-none-eabi/lib/thumb/v7-m/nofp\libc_nano.a(libc_a-nano-vfprintf_i.o)
                0x08029210                        . = ALIGN (0x4)
 *fill*         0x0802920f        0x1 

.ARM.extab      0x08029210        0x0
                0x08029210                        . = ALIGN (0x4)
 *(.ARM.extab* .gnu.linkonce.armextab.*)
                0x08029210                        . = ALIGN (0x4)

.ARM            0x08029210        0x8
                0x08029210                        . = ALIGN (0x4)
                0x08029210                        __exidx_start = .
 *(.ARM.exidx*)
 .ARM.exidx     0x08029210        0x8 D:/program_files/st/STM32CubeIDE_1.16.0/STM32CubeIDE/plugins/com.st.stm32cube.ide.mcu.externaltools.gnu-tools-for-stm32.12.3.rel1.win32_1.1.0.202410251130/tools/bin/../lib/gcc/arm-none-eabi/12.3.1/../../../../arm-none-eabi/lib/thumb/v7-m/nofp\libc_nano.a(libc_a-strcmp.o)
                0x08029218                        __exidx_end = .
                0x08029218                        . = ALIGN (0x4)

.rel.dyn        0x08029218        0x0
 .rel.iplt      0x08029218        0x0 D:/program_files/st/STM32CubeIDE_1.16.0/STM32CubeIDE/plugins/com.st.stm32cube.ide.mcu.externaltools.gnu-tools-for-stm32.12.3.rel1.win32_1.1.0.202410251130/tools/bin/../lib/gcc/arm-none-eabi/12.3.1/thumb/v7-m/nofp/crtbegin.o

.preinit_array  0x08029218        0x0
                0x08029218                        . = ALIGN (0x4)
                0x08029218                        PROVIDE (__preinit_array_start = .)
 *(.preinit_array*)
                0x08029218                        PROVIDE (__preinit_array_end = .)
                0x08029218                        . = ALIGN (0x4)

.init_array     0x08029218        0x4
                0x08029218                        . = ALIGN (0x4)
                0x08029218                        PROVIDE (__init_array_start = .)
 *(SORT_BY_NAME(.init_array.*))
 *(.init_array*)
 .init_array    0x08029218        0x4 D:/program_files/st/STM32CubeIDE_1.16.0/STM32CubeIDE/plugins/com.st.stm32cube.ide.mcu.externaltools.gnu-tools-for-stm32.12.3.rel1.win32_1.1.0.202410251130/tools/bin/../lib/gcc/arm-none-eabi/12.3.1/thumb/v7-m/nofp/crtbegin.o
                0x0802921c                        PROVIDE (__init_array_end = .)
                0x0802921c                        . = ALIGN (0x4)

.fini_array     0x0802921c        0x4
                0x0802921c                        . = ALIGN (0x4)
                [!provide]                        PROVIDE (__fini_array_start = .)
 *(SORT_BY_NAME(.fini_array.*))
 *(.fini_array*)
 .fini_array    0x0802921c        0x4 D:/program_files/st/STM32CubeIDE_1.16.0/STM32CubeIDE/plugins/com.st.stm32cube.ide.mcu.externaltools.gnu-tools-for-stm32.12.3.rel1.win32_1.1.0.202410251130/tools/bin/../lib/gcc/arm-none-eabi/12.3.1/thumb/v7-m/nofp/crtbegin.o
                [!provide]                        PROVIDE (__fini_array_end = .)
                0x08029220                        . = ALIGN (0x4)
                0x08029220                        _sidata = LOADADDR (.data)

.data           0x20000000       0xc0 load address 0x08029220
                0x20000000                        . = ALIGN (0x4)
                0x20000000                        _sdata = .
 *(.data)
 *(.data*)
 .data.current_mode
                0x20000000        0x1 ./Core/Src/bluetooth.o
                0x20000000                current_mode
 .data.key_up.0
                0x20000001        0x1 ./Core/Src/key.o
 .data.BACK_COLOR
                0x20000002        0x2 ./Core/Src/lcd.o
                0x20000002                BACK_COLOR
 .data.start_r  0x20000004        0x1 ./Core/Src/main.o
 .data.start_c  0x20000005        0x1 ./Core/Src/main.o
 .data.end_r    0x20000006        0x1 ./Core/Src/main.o
 .data.end_c    0x20000007        0x1 ./Core/Src/main.o
 .data.SystemCoreClock
                0x20000008        0x4 ./Core/Src/system_stm32f1xx.o
                0x20000008                SystemCoreClock
 .data.tp_dev   0x2000000c       0x34 ./Core/Src/touch.o
                0x2000000c                tp_dev
 .data.CMD_RDX  0x20000040        0x1 ./Core/Src/touch.o
                0x20000040                CMD_RDX
 .data.CMD_RDY  0x20000041        0x1 ./Core/Src/touch.o
                0x20000041                CMD_RDY
 *fill*         0x20000042        0x2 
 .data.uwTickPrio
                0x20000044        0x4 ./Drivers/STM32F1xx_HAL_Driver/Src/stm32f1xx_hal.o
                0x20000044                uwTickPrio
 .data.uwTickFreq
                0x20000048        0x1 ./Drivers/STM32F1xx_HAL_Driver/Src/stm32f1xx_hal.o
                0x20000048                uwTickFreq
 *fill*         0x20000049        0x3 
 .data.__sglue  0x2000004c        0xc D:/program_files/st/STM32CubeIDE_1.16.0/STM32CubeIDE/plugins/com.st.stm32cube.ide.mcu.externaltools.gnu-tools-for-stm32.12.3.rel1.win32_1.1.0.202410251130/tools/bin/../lib/gcc/arm-none-eabi/12.3.1/../../../../arm-none-eabi/lib/thumb/v7-m/nofp\libc_nano.a(libc_a-findfp.o)
                0x2000004c                __sglue
 .data._impure_ptr
                0x20000058        0x4 D:/program_files/st/STM32CubeIDE_1.16.0/STM32CubeIDE/plugins/com.st.stm32cube.ide.mcu.externaltools.gnu-tools-for-stm32.12.3.rel1.win32_1.1.0.202410251130/tools/bin/../lib/gcc/arm-none-eabi/12.3.1/../../../../arm-none-eabi/lib/thumb/v7-m/nofp\libc_nano.a(libc_a-impure.o)
                0x20000058                _impure_ptr
 .data._impure_data
                0x2000005c       0x4c D:/program_files/st/STM32CubeIDE_1.16.0/STM32CubeIDE/plugins/com.st.stm32cube.ide.mcu.externaltools.gnu-tools-for-stm32.12.3.rel1.win32_1.1.0.202410251130/tools/bin/../lib/gcc/arm-none-eabi/12.3.1/../../../../arm-none-eabi/lib/thumb/v7-m/nofp\libc_nano.a(libc_a-impure.o)
                0x2000005c                _impure_data
 .data.tiny     0x200000a8        0x8 D:/program_files/st/STM32CubeIDE_1.16.0/STM32CubeIDE/plugins/com.st.stm32cube.ide.mcu.externaltools.gnu-tools-for-stm32.12.3.rel1.win32_1.1.0.202410251130/tools/bin/../lib/gcc/arm-none-eabi/12.3.1/../../../../arm-none-eabi/lib/thumb/v7-m/nofp\libm.a(libm_a-e_sqrt.o)
 .data.one      0x200000b0        0x8 D:/program_files/st/STM32CubeIDE_1.16.0/STM32CubeIDE/plugins/com.st.stm32cube.ide.mcu.externaltools.gnu-tools-for-stm32.12.3.rel1.win32_1.1.0.202410251130/tools/bin/../lib/gcc/arm-none-eabi/12.3.1/../../../../arm-none-eabi/lib/thumb/v7-m/nofp\libm.a(libm_a-e_sqrt.o)
 .data.tiny     0x200000b8        0x4 D:/program_files/st/STM32CubeIDE_1.16.0/STM32CubeIDE/plugins/com.st.stm32cube.ide.mcu.externaltools.gnu-tools-for-stm32.12.3.rel1.win32_1.1.0.202410251130/tools/bin/../lib/gcc/arm-none-eabi/12.3.1/../../../../arm-none-eabi/lib/thumb/v7-m/nofp\libm.a(libm_a-ef_sqrt.o)
 .data.one      0x200000bc        0x4 D:/program_files/st/STM32CubeIDE_1.16.0/STM32CubeIDE/plugins/com.st.stm32cube.ide.mcu.externaltools.gnu-tools-for-stm32.12.3.rel1.win32_1.1.0.202410251130/tools/bin/../lib/gcc/arm-none-eabi/12.3.1/../../../../arm-none-eabi/lib/thumb/v7-m/nofp\libm.a(libm_a-ef_sqrt.o)
 *(.RamFunc)
 *(.RamFunc*)
                0x200000c0                        . = ALIGN (0x4)
                0x200000c0                        _edata = .

.igot.plt       0x200000c0        0x0 load address 0x080292e0
 .igot.plt      0x200000c0        0x0 D:/program_files/st/STM32CubeIDE_1.16.0/STM32CubeIDE/plugins/com.st.stm32cube.ide.mcu.externaltools.gnu-tools-for-stm32.12.3.rel1.win32_1.1.0.202410251130/tools/bin/../lib/gcc/arm-none-eabi/12.3.1/thumb/v7-m/nofp/crtbegin.o
                0x200000c0                        . = ALIGN (0x4)

.bss            0x200000c0     0x9f50 load address 0x080292e0
                0x200000c0                        _sbss = .
                0x200000c0                        __bss_start__ = _sbss
 *(.bss)
 .bss           0x200000c0       0x1c D:/program_files/st/STM32CubeIDE_1.16.0/STM32CubeIDE/plugins/com.st.stm32cube.ide.mcu.externaltools.gnu-tools-for-stm32.12.3.rel1.win32_1.1.0.202410251130/tools/bin/../lib/gcc/arm-none-eabi/12.3.1/thumb/v7-m/nofp/crtbegin.o
 *(.bss*)
 .bss.fac_us    0x200000dc        0x4 ./Core/Src/delay.o
 .bss.t.0       0x200000e0        0x1 ./Core/Src/ft5206.o
 .bss.t.0       0x200000e1        0x1 ./Core/Src/gt9147.o
 .bss.POINT_COLOR
                0x200000e2        0x2 ./Core/Src/lcd.o
                0x200000e2                POINT_COLOR
 .bss.lcddev    0x200000e4        0xe ./Core/Src/lcd.o
                0x200000e4                lcddev
 *fill*         0x200000f2        0x2 
 .bss.rxBuffer  0x200000f4       0x26 ./Core/Src/main.o
                0x200000f4                rxBuffer
 *fill*         0x2000011a        0x2 
 .bss.map       0x2000011c       0x10 ./Core/Src/main.o
                0x2000011c                map
 .bss.mode      0x2000012c        0x4 ./Core/Src/main.o
                0x2000012c                mode
 .bss.change_mode
                0x20000130        0x1 ./Core/Src/main.o
                0x20000130                change_mode
 .bss.flag      0x20000131        0x1 ./Core/Src/main.o
                0x20000131                flag
 .bss.currentStage
                0x20000132        0x1 ./Core/Src/main.o
 *fill*         0x20000133        0x1 
 .bss.start_set
                0x20000134        0x4 ./Core/Src/main.o
 .bss.end_set   0x20000138        0x4 ./Core/Src/main.o
 .bss.userLine  0x2000013c     0x9c40 ./Core/Src/main.o
 .bss.userLineLen
                0x20009d7c        0x4 ./Core/Src/main.o
 .bss.drawingLine
                0x20009d80        0x4 ./Core/Src/main.o
 .bss.grid_path
                0x20009d84       0x20 ./Core/Src/main.o
                0x20009d84                grid_path
 .bss.grid_len  0x20009da4        0x1 ./Core/Src/main.o
                0x20009da4                grid_len
 .bss.nav_pkt   0x20009da5        0x1 ./Core/Src/main.o
                0x20009da5                nav_pkt
 *fill*         0x20009da6        0x2 
 .bss.patternIndex.0
                0x20009da8        0x4 ./Core/Src/main.o
 .bss.t.0       0x20009dac        0x1 ./Core/Src/ott2001a.o
 *fill*         0x20009dad        0x3 
 .bss.hspi1     0x20009db0       0x58 ./Core/Src/spi.o
                0x20009db0                hspi1
 .bss.receiveState.2
                0x20009e08        0x1 ./Core/Src/stm32f1xx_it.o
 *fill*         0x20009e09        0x3 
 .bss.receivedPackage.1
                0x20009e0c       0x24 ./Core/Src/stm32f1xx_it.o
 .bss.dataCount.0
                0x20009e30        0x1 ./Core/Src/stm32f1xx_it.o
 *fill*         0x20009e31        0x3 
 .bss.__sbrk_heap_end
                0x20009e34        0x4 ./Core/Src/sysmem.o
 .bss.huart1    0x20009e38       0x44 ./Core/Src/usart.o
                0x20009e38                huart1
 .bss.huart2    0x20009e7c       0x44 ./Core/Src/usart.o
                0x20009e7c                huart2
 .bss.uwTick    0x20009ec0        0x4 ./Drivers/STM32F1xx_HAL_Driver/Src/stm32f1xx_hal.o
                0x20009ec0                uwTick
 .bss.__sf      0x20009ec4      0x138 D:/program_files/st/STM32CubeIDE_1.16.0/STM32CubeIDE/plugins/com.st.stm32cube.ide.mcu.externaltools.gnu-tools-for-stm32.12.3.rel1.win32_1.1.0.202410251130/tools/bin/../lib/gcc/arm-none-eabi/12.3.1/../../../../arm-none-eabi/lib/thumb/v7-m/nofp\libc_nano.a(libc_a-findfp.o)
                0x20009ec4                __sf
 .bss.__stdio_exit_handler
                0x20009ffc        0x4 D:/program_files/st/STM32CubeIDE_1.16.0/STM32CubeIDE/plugins/com.st.stm32cube.ide.mcu.externaltools.gnu-tools-for-stm32.12.3.rel1.win32_1.1.0.202410251130/tools/bin/../lib/gcc/arm-none-eabi/12.3.1/../../../../arm-none-eabi/lib/thumb/v7-m/nofp\libc_nano.a(libc_a-findfp.o)
                0x20009ffc                __stdio_exit_handler
 .bss.errno     0x2000a000        0x4 D:/program_files/st/STM32CubeIDE_1.16.0/STM32CubeIDE/plugins/com.st.stm32cube.ide.mcu.externaltools.gnu-tools-for-stm32.12.3.rel1.win32_1.1.0.202410251130/tools/bin/../lib/gcc/arm-none-eabi/12.3.1/../../../../arm-none-eabi/lib/thumb/v7-m/nofp\libc_nano.a(libc_a-reent.o)
                0x2000a000                errno
 .bss.__lock___malloc_recursive_mutex
                0x2000a004        0x1 D:/program_files/st/STM32CubeIDE_1.16.0/STM32CubeIDE/plugins/com.st.stm32cube.ide.mcu.externaltools.gnu-tools-for-stm32.12.3.rel1.win32_1.1.0.202410251130/tools/bin/../lib/gcc/arm-none-eabi/12.3.1/../../../../arm-none-eabi/lib/thumb/v7-m/nofp\libc_nano.a(libc_a-lock.o)
                0x2000a004                __lock___malloc_recursive_mutex
 .bss.__lock___sfp_recursive_mutex
                0x2000a005        0x1 D:/program_files/st/STM32CubeIDE_1.16.0/STM32CubeIDE/plugins/com.st.stm32cube.ide.mcu.externaltools.gnu-tools-for-stm32.12.3.rel1.win32_1.1.0.202410251130/tools/bin/../lib/gcc/arm-none-eabi/12.3.1/../../../../arm-none-eabi/lib/thumb/v7-m/nofp\libc_nano.a(libc_a-lock.o)
                0x2000a005                __lock___sfp_recursive_mutex
 *fill*         0x2000a006        0x2 
 .bss.__malloc_sbrk_start
                0x2000a008        0x4 D:/program_files/st/STM32CubeIDE_1.16.0/STM32CubeIDE/plugins/com.st.stm32cube.ide.mcu.externaltools.gnu-tools-for-stm32.12.3.rel1.win32_1.1.0.202410251130/tools/bin/../lib/gcc/arm-none-eabi/12.3.1/../../../../arm-none-eabi/lib/thumb/v7-m/nofp\libc_nano.a(libc_a-mallocr.o)
                0x2000a008                __malloc_sbrk_start
 .bss.__malloc_free_list
                0x2000a00c        0x4 D:/program_files/st/STM32CubeIDE_1.16.0/STM32CubeIDE/plugins/com.st.stm32cube.ide.mcu.externaltools.gnu-tools-for-stm32.12.3.rel1.win32_1.1.0.202410251130/tools/bin/../lib/gcc/arm-none-eabi/12.3.1/../../../../arm-none-eabi/lib/thumb/v7-m/nofp\libc_nano.a(libc_a-mallocr.o)
                0x2000a00c                __malloc_free_list
 *(COMMON)
                0x2000a010                        . = ALIGN (0x4)
                0x2000a010                        _ebss = .
                0x2000a010                        __bss_end__ = _ebss

._user_heap_stack
                0x2000a010      0x600 load address 0x080292e0
                0x2000a010                        . = ALIGN (0x8)
                [!provide]                        PROVIDE (end = .)
                0x2000a010                        PROVIDE (_end = .)
                0x2000a210                        . = (. + _Min_Heap_Size)
 *fill*         0x2000a010      0x200 
                0x2000a610                        . = (. + _Min_Stack_Size)
 *fill*         0x2000a210      0x400 
                0x2000a610                        . = ALIGN (0x8)

/DISCARD/
 libc.a(*)
 libm.a(*)
 libgcc.a(*)

.ARM.attributes
                0x00000000       0x29
 *(.ARM.attributes)
 .ARM.attributes
                0x00000000       0x1d D:/program_files/st/STM32CubeIDE_1.16.0/STM32CubeIDE/plugins/com.st.stm32cube.ide.mcu.externaltools.gnu-tools-for-stm32.12.3.rel1.win32_1.1.0.202410251130/tools/bin/../lib/gcc/arm-none-eabi/12.3.1/thumb/v7-m/nofp/crti.o
 .ARM.attributes
                0x0000001d       0x2d D:/program_files/st/STM32CubeIDE_1.16.0/STM32CubeIDE/plugins/com.st.stm32cube.ide.mcu.externaltools.gnu-tools-for-stm32.12.3.rel1.win32_1.1.0.202410251130/tools/bin/../lib/gcc/arm-none-eabi/12.3.1/thumb/v7-m/nofp/crtbegin.o
 .ARM.attributes
                0x0000004a       0x2d ./Core/Src/24cxx.o
 .ARM.attributes
                0x00000077       0x2d ./Core/Src/bluetooth.o
 .ARM.attributes
                0x000000a4       0x2d ./Core/Src/ctiic.o
 .ARM.attributes
                0x000000d1       0x2d ./Core/Src/delay.o
 .ARM.attributes
                0x000000fe       0x2d ./Core/Src/ft5206.o
 .ARM.attributes
                0x0000012b       0x2d ./Core/Src/gpio.o
 .ARM.attributes
                0x00000158       0x2d ./Core/Src/gt9147.o
 .ARM.attributes
                0x00000185       0x2d ./Core/Src/key.o
 .ARM.attributes
                0x000001b2       0x2d ./Core/Src/lcd.o
 .ARM.attributes
                0x000001df       0x2d ./Core/Src/led.o
 .ARM.attributes
                0x0000020c       0x2d ./Core/Src/main.o
 .ARM.attributes
                0x00000239       0x2d ./Core/Src/myiic.o
 .ARM.attributes
                0x00000266       0x2d ./Core/Src/ott2001a.o
 .ARM.attributes
                0x00000293       0x2d ./Core/Src/spi.o
 .ARM.attributes
                0x000002c0       0x2d ./Core/Src/stm32f1xx_hal_msp.o
 .ARM.attributes
                0x000002ed       0x2d ./Core/Src/stm32f1xx_it.o
 .ARM.attributes
                0x0000031a       0x2d ./Core/Src/sys.o
 .ARM.attributes
                0x00000347       0x2d ./Core/Src/syscalls.o
 .ARM.attributes
                0x00000374       0x2d ./Core/Src/sysmem.o
 .ARM.attributes
                0x000003a1       0x2d ./Core/Src/system_stm32f1xx.o
 .ARM.attributes
                0x000003ce       0x2d ./Core/Src/touch.o
 .ARM.attributes
                0x000003fb       0x2d ./Core/Src/usart.o
 .ARM.attributes
                0x00000428       0x21 ./Core/Startup/startup_stm32f103rctx.o
 .ARM.attributes
                0x00000449       0x2d ./Drivers/STM32F1xx_HAL_Driver/Src/stm32f1xx_hal.o
 .ARM.attributes
                0x00000476       0x2d ./Drivers/STM32F1xx_HAL_Driver/Src/stm32f1xx_hal_cortex.o
 .ARM.attributes
                0x000004a3       0x2d ./Drivers/STM32F1xx_HAL_Driver/Src/stm32f1xx_hal_dma.o
 .ARM.attributes
                0x000004d0       0x2d ./Drivers/STM32F1xx_HAL_Driver/Src/stm32f1xx_hal_gpio.o
 .ARM.attributes
                0x000004fd       0x2d ./Drivers/STM32F1xx_HAL_Driver/Src/stm32f1xx_hal_rcc.o
 .ARM.attributes
                0x0000052a       0x2d ./Drivers/STM32F1xx_HAL_Driver/Src/stm32f1xx_hal_spi.o
 .ARM.attributes
                0x00000557       0x2d ./Drivers/STM32F1xx_HAL_Driver/Src/stm32f1xx_hal_uart.o
 .ARM.attributes
                0x00000584       0x2d D:/program_files/st/STM32CubeIDE_1.16.0/STM32CubeIDE/plugins/com.st.stm32cube.ide.mcu.externaltools.gnu-tools-for-stm32.12.3.rel1.win32_1.1.0.202410251130/tools/bin/../lib/gcc/arm-none-eabi/12.3.1/../../../../arm-none-eabi/lib/thumb/v7-m/nofp\libc_nano.a(libc_a-findfp.o)
 .ARM.attributes
                0x000005b1       0x2d D:/program_files/st/STM32CubeIDE_1.16.0/STM32CubeIDE/plugins/com.st.stm32cube.ide.mcu.externaltools.gnu-tools-for-stm32.12.3.rel1.win32_1.1.0.202410251130/tools/bin/../lib/gcc/arm-none-eabi/12.3.1/../../../../arm-none-eabi/lib/thumb/v7-m/nofp\libc_nano.a(libc_a-fwalk.o)
 .ARM.attributes
                0x000005de       0x2d D:/program_files/st/STM32CubeIDE_1.16.0/STM32CubeIDE/plugins/com.st.stm32cube.ide.mcu.externaltools.gnu-tools-for-stm32.12.3.rel1.win32_1.1.0.202410251130/tools/bin/../lib/gcc/arm-none-eabi/12.3.1/../../../../arm-none-eabi/lib/thumb/v7-m/nofp\libc_nano.a(libc_a-printf.o)
 .ARM.attributes
                0x0000060b       0x2d D:/program_files/st/STM32CubeIDE_1.16.0/STM32CubeIDE/plugins/com.st.stm32cube.ide.mcu.externaltools.gnu-tools-for-stm32.12.3.rel1.win32_1.1.0.202410251130/tools/bin/../lib/gcc/arm-none-eabi/12.3.1/../../../../arm-none-eabi/lib/thumb/v7-m/nofp\libc_nano.a(libc_a-sprintf.o)
 .ARM.attributes
                0x00000638       0x2d D:/program_files/st/STM32CubeIDE_1.16.0/STM32CubeIDE/plugins/com.st.stm32cube.ide.mcu.externaltools.gnu-tools-for-stm32.12.3.rel1.win32_1.1.0.202410251130/tools/bin/../lib/gcc/arm-none-eabi/12.3.1/../../../../arm-none-eabi/lib/thumb/v7-m/nofp\libc_nano.a(libc_a-stdio.o)
 .ARM.attributes
                0x00000665       0x2d D:/program_files/st/STM32CubeIDE_1.16.0/STM32CubeIDE/plugins/com.st.stm32cube.ide.mcu.externaltools.gnu-tools-for-stm32.12.3.rel1.win32_1.1.0.202410251130/tools/bin/../lib/gcc/arm-none-eabi/12.3.1/../../../../arm-none-eabi/lib/thumb/v7-m/nofp\libc_nano.a(libc_a-memset.o)
 .ARM.attributes
                0x00000692       0x2d D:/program_files/st/STM32CubeIDE_1.16.0/STM32CubeIDE/plugins/com.st.stm32cube.ide.mcu.externaltools.gnu-tools-for-stm32.12.3.rel1.win32_1.1.0.202410251130/tools/bin/../lib/gcc/arm-none-eabi/12.3.1/../../../../arm-none-eabi/lib/thumb/v7-m/nofp\libc_nano.a(libc_a-closer.o)
 .ARM.attributes
                0x000006bf       0x2d D:/program_files/st/STM32CubeIDE_1.16.0/STM32CubeIDE/plugins/com.st.stm32cube.ide.mcu.externaltools.gnu-tools-for-stm32.12.3.rel1.win32_1.1.0.202410251130/tools/bin/../lib/gcc/arm-none-eabi/12.3.1/../../../../arm-none-eabi/lib/thumb/v7-m/nofp\libc_nano.a(libc_a-reent.o)
 .ARM.attributes
                0x000006ec       0x2d D:/program_files/st/STM32CubeIDE_1.16.0/STM32CubeIDE/plugins/com.st.stm32cube.ide.mcu.externaltools.gnu-tools-for-stm32.12.3.rel1.win32_1.1.0.202410251130/tools/bin/../lib/gcc/arm-none-eabi/12.3.1/../../../../arm-none-eabi/lib/thumb/v7-m/nofp\libc_nano.a(libc_a-impure.o)
 .ARM.attributes
                0x00000719       0x2d D:/program_files/st/STM32CubeIDE_1.16.0/STM32CubeIDE/plugins/com.st.stm32cube.ide.mcu.externaltools.gnu-tools-for-stm32.12.3.rel1.win32_1.1.0.202410251130/tools/bin/../lib/gcc/arm-none-eabi/12.3.1/../../../../arm-none-eabi/lib/thumb/v7-m/nofp\libc_nano.a(libc_a-lseekr.o)
 .ARM.attributes
                0x00000746       0x2d D:/program_files/st/STM32CubeIDE_1.16.0/STM32CubeIDE/plugins/com.st.stm32cube.ide.mcu.externaltools.gnu-tools-for-stm32.12.3.rel1.win32_1.1.0.202410251130/tools/bin/../lib/gcc/arm-none-eabi/12.3.1/../../../../arm-none-eabi/lib/thumb/v7-m/nofp\libc_nano.a(libc_a-readr.o)
 .ARM.attributes
                0x00000773       0x2d D:/program_files/st/STM32CubeIDE_1.16.0/STM32CubeIDE/plugins/com.st.stm32cube.ide.mcu.externaltools.gnu-tools-for-stm32.12.3.rel1.win32_1.1.0.202410251130/tools/bin/../lib/gcc/arm-none-eabi/12.3.1/../../../../arm-none-eabi/lib/thumb/v7-m/nofp\libc_nano.a(libc_a-writer.o)
 .ARM.attributes
                0x000007a0       0x2d D:/program_files/st/STM32CubeIDE_1.16.0/STM32CubeIDE/plugins/com.st.stm32cube.ide.mcu.externaltools.gnu-tools-for-stm32.12.3.rel1.win32_1.1.0.202410251130/tools/bin/../lib/gcc/arm-none-eabi/12.3.1/../../../../arm-none-eabi/lib/thumb/v7-m/nofp\libc_nano.a(libc_a-errno.o)
 .ARM.attributes
                0x000007cd       0x2d D:/program_files/st/STM32CubeIDE_1.16.0/STM32CubeIDE/plugins/com.st.stm32cube.ide.mcu.externaltools.gnu-tools-for-stm32.12.3.rel1.win32_1.1.0.202410251130/tools/bin/../lib/gcc/arm-none-eabi/12.3.1/../../../../arm-none-eabi/lib/thumb/v7-m/nofp\libc_nano.a(libc_a-init.o)
 .ARM.attributes
                0x000007fa       0x2d D:/program_files/st/STM32CubeIDE_1.16.0/STM32CubeIDE/plugins/com.st.stm32cube.ide.mcu.externaltools.gnu-tools-for-stm32.12.3.rel1.win32_1.1.0.202410251130/tools/bin/../lib/gcc/arm-none-eabi/12.3.1/../../../../arm-none-eabi/lib/thumb/v7-m/nofp\libc_nano.a(libc_a-lock.o)
 .ARM.attributes
                0x00000827       0x1b D:/program_files/st/STM32CubeIDE_1.16.0/STM32CubeIDE/plugins/com.st.stm32cube.ide.mcu.externaltools.gnu-tools-for-stm32.12.3.rel1.win32_1.1.0.202410251130/tools/bin/../lib/gcc/arm-none-eabi/12.3.1/../../../../arm-none-eabi/lib/thumb/v7-m/nofp\libc_nano.a(libc_a-strcmp.o)
 .ARM.attributes
                0x00000842       0x2d D:/program_files/st/STM32CubeIDE_1.16.0/STM32CubeIDE/plugins/com.st.stm32cube.ide.mcu.externaltools.gnu-tools-for-stm32.12.3.rel1.win32_1.1.0.202410251130/tools/bin/../lib/gcc/arm-none-eabi/12.3.1/../../../../arm-none-eabi/lib/thumb/v7-m/nofp\libc_nano.a(libc_a-memcpy-stub.o)
 .ARM.attributes
                0x0000086f       0x2d D:/program_files/st/STM32CubeIDE_1.16.0/STM32CubeIDE/plugins/com.st.stm32cube.ide.mcu.externaltools.gnu-tools-for-stm32.12.3.rel1.win32_1.1.0.202410251130/tools/bin/../lib/gcc/arm-none-eabi/12.3.1/../../../../arm-none-eabi/lib/thumb/v7-m/nofp\libc_nano.a(libc_a-freer.o)
 .ARM.attributes
                0x0000089c       0x2d D:/program_files/st/STM32CubeIDE_1.16.0/STM32CubeIDE/plugins/com.st.stm32cube.ide.mcu.externaltools.gnu-tools-for-stm32.12.3.rel1.win32_1.1.0.202410251130/tools/bin/../lib/gcc/arm-none-eabi/12.3.1/../../../../arm-none-eabi/lib/thumb/v7-m/nofp\libc_nano.a(libc_a-mallocr.o)
 .ARM.attributes