../Core/Src/main.c:79:6:gui_draw_hline	32	static
../Core/Src/main.c:88:6:gui_fill_circle	40	static
../Core/Src/main.c:114:5:my_abs	16	static
../Core/Src/main.c:123:6:lcd_draw_bline	64	static
../Core/Src/main.c:159:6:draw_obstacle	24	static
../Core/Src/main.c:164:6:draw_path	24	static
../Core/Src/main.c:195:6:draw_map	32	static
../Core/Src/main.c:214:6:full_control	32	static
../Core/Src/main.c:237:6:path_processing	32	static
../Core/Src/main.c:261:6:detect_obs	24	static
../Core/Src/main.c:317:5:main	24	static
../Core/Src/main.c:391:6:SystemClock_Config	72	static
../Core/Src/main.c:431:13:MX_SPI1_Init	8	static
../Core/Src/main.c:469:13:MX_USART1_UART_Init	8	static
../Core/Src/main.c:502:13:MX_GPIO_Init	16	static
../Core/Src/main.c:519:6:Error_Handler	4	static,ignoring_inline_asm
