Archive member included to satisfy reference by file (symbol)

D:/IDEAndEngineerSoftware/STM32CubelDE_V1.16.0/STM32CubeIDE_1.16.1/STM32CubeIDE/plugins/com.st.stm32cube.ide.mcu.externaltools.gnu-tools-for-stm32.12.3.rel1.win32_1.0.200.202406191623/tools/bin/../lib/gcc/arm-none-eabi/12.3.1/../../../../arm-none-eabi/lib/thumb/v7-m/nofp\libc_nano.a(libc_a-exit.o)
                              D:/IDEAndEngineerSoftware/STM32CubelDE_V1.16.0/STM32CubeIDE_1.16.1/STM32CubeIDE/plugins/com.st.stm32cube.ide.mcu.externaltools.gnu-tools-for-stm32.12.3.rel1.win32_1.0.200.202406191623/tools/bin/../lib/gcc/arm-none-eabi/12.3.1/../../../../arm-none-eabi/lib/thumb/v7-m/nofp/crt0.o (exit)
D:/IDEAndEngineerSoftware/STM32CubelDE_V1.16.0/STM32CubeIDE_1.16.1/STM32CubeIDE/plugins/com.st.stm32cube.ide.mcu.externaltools.gnu-tools-for-stm32.12.3.rel1.win32_1.0.200.202406191623/tools/bin/../lib/gcc/arm-none-eabi/12.3.1/../../../../arm-none-eabi/lib/thumb/v7-m/nofp\libc_nano.a(libc_a-findfp.o)
                              D:/IDEAndEngineerSoftware/STM32CubelDE_V1.16.0/STM32CubeIDE_1.16.1/STM32CubeIDE/plugins/com.st.stm32cube.ide.mcu.externaltools.gnu-tools-for-stm32.12.3.rel1.win32_1.0.200.202406191623/tools/bin/../lib/gcc/arm-none-eabi/12.3.1/../../../../arm-none-eabi/lib/thumb/v7-m/nofp\libc_nano.a(libc_a-exit.o) (__stdio_exit_handler)
D:/IDEAndEngineerSoftware/STM32CubelDE_V1.16.0/STM32CubeIDE_1.16.1/STM32CubeIDE/plugins/com.st.stm32cube.ide.mcu.externaltools.gnu-tools-for-stm32.12.3.rel1.win32_1.0.200.202406191623/tools/bin/../lib/gcc/arm-none-eabi/12.3.1/../../../../arm-none-eabi/lib/thumb/v7-m/nofp\libc_nano.a(libc_a-fwalk.o)
                              D:/IDEAndEngineerSoftware/STM32CubelDE_V1.16.0/STM32CubeIDE_1.16.1/STM32CubeIDE/plugins/com.st.stm32cube.ide.mcu.externaltools.gnu-tools-for-stm32.12.3.rel1.win32_1.0.200.202406191623/tools/bin/../lib/gcc/arm-none-eabi/12.3.1/../../../../arm-none-eabi/lib/thumb/v7-m/nofp\libc_nano.a(libc_a-findfp.o) (_fwalk_sglue)
D:/IDEAndEngineerSoftware/STM32CubelDE_V1.16.0/STM32CubeIDE_1.16.1/STM32CubeIDE/plugins/com.st.stm32cube.ide.mcu.externaltools.gnu-tools-for-stm32.12.3.rel1.win32_1.0.200.202406191623/tools/bin/../lib/gcc/arm-none-eabi/12.3.1/../../../../arm-none-eabi/lib/thumb/v7-m/nofp\libc_nano.a(libc_a-stdio.o)
                              D:/IDEAndEngineerSoftware/STM32CubelDE_V1.16.0/STM32CubeIDE_1.16.1/STM32CubeIDE/plugins/com.st.stm32cube.ide.mcu.externaltools.gnu-tools-for-stm32.12.3.rel1.win32_1.0.200.202406191623/tools/bin/../lib/gcc/arm-none-eabi/12.3.1/../../../../arm-none-eabi/lib/thumb/v7-m/nofp\libc_nano.a(libc_a-findfp.o) (__sread)
D:/IDEAndEngineerSoftware/STM32CubelDE_V1.16.0/STM32CubeIDE_1.16.1/STM32CubeIDE/plugins/com.st.stm32cube.ide.mcu.externaltools.gnu-tools-for-stm32.12.3.rel1.win32_1.0.200.202406191623/tools/bin/../lib/gcc/arm-none-eabi/12.3.1/../../../../arm-none-eabi/lib/thumb/v7-m/nofp\libc_nano.a(libc_a-memcmp.o)
                              ./Core/Src/inv_mpu.o (memcmp)
D:/IDEAndEngineerSoftware/STM32CubelDE_V1.16.0/STM32CubeIDE_1.16.1/STM32CubeIDE/plugins/com.st.stm32cube.ide.mcu.externaltools.gnu-tools-for-stm32.12.3.rel1.win32_1.0.200.202406191623/tools/bin/../lib/gcc/arm-none-eabi/12.3.1/../../../../arm-none-eabi/lib/thumb/v7-m/nofp\libc_nano.a(libc_a-memset.o)
                              D:/IDEAndEngineerSoftware/STM32CubelDE_V1.16.0/STM32CubeIDE_1.16.1/STM32CubeIDE/plugins/com.st.stm32cube.ide.mcu.externaltools.gnu-tools-for-stm32.12.3.rel1.win32_1.0.200.202406191623/tools/bin/../lib/gcc/arm-none-eabi/12.3.1/../../../../arm-none-eabi/lib/thumb/v7-m/nofp/crt0.o (memset)
D:/IDEAndEngineerSoftware/STM32CubelDE_V1.16.0/STM32CubeIDE_1.16.1/STM32CubeIDE/plugins/com.st.stm32cube.ide.mcu.externaltools.gnu-tools-for-stm32.12.3.rel1.win32_1.0.200.202406191623/tools/bin/../lib/gcc/arm-none-eabi/12.3.1/../../../../arm-none-eabi/lib/thumb/v7-m/nofp\libc_nano.a(libc_a-closer.o)
                              D:/IDEAndEngineerSoftware/STM32CubelDE_V1.16.0/STM32CubeIDE_1.16.1/STM32CubeIDE/plugins/com.st.stm32cube.ide.mcu.externaltools.gnu-tools-for-stm32.12.3.rel1.win32_1.0.200.202406191623/tools/bin/../lib/gcc/arm-none-eabi/12.3.1/../../../../arm-none-eabi/lib/thumb/v7-m/nofp\libc_nano.a(libc_a-stdio.o) (_close_r)
D:/IDEAndEngineerSoftware/STM32CubelDE_V1.16.0/STM32CubeIDE_1.16.1/STM32CubeIDE/plugins/com.st.stm32cube.ide.mcu.externaltools.gnu-tools-for-stm32.12.3.rel1.win32_1.0.200.202406191623/tools/bin/../lib/gcc/arm-none-eabi/12.3.1/../../../../arm-none-eabi/lib/thumb/v7-m/nofp\libc_nano.a(libc_a-reent.o)
                              D:/IDEAndEngineerSoftware/STM32CubelDE_V1.16.0/STM32CubeIDE_1.16.1/STM32CubeIDE/plugins/com.st.stm32cube.ide.mcu.externaltools.gnu-tools-for-stm32.12.3.rel1.win32_1.0.200.202406191623/tools/bin/../lib/gcc/arm-none-eabi/12.3.1/../../../../arm-none-eabi/lib/thumb/v7-m/nofp\libc_nano.a(libc_a-closer.o) (errno)
[...]
Memory Configuration

Name             Origin             Length             Attributes
RAM              0x20000000         0x0000c000         xrw
FLASH            0x08000000         0x00040000         xr
*default*        0x00000000         0xffffffff

Linker script and memory map

LOAD D:/IDEAndEngineerSoftware/STM32CubelDE_V1.16.0/STM32CubeIDE_1.16.1/STM32CubeIDE/plugins/com.st.stm32cube.ide.mcu.externaltools.gnu-tools-for-stm32.12.3.rel1.win32_1.0.200.202406191623/tools/bin/../lib/gcc/arm-none-eabi/12.3.1/thumb/v7-m/nofp/crti.o
LOAD D:/IDEAndEngineerSoftware/STM32CubelDE_V1.16.0/STM32CubeIDE_1.16.1/STM32CubeIDE/plugins/com.st.stm32cube.ide.mcu.externaltools.gnu-tools-for-stm32.12.3.rel1.win32_1.0.200.202406191623/tools/bin/../lib/gcc/arm-none-eabi/12.3.1/thumb/v7-m/nofp/crtbegin.o
LOAD D:/IDEAndEngineerSoftware/STM32CubelDE_V1.16.0/STM32CubeIDE_1.16.1/STM32CubeIDE/plugins/com.st.stm32cube.ide.mcu.externaltools.gnu-tools-for-stm32.12.3.rel1.win32_1.0.200.202406191623/tools/bin/../lib/gcc/arm-none-eabi/12.3.1/../../../../arm-none-eabi/lib/thumb/v7-m/nofp/crt0.o
LOAD ./Core/Src/MPU6050.o
LOAD ./Core/Src/bluetooth.o
LOAD ./Core/Src/gpio.o
LOAD ./Core/Src/i2c.o
LOAD ./Core/Src/infraredTrack.o
LOAD ./Core/Src/inv_mpu.o
LOAD ./Core/Src/inv_mpu_dmp_motion_driver.o
LOAD ./Core/Src/main.o
LOAD ./Core/Src/stm32f1xx_hal_msp.o
LOAD ./Core/Src/stm32f1xx_it.o
LOAD ./Core/Src/syscalls.o
LOAD ./Core/Src/sysmem.o
LOAD ./Core/Src/system_stm32f1xx.o
LOAD ./Core/Src/tim.o
LOAD ./Core/Src/usart.o
LOAD ./Core/Startup/startup_stm32f103rctx.o
LOAD ./Core/System/Server.o
LOAD ./Core/System/UltrasonicWave.o
LOAD ./Core/System/motor.o
LOAD ./Drivers/STM32F1xx_HAL_Driver/Src/stm32f1xx_hal.o
LOAD ./Drivers/STM32F1xx_HAL_Driver/Src/stm32f1xx_hal_cortex.o
LOAD ./Drivers/STM32F1xx_HAL_Driver/Src/stm32f1xx_hal_dma.o
LOAD ./Drivers/STM32F1xx_HAL_Driver/Src/stm32f1xx_hal_exti.o
LOAD ./Drivers/STM32F1xx_HAL_Driver/Src/stm32f1xx_hal_flash.o
LOAD ./Drivers/STM32F1xx_HAL_Driver/Src/stm32f1xx_hal_flash_ex.o
LOAD ./Drivers/STM32F1xx_HAL_Driver/Src/stm32f1xx_hal_gpio.o
LOAD ./Drivers/STM32F1xx_HAL_Driver/Src/stm32f1xx_hal_gpio_ex.o
LOAD ./Drivers/STM32F1xx_HAL_Driver/Src/stm32f1xx_hal_i2c.o
LOAD ./Drivers/STM32F1xx_HAL_Driver/Src/stm32f1xx_hal_pwr.o
LOAD ./Drivers/STM32F1xx_HAL_Driver/Src/stm32f1xx_hal_rcc.o
LOAD ./Drivers/STM32F1xx_HAL_Driver/Src/stm32f1xx_hal_rcc_ex.o
LOAD ./Drivers/STM32F1xx_HAL_Driver/Src/stm32f1xx_hal_tim.o
LOAD ./Drivers/STM32F1xx_HAL_Driver/Src/stm32f1xx_hal_tim_ex.o
LOAD ./Drivers/STM32F1xx_HAL_Driver/Src/stm32f1xx_hal_uart.o
START GROUP
LOAD D:/IDEAndEngineerSoftware/STM32CubelDE_V1.16.0/STM32CubeIDE_1.16.1/STM32CubeIDE/plugins/com.st.stm32cube.ide.mcu.externaltools.gnu-tools-for-stm32.12.3.rel1.win32_1.0.200.202406191623/tools/bin/../lib/gcc/arm-none-eabi/12.3.1/../../../../arm-none-eabi/lib/thumb/v7-m/nofp\libc_nano.a
LOAD D:/IDEAndEngineerSoftware/STM32CubelDE_V1.16.0/STM32CubeIDE_1.16.1/STM32CubeIDE/plugins/com.st.stm32cube.ide.mcu.externaltools.gnu-tools-for-stm32.12.3.rel1.win32_1.0.200.202406191623/tools/bin/../lib/gcc/arm-none-eabi/12.3.1/../../../../arm-none-eabi/lib/thumb/v7-m/nofp\libm.a
END GROUP
START GROUP
LOAD D:/IDEAndEngineerSoftware/STM32CubelDE_V1.16.0/STM32CubeIDE_1.16.1/STM32CubeIDE/plugins/com.st.stm32cube.ide.mcu.externaltools.gnu-tools-for-stm32.12.3.rel1.win32_1.0.200.202406191623/tools/bin/../lib/gcc/arm-none-eabi/12.3.1/thumb/v7-m/nofp\libgcc.a
LOAD D:/IDEAndEngineerSoftware/STM32CubelDE_V1.16.0/STM32CubeIDE_1.16.1/STM32CubeIDE/plugins/com.st.stm32cube.ide.mcu.externaltools.gnu-tools-for-stm32.12.3.rel1.win32_1.0.200.202406191623/tools/bin/../lib/gcc/arm-none-eabi/12.3.1/../../../../arm-none-eabi/lib/thumb/v7-m/nofp\libc_nano.a
END GROUP
START GROUP
LOAD D:/IDEAndEngineerSoftware/STM32CubelDE_V1.16.0/STM32CubeIDE_1.16.1/STM32CubeIDE/plugins/com.st.stm32cube.ide.mcu.externaltools.gnu-tools-for-stm32.12.3.rel1.win32_1.0.200.202406191623/tools/bin/../lib/gcc/arm-none-eabi/12.3.1/thumb/v7-m/nofp\libgcc.a
LOAD D:/IDEAndEngineerSoftware/STM32CubelDE_V1.16.0/STM32CubeIDE_1.16.1/STM32CubeIDE/plugins/com.st.stm32cube.ide.mcu.externaltools.gnu-tools-for-stm32.12.3.rel1.win32_1.0.200.202406191623/tools/bin/../lib/gcc/arm-none-eabi/12.3.1/../../../../arm-none-eabi/lib/thumb/v7-m/nofp\libc_nano.a
LOAD D:/IDEAndEngineerSoftware/STM32CubelDE_V1.16.0/STM32CubeIDE_1.16.1/STM32CubeIDE/plugins/com.st.stm32cube.ide.mcu.externaltools.gnu-tools-for-stm32.12.3.rel1.win32_1.0.200.202406191623/tools/bin/../lib/gcc/arm-none-eabi/12.3.1/../../../../arm-none-eabi/lib/thumb/v7-m/nofp\libnosys.a
END GROUP
START GROUP
LOAD D:/IDEAndEngineerSoftware/STM32CubelDE_V1.16.0/STM32CubeIDE_1.16.1/STM32CubeIDE/plugins/com.st.stm32cube.ide.mcu.externaltools.gnu-tools-for-stm32.12.3.rel1.win32_1.0.200.202406191623/tools/bin/../lib/gcc/arm-none-eabi/12.3.1/thumb/v7-m/nofp\libgcc.a
LOAD D:/IDEAndEngineerSoftware/STM32CubelDE_V1.16.0/STM32CubeIDE_1.16.1/STM32CubeIDE/plugins/com.st.stm32cube.ide.mcu.externaltools.gnu-tools-for-stm32.12.3.rel1.win32_1.0.200.202406191623/tools/bin/../lib/gcc/arm-none-eabi/12.3.1/../../../../arm-none-eabi/lib/thumb/v7-m/nofp\libc_nano.a
LOAD D:/IDEAndEngineerSoftware/STM32CubelDE_V1.16.0/STM32CubeIDE_1.16.1/STM32CubeIDE/plugins/com.st.stm32cube.ide.mcu.externaltools.gnu-tools-for-stm32.12.3.rel1.win32_1.0.200.202406191623/tools/bin/../lib/gcc/arm-none-eabi/12.3.1/../../../../arm-none-eabi/lib/thumb/v7-m/nofp\libnosys.a
END GROUP
LOAD D:/IDEAndEngineerSoftware/STM32CubelDE_V1.16.0/STM32CubeIDE_1.16.1/STM32CubeIDE/plugins/com.st.stm32cube.ide.mcu.externaltools.gnu-tools-for-stm32.12.3.rel1.win32_1.0.200.202406191623/tools/bin/../lib/gcc/arm-none-eabi/12.3.1/thumb/v7-m/nofp/crtend.o
LOAD D:/IDEAndEngineerSoftware/STM32CubelDE_V1.16.0/STM32CubeIDE_1.16.1/STM32CubeIDE/plugins/com.st.stm32cube.ide.mcu.externaltools.gnu-tools-for-stm32.12.3.rel1.win32_1.0.200.202406191623/tools/bin/../lib/gcc/arm-none-eabi/12.3.1/thumb/v7-m/nofp/crtn.o
                0x2000c000                        _estack = (ORIGIN (RAM) + LENGTH (RAM))
                0x00000200                        _Min_Heap_Size = 0x200
                0x00000400                        _Min_Stack_Size = 0x400

.isr_vector     0x08000000      0x1e4
                0x08000000                        . = ALIGN (0x4)
 *(.isr_vector)
 .isr_vector    0x08000000      0x1e4 ./Core/Startup/startup_stm32f103rctx.o
                0x08000000                g_pfnVectors
                0x080001e4                        . = ALIGN (0x4)

.text           0x080001e4     0x8b94
                0x080001e4                        . = ALIGN (0x4)
 *(.text)
 .text          0x080001e4       0x40 D:/IDEAndEngineerSoftware/STM32CubelDE_V1.16.0/STM32CubeIDE_1.16.1/STM32CubeIDE/plugins/com.st.stm32cube.ide.mcu.externaltools.gnu-tools-for-stm32.12.3.rel1.win32_1.0.200.202406191623/tools/bin/../lib/gcc/arm-none-eabi/12.3.1/thumb/v7-m/nofp/crtbegin.o
 .text          0x08000224      0x21c D:/IDEAndEngineerSoftware/STM32CubelDE_V1.16.0/STM32CubeIDE_1.16.1/STM32CubeIDE/plugins/com.st.stm32cube.ide.mcu.externaltools.gnu-tools-for-stm32.12.3.rel1.win32_1.0.200.202406191623/tools/bin/../lib/gcc/arm-none-eabi/12.3.1/thumb/v7-m/nofp\libgcc.a(_arm_addsubsf3.o)
                0x08000224                __aeabi_frsub
                0x0800022c                __subsf3
                0x0800022c                __aeabi_fsub
                0x08000230                __aeabi_fadd
                0x08000230                __addsf3
                0x08000390                __aeabi_ui2f
                0x08000390                __floatunsisf
                0x08000398                __aeabi_i2f
                0x08000398                __floatsisf
                0x080003b4                __aeabi_ul2f
                0x080003b4                __floatundisf
                0x080003c4                __aeabi_l2f
                0x080003c4                __floatdisf
 .text          0x08000440      0x2a0 D:/IDEAndEngineerSoftware/STM32CubelDE_V1.16.0/STM32CubeIDE_1.16.1/STM32CubeIDE/plugins/com.st.stm32cube.ide.mcu.externaltools.gnu-tools-for-stm32.12.3.rel1.win32_1.0.200.202406191623/tools/bin/../lib/gcc/arm-none-eabi/12.3.1/thumb/v7-m/nofp\libgcc.a(_arm_muldivsf3.o)
                0x08000440                __mulsf3
                0x08000440                __aeabi_fmul
                0x080005a8                __aeabi_fdiv
                0x080005a8                __divsf3
 .text          0x080006e0       0xec D:/IDEAndEngineerSoftware/STM32CubelDE_V1.16.0/STM32CubeIDE_1.16.1/STM32CubeIDE/plugins/com.st.stm32cube.ide.mcu.externaltools.gnu-tools-for-stm32.12.3.rel1.win32_1.0.200.202406191623/tools/bin/../lib/gcc/arm-none-eabi/12.3.1/thumb/v7-m/nofp\libgcc.a(_arm_cmpsf2.o)
                0x080006e0                __gesf2
                0x080006e0                __gtsf2
                0x080006e8                __lesf2
                0x080006e8                __ltsf2
                0x080006f0                __nesf2
                0x080006f0                __eqsf2
                0x080006f0                __cmpsf2
                0x08000750                __aeabi_cfrcmple
                0x08000758                __aeabi_cfcmpeq
                0x08000758                __aeabi_cfcmple
                0x08000768                __aeabi_fcmpeq
                0x0800077c                __aeabi_fcmplt
                0x08000790                __aeabi_fcmple
                0x080007a4                __aeabi_fcmpge
                0x080007b8                __aeabi_fcmpgt
 .text          0x080007cc       0x4c D:/IDEAndEngineerSoftware/STM32CubelDE_V1.16.0/STM32CubeIDE_1.16.1/STM32CubeIDE/plugins/com.st.stm32cube.ide.mcu.externaltools.gnu-tools-for-stm32.12.3.rel1.win32_1.0.200.202406191623/tools/bin/../lib/gcc/arm-none-eabi/12.3.1/thumb/v7-m/nofp\libgcc.a(_arm_fixsfsi.o)
                0x080007cc                __aeabi_f2iz
                0x080007cc                __fixsfsi
 .text          0x08000818       0x40 D:/IDEAndEngineerSoftware/STM32CubelDE_V1.16.0/STM32CubeIDE_1.16.1/STM32CubeIDE/plugins/com.st.stm32cube.ide.mcu.externaltools.gnu-tools-for-stm32.12.3.rel1.win32_1.0.200.202406191623/tools/bin/../lib/gcc/arm-none-eabi/12.3.1/thumb/v7-m/nofp\libgcc.a(_arm_fixunssfsi.o)
                0x08000818                __fixunssfsi
                0x08000818                __aeabi_f2uiz
 .text          0x08000858       0xa0 D:/IDEAndEngineerSoftware/STM32CubelDE_V1.16.0/STM32CubeIDE_1.16.1/STM32CubeIDE/plugins/com.st.stm32cube.ide.mcu.externaltools.gnu-tools-for-stm32.12.3.rel1.win32_1.0.200.202406191623/tools/bin/../lib/gcc/arm-none-eabi/12.3.1/thumb/v7-m/nofp\libgcc.a(_aeabi_ldivmod.o)
                0x08000858                __aeabi_ldivmod
 .text          0x080008f8      0x2b8 D:/IDEAndEngineerSoftware/STM32CubelDE_V1.16.0/STM32CubeIDE_1.16.1/STM32CubeIDE/plugins/com.st.stm32cube.ide.mcu.externaltools.gnu-tools-for-stm32.12.3.rel1.win32_1.0.200.202406191623/tools/bin/../lib/gcc/arm-none-eabi/12.3.1/thumb/v7-m/nofp\libgcc.a(_udivmoddi4.o)
                0x080008f8                __udivmoddi4
 .text          0x08000bb0        0x4 D:/IDEAndEngineerSoftware/STM32CubelDE_V1.16.0/STM32CubeIDE_1.16.1/STM32CubeIDE/plugins/com.st.stm32cube.ide.mcu.externaltools.gnu-tools-for-stm32.12.3.rel1.win32_1.0.200.202406191623/tools/bin/../lib/gcc/arm-none-eabi/12.3.1/thumb/v7-m/nofp\libgcc.a(_dvmd_tls.o)
                0x08000bb0                __aeabi_idiv0
                0x08000bb0                __aeabi_ldiv0
 *(.text*)
 .text.inv_row_2_scale
                0x08000bb4       0x80 ./Core/Src/MPU6050.o
 .text.inv_orientation_matrix_to_scalar
                0x08000c34       0x50 ./Core/Src/MPU6050.o
 .text.run_self_test
                0x08000c84       0xd2 ./Core/Src/MPU6050.o
 *fill*         0x08000d56        0x2 
 .text.MPU6050_DMP_init
                0x08000d58       0xe4 ./Core/Src/MPU6050.o
                0x08000d58                MPU6050_DMP_init
 .text.SetOperationMode
                0x08000e3c       0x24 ./Core/Src/bluetooth.o
                0x08000e3c                SetOperationMode
 .text.SendModeChangeAck
                0x08000e60       0x40 ./Core/Src/bluetooth.o
                0x08000e60                SendModeChangeAck
 .text.SendNavAck
                0x08000ea0       0x34 ./Core/Src/bluetooth.o
                0x08000ea0                SendNavAck
 .text.ProcessReceivedPackage
                0x08000ed4       0x90 ./Core/Src/bluetooth.o
                0x08000ed4                ProcessReceivedPackage
 .text.CalculateChecksum
                0x08000f64       0x54 ./Core/Src/bluetooth.o
                0x08000f64                CalculateChecksum
 .text.VerifyChecksum
                0x08000fb8       0x2e ./Core/Src/bluetooth.o
                0x08000fb8                VerifyChecksum
 *fill*         0x08000fe6        0x2 
 .text.UART_SendPackage
                0x08000fe8       0x70 ./Core/Src/bluetooth.o
                0x08000fe8                UART_SendPackage
 .text.ProcessMotionCmd
                0x08001058      0x120 ./Core/Src/bluetooth.o
                0x08001058                ProcessMotionCmd
 .text.ProcessNavCmd
                0x08001178      0x20c ./Core/Src/bluetooth.o
                0x08001178                ProcessNavCmd
 .text.StopMotion
                0x08001384       0x28 ./Core/Src/bluetooth.o
                0x08001384                StopMotion
 .text.MX_GPIO_Init
                0x080013ac      0x148 ./Core/Src/gpio.o
                0x080013ac                MX_GPIO_Init
 .text.MX_I2C2_Init
                0x080014f4       0x5c ./Core/Src/i2c.o
                0x080014f4                MX_I2C2_Init
 .text.HAL_I2C_MspInit
                0x08001550       0x80 ./Core/Src/i2c.o
                0x08001550                HAL_I2C_MspInit
 .text.SearchRun
                0x080015d0      0x164 ./Core/Src/infraredTrack.o
                0x080015d0                SearchRun
 .text.set_int_enable
                0x08001734       0xdc ./Core/Src/inv_mpu.o
 .text.mpu_init
                0x08001810      0x25c ./Core/Src/inv_mpu.o
                0x08001810                mpu_init
 .text.mpu_lp_accel_mode
                0x08001a6c      0x120 ./Core/Src/inv_mpu.o
                0x08001a6c                mpu_lp_accel_mode
 .text.mpu_reset_fifo
                0x08001b8c      0x2e0 ./Core/Src/inv_mpu.o
                0x08001b8c                mpu_reset_fifo
 .text.mpu_get_gyro_fsr
                0x08001e6c       0x68 ./Core/Src/inv_mpu.o
                0x08001e6c                mpu_get_gyro_fsr
 .text.mpu_set_gyro_fsr
                0x08001ed4       0xc0 ./Core/Src/inv_mpu.o
                0x08001ed4                mpu_set_gyro_fsr
 .text.mpu_get_accel_fsr
                0x08001f94       0x74 ./Core/Src/inv_mpu.o
                0x08001f94                mpu_get_accel_fsr
 .text.mpu_set_accel_fsr
                0x08002008       0xe4 ./Core/Src/inv_mpu.o
                0x08002008                mpu_set_accel_fsr
 .text.mpu_get_lpf
                0x080020ec       0x78 ./Core/Src/inv_mpu.o
                0x080020ec                mpu_get_lpf
 .text.mpu_set_lpf
                0x08002164       0xb4 ./Core/Src/inv_mpu.o
                0x08002164                mpu_set_lpf
 .text.mpu_get_sample_rate
                0x08002218       0x30 ./Core/Src/inv_mpu.o
                0x08002218                mpu_get_sample_rate
 .text.mpu_set_sample_rate
                0x08002248       0xe4 ./Core/Src/inv_mpu.o
                0x08002248                mpu_set_sample_rate
 .text.mpu_get_gyro_sens
                0x0800232c       0x70 ./Core/Src/inv_mpu.o
                0x0800232c                mpu_get_gyro_sens
 .text.mpu_get_accel_sens
                0x0800239c       0x7c ./Core/Src/inv_mpu.o
                0x0800239c                mpu_get_accel_sens
 .text.mpu_get_fifo_config
                0x08002418       0x20 ./Core/Src/inv_mpu.o
                0x08002418                mpu_get_fifo_config
 .text.mpu_configure_fifo
                0x08002438       0xa4 ./Core/Src/inv_mpu.o
                0x08002438                mpu_configure_fifo
 .text.mpu_set_sensors
                0x080024dc      0x134 ./Core/Src/inv_mpu.o
                0x080024dc                mpu_set_sensors
 .text.mpu_set_bypass
                0x08002610      0x1fc ./Core/Src/inv_mpu.o
                0x08002610                mpu_set_bypass
 .text.mpu_set_int_latched
                0x0800280c       0xa0 ./Core/Src/inv_mpu.o
                0x0800280c                mpu_set_int_latched
 .text.get_accel_prod_shift
                0x080028ac      0x12c ./Core/Src/inv_mpu.o
 .text.accel_self_test
                0x080029d8      0x108 ./Core/Src/inv_mpu.o
 .text.gyro_self_test
                0x08002ae0      0x18c ./Core/Src/inv_mpu.o
 .text.get_st_biases
                0x08002c6c      0x810 ./Core/Src/inv_mpu.o
 .text.mpu_run_self_test
                0x0800347c      0x1a8 ./Core/Src/inv_mpu.o
                0x0800347c                mpu_run_self_test
 .text.mpu_write_mem
                0x08003624       0xcc ./Core/Src/inv_mpu.o
                0x08003624                mpu_write_mem
 .text.mpu_read_mem
                0x080036f0       0xcc ./Core/Src/inv_mpu.o
                0x080036f0                mpu_read_mem
 .text.mpu_load_firmware
                0x080037bc      0x110 ./Core/Src/inv_mpu.o
                0x080037bc                mpu_load_firmware
 .text.mpu_set_dmp_state
                0x080038cc       0xcc ./Core/Src/inv_mpu.o
                0x080038cc                mpu_set_dmp_state
 .text.dmp_load_motion_driver_firmware
                0x08003998       0x20 ./Core/Src/inv_mpu_dmp_motion_driver.o
                0x08003998                dmp_load_motion_driver_firmware
 .text.dmp_set_orientation
                0x080039b8      0x1d8 ./Core/Src/inv_mpu_dmp_motion_driver.o
                0x080039b8                dmp_set_orientation
 .text.dmp_set_gyro_bias
                0x08003b90      0x214 ./Core/Src/inv_mpu_dmp_motion_driver.o
                0x08003b90                dmp_set_gyro_bias
 .text.dmp_set_accel_bias
                0x08003da4      0x20c ./Core/Src/inv_mpu_dmp_motion_driver.o
                0x08003da4                dmp_set_accel_bias
 .text.dmp_set_fifo_rate
                0x08003fb0       0x90 ./Core/Src/inv_mpu_dmp_motion_driver.o
                0x08003fb0                dmp_set_fifo_rate
 .text.dmp_set_tap_thresh
                0x08004040      0x254 ./Core/Src/inv_mpu_dmp_motion_driver.o
                0x08004040                dmp_set_tap_thresh
 .text.dmp_set_tap_axes
                0x08004294       0x64 ./Core/Src/inv_mpu_dmp_motion_driver.o
                0x08004294                dmp_set_tap_axes
 .text.dmp_set_tap_count
                0x080042f8       0x42 ./Core/Src/inv_mpu_dmp_motion_driver.o
                0x080042f8                dmp_set_tap_count
 *fill*         0x0800433a        0x2 
 .text.dmp_set_tap_time
                0x0800433c       0x44 ./Core/Src/inv_mpu_dmp_motion_driver.o
                0x0800433c                dmp_set_tap_time
 .text.dmp_set_tap_time_multi
                0x08004380       0x44 ./Core/Src/inv_mpu_dmp_motion_driver.o
                0x08004380                dmp_set_tap_time_multi
 .text.dmp_set_shake_reject_thresh
                0x080043c4       0x60 ./Core/Src/inv_mpu_dmp_motion_driver.o
                0x080043c4                dmp_set_shake_reject_thresh
 .text.dmp_set_shake_reject_time
                0x08004424       0x44 ./Core/Src/inv_mpu_dmp_motion_driver.o
                0x08004424                dmp_set_shake_reject_time
 .text.dmp_set_shake_reject_timeout
                0x08004468       0x44 ./Core/Src/inv_mpu_dmp_motion_driver.o
                0x08004468                dmp_set_shake_reject_timeout
 .text.dmp_enable_feature
                0x080044ac      0x250 ./Core/Src/inv_mpu_dmp_motion_driver.o
                0x080044ac                dmp_enable_feature
 .text.dmp_enable_gyro_cal
                0x080046fc       0x60 ./Core/Src/inv_mpu_dmp_motion_driver.o
                0x080046fc                dmp_enable_gyro_cal
 .text.dmp_enable_lp_quat
                0x0800475c       0x4e ./Core/Src/inv_mpu_dmp_motion_driver.o
                0x0800475c                dmp_enable_lp_quat
 .text.dmp_enable_6x_lp_quat
                0x080047aa       0x4e ./Core/Src/inv_mpu_dmp_motion_driver.o
                0x080047aa                dmp_enable_6x_lp_quat
 .text.main     0x080047f8       0x64 ./Core/Src/main.o
                0x080047f8                main
 .text.Error_Handler
                0x0800485c        0xc ./Core/Src/main.o
                0x0800485c                Error_Handler
 .text.HAL_MspInit
                0x08004868       0x68 ./Core/Src/stm32f1xx_hal_msp.o
                0x08004868                HAL_MspInit
 .text.NMI_Handler
                0x080048d0        0x8 ./Core/Src/stm32f1xx_it.o
                0x080048d0                NMI_Handler
 .text.HardFault_Handler
                0x080048d8        0x8 ./Core/Src/stm32f1xx_it.o
                0x080048d8                HardFault_Handler
 .text.MemManage_Handler
                0x080048e0        0x8 ./Core/Src/stm32f1xx_it.o
                0x080048e0                MemManage_Handler
 .text.BusFault_Handler
                0x080048e8        0x8 ./Core/Src/stm32f1xx_it.o
                0x080048e8                BusFault_Handler
 .text.UsageFault_Handler
                0x080048f0        0x8 ./Core/Src/stm32f1xx_it.o
                0x080048f0                UsageFault_Handler
 .text.SVC_Handler
                0x080048f8        0xc ./Core/Src/stm32f1xx_it.o
                0x080048f8                SVC_Handler
 .text.DebugMon_Handler
                0x08004904        0xc ./Core/Src/stm32f1xx_it.o
                0x08004904                DebugMon_Handler
 .text.PendSV_Handler
                0x08004910        0xc ./Core/Src/stm32f1xx_it.o
                0x08004910                PendSV_Handler
 .text.SysTick_Handler
                0x0800491c        0xc ./Core/Src/stm32f1xx_it.o
                0x0800491c                SysTick_Handler
 .text.EXTI1_IRQHandler
                0x08004928        0xe ./Core/Src/stm32f1xx_it.o
                0x08004928                EXTI1_IRQHandler
 *fill*         0x08004936        0x2 
 .text.TIM4_IRQHandler
                0x08004938       0x14 ./Core/Src/stm32f1xx_it.o
                0x08004938                TIM4_IRQHandler
 .text.USART2_IRQHandler
                0x0800494c       0x14 ./Core/Src/stm32f1xx_it.o
                0x0800494c                USART2_IRQHandler
 .text.HAL_GPIO_EXTI_Callback
                0x08004960       0x80 ./Core/Src/stm32f1xx_it.o
                0x08004960                HAL_GPIO_EXTI_Callback
 .text.HAL_UART_RxCpltCallback
                0x080049e0      0x148 ./Core/Src/stm32f1xx_it.o
                0x080049e0                HAL_UART_RxCpltCallback
 .text.SystemInit
                0x08004b28        0xc ./Core/Src/system_stm32f1xx.o
                0x08004b28                SystemInit
 .text.MX_TIM1_Init
                0x08004b34       0xa4 ./Core/Src/tim.o
                0x08004b34                MX_TIM1_Init
 .text.MX_TIM2_Init
                0x08004bd8       0x98 ./Core/Src/tim.o
                0x08004bd8                MX_TIM2_Init
 .text.MX_TIM4_Init
                0x08004c70      0x134 ./Core/Src/tim.o
                0x08004c70                MX_TIM4_Init
 .text.MX_TIM5_Init
                0x08004da4       0xec ./Core/Src/tim.o
                0x08004da4                MX_TIM5_Init
 .text.HAL_TIM_Base_MspInit
                0x08004e90       0xc0 ./Core/Src/tim.o
                0x08004e90                HAL_TIM_Base_MspInit
 .text.HAL_TIM_MspPostInit
                0x08004f50       0xac ./Core/Src/tim.o
                0x08004f50                HAL_TIM_MspPostInit
 .text.MX_USART2_UART_Init
                0x08004ffc       0x54 ./Core/Src/usart.o
                0x08004ffc                MX_USART2_UART_Init
 .text.HAL_UART_MspInit
                0x08005050       0xa4 ./Core/Src/usart.o
                0x08005050                HAL_UART_MspInit
 .text.Reset_Handler
                0x080050f4       0x48 ./Core/Startup/startup_stm32f103rctx.o
                0x080050f4                Reset_Handler
 .text.Default_Handler
                0x0800513c        0x2 ./Core/Startup/startup_stm32f103rctx.o
                0x0800513c                RTC_Alarm_IRQHandler
                0x0800513c                EXTI2_IRQHandler
                0x0800513c                TIM8_TRG_COM_IRQHandler
                0x0800513c                TIM8_CC_IRQHandler
                0x0800513c                TIM1_CC_IRQHandler
                0x0800513c                TIM6_IRQHandler
                0x0800513c                PVD_IRQHandler
                0x0800513c                SDIO_IRQHandler
                0x0800513c                EXTI3_IRQHandler
                0x0800513c                EXTI0_IRQHandler
                0x0800513c                I2C2_EV_IRQHandler
                0x0800513c                ADC1_2_IRQHandler
                0x0800513c                SPI1_IRQHandler
                0x0800513c                TAMPER_IRQHandler
                0x0800513c                TIM8_UP_IRQHandler
                0x0800513c                DMA2_Channel2_IRQHandler
                0x0800513c                DMA1_Channel4_IRQHandler
                0x0800513c                USART3_IRQHandler
                0x0800513c                RTC_IRQHandler
                0x0800513c                DMA1_Channel7_IRQHandler
                0x0800513c                CAN1_RX1_IRQHandler
                0x0800513c                UART5_IRQHandler
                0x0800513c                ADC3_IRQHandler
                0x0800513c                DMA2_Channel1_IRQHandler
                0x0800513c                I2C1_EV_IRQHandler
                0x0800513c                DMA1_Channel6_IRQHandler
                0x0800513c                UART4_IRQHandler
                0x0800513c                TIM3_IRQHandler
                0x0800513c                RCC_IRQHandler
                0x0800513c                TIM1_TRG_COM_IRQHandler
                0x0800513c                DMA1_Channel1_IRQHandler
                0x0800513c                Default_Handler
                0x0800513c                EXTI15_10_IRQHandler
                0x0800513c                TIM7_IRQHandler
                0x0800513c                TIM5_IRQHandler
                0x0800513c                EXTI9_5_IRQHandler
                0x0800513c                SPI2_IRQHandler
                0x0800513c                DMA1_Channel5_IRQHandler
                0x0800513c                EXTI4_IRQHandler
                0x0800513c                USB_LP_CAN1_RX0_IRQHandler
                0x0800513c                USB_HP_CAN1_TX_IRQHandler
                0x0800513c                DMA1_Channel3_IRQHandler
                0x0800513c                FSMC_IRQHandler
                0x0800513c                TIM1_UP_IRQHandler
                0x0800513c                WWDG_IRQHandler
                0x0800513c                TIM2_IRQHandler
                0x0800513c                TIM1_BRK_IRQHandler
                0x0800513c                DMA2_Channel4_5_IRQHandler
                0x0800513c                I2C2_ER_IRQHandler
                0x0800513c                DMA1_Channel2_IRQHandler
                0x0800513c                TIM8_BRK_IRQHandler
                0x0800513c                CAN1_SCE_IRQHandler
                0x0800513c                FLASH_IRQHandler
                0x0800513c                USART1_IRQHandler
                0x0800513c                SPI3_IRQHandler
                0x0800513c                I2C1_ER_IRQHandler
                0x0800513c                USBWakeUp_IRQHandler
                0x0800513c                DMA2_Channel3_IRQHandler
 *fill*         0x0800513e        0x2 
 .text.motorInit
                0x08005140       0x2c ./Core/System/motor.o
                0x08005140                motorInit
 .text.motorBreak
                0x0800516c       0x64 ./Core/System/motor.o
                0x0800516c                motorBreak
 .text.moveForward
                0x080051d0       0x68 ./Core/System/motor.o
                0x080051d0                moveForward
 .text.moveBackward
                0x08005238       0x68 ./Core/System/motor.o
                0x08005238                moveBackward
 .text.moveLeft
                0x080052a0       0x68 ./Core/System/motor.o
                0x080052a0                moveLeft
 .text.moveRight
                0x08005308       0x68 ./Core/System/motor.o
                0x08005308                moveRight
 .text.moveTurnLeft
                0x08005370       0x6c ./Core/System/motor.o
                0x08005370                moveTurnLeft
 .text.moveTurnRight
                0x080053dc       0x64 ./Core/System/motor.o
                0x080053dc                moveTurnRight
 .text.moveForwardslow
                0x08005440       0x6c ./Core/System/motor.o
                0x08005440                moveForwardslow
 .text.moveTurnLeftslow
                0x080054ac       0x6c ./Core/System/motor.o
                0x080054ac                moveTurnLeftslow
 .text.moveTurnRightslow
                0x08005518       0x6c ./Core/System/motor.o
                0x08005518                moveTurnRightslow
 .text.HAL_Init
                0x08005584       0x2c ./Drivers/STM32F1xx_HAL_Driver/Src/stm32f1xx_hal.o
                0x08005584                HAL_Init
 .text.HAL_InitTick
                0x080055b0       0x60 ./Drivers/STM32F1xx_HAL_Driver/Src/stm32f1xx_hal.o
                0x080055b0                HAL_InitTick
 .text.HAL_IncTick
                0x08005610       0x24 ./Drivers/STM32F1xx_HAL_Driver/Src/stm32f1xx_hal.o
                0x08005610                HAL_IncTick
 .text.HAL_GetTick
                0x08005634       0x14 ./Drivers/STM32F1xx_HAL_Driver/Src/stm32f1xx_hal.o
                0x08005634                HAL_GetTick
 .text.HAL_Delay
                0x08005648       0x48 ./Drivers/STM32F1xx_HAL_Driver/Src/stm32f1xx_hal.o
                0x08005648                HAL_Delay
 .text.__NVIC_SetPriorityGrouping
                0x08005690       0x48 ./Drivers/STM32F1xx_HAL_Driver/Src/stm32f1xx_hal_cortex.o
 .text.__NVIC_GetPriorityGrouping
                0x080056d8       0x1c ./Drivers/STM32F1xx_HAL_Driver/Src/stm32f1xx_hal_cortex.o
 .text.__NVIC_EnableIRQ
                0x080056f4       0x38 ./Drivers/STM32F1xx_HAL_Driver/Src/stm32f1xx_hal_cortex.o
 .text.__NVIC_SetPriority
                0x0800572c       0x54 ./Drivers/STM32F1xx_HAL_Driver/Src/stm32f1xx_hal_cortex.o
 .text.NVIC_EncodePriority
                0x08005780       0x64 ./Drivers/STM32F1xx_HAL_Driver/Src/stm32f1xx_hal_cortex.o
 .text.SysTick_Config
                0x080057e4       0x44 ./Drivers/STM32F1xx_HAL_Driver/Src/stm32f1xx_hal_cortex.o
 .text.HAL_NVIC_SetPriorityGrouping
                0x08005828       0x16 ./Drivers/STM32F1xx_HAL_Driver/Src/stm32f1xx_hal_cortex.o
                0x08005828                HAL_NVIC_SetPriorityGrouping
 .text.HAL_NVIC_SetPriority
                0x0800583e       0x38 ./Drivers/STM32F1xx_HAL_Driver/Src/stm32f1xx_hal_cortex.o
                0x0800583e                HAL_NVIC_SetPriority
 .text.HAL_NVIC_EnableIRQ
                0x08005876       0x1c ./Drivers/STM32F1xx_HAL_Driver/Src/stm32f1xx_hal_cortex.o
                0x08005876                HAL_NVIC_EnableIRQ
 .text.HAL_SYSTICK_Config
                0x08005892       0x18 ./Drivers/STM32F1xx_HAL_Driver/Src/stm32f1xx_hal_cortex.o
                0x08005892                HAL_SYSTICK_Config
 .text.HAL_DMA_Abort
                0x080058aa       0x76 ./Drivers/STM32F1xx_HAL_Driver/Src/stm32f1xx_hal_dma.o
                0x080058aa                HAL_DMA_Abort
 .text.HAL_DMA_Abort_IT
                0x08005920      0x210 ./Drivers/STM32F1xx_HAL_Driver/Src/stm32f1xx_hal_dma.o
                0x08005920                HAL_DMA_Abort_IT
 .text.HAL_GPIO_Init
                0x08005b30      0x328 ./Drivers/STM32F1xx_HAL_Driver/Src/stm32f1xx_hal_gpio.o
                0x08005b30                HAL_GPIO_Init
 .text.HAL_GPIO_ReadPin
                0x08005e58       0x2e ./Drivers/STM32F1xx_HAL_Driver/Src/stm32f1xx_hal_gpio.o
                0x08005e58                HAL_GPIO_ReadPin
 .text.HAL_GPIO_WritePin
                0x08005e86       0x30 ./Drivers/STM32F1xx_HAL_Driver/Src/stm32f1xx_hal_gpio.o
                0x08005e86                HAL_GPIO_WritePin
 *fill*         0x08005eb6        0x2 
 .text.HAL_GPIO_EXTI_IRQHandler
                0x08005eb8       0x30 ./Drivers/STM32F1xx_HAL_Driver/Src/stm32f1xx_hal_gpio.o
                0x08005eb8                HAL_GPIO_EXTI_IRQHandler
 .text.HAL_I2C_Init
                0x08005ee8      0x288 ./Drivers/STM32F1xx_HAL_Driver/Src/stm32f1xx_hal_i2c.o
                0x08005ee8                HAL_I2C_Init
 .text.HAL_I2C_Mem_Write
                0x08006170      0x1f4 ./Drivers/STM32F1xx_HAL_Driver/Src/stm32f1xx_hal_i2c.o
                0x08006170                HAL_I2C_Mem_Write
 .text.HAL_I2C_Mem_Read
                0x08006364      0x4e8 ./Drivers/STM32F1xx_HAL_Driver/Src/stm32f1xx_hal_i2c.o
                0x08006364                HAL_I2C_Mem_Read
 .text.I2C_RequestMemoryWrite
                0x0800684c      0x12c ./Drivers/STM32F1xx_HAL_Driver/Src/stm32f1xx_hal_i2c.o
 .text.I2C_RequestMemoryRead
                0x08006978      0x1d0 ./Drivers/STM32F1xx_HAL_Driver/Src/stm32f1xx_hal_i2c.o
 .text.I2C_WaitOnFlagUntilTimeout
                0x08006b48       0xf4 ./Drivers/STM32F1xx_HAL_Driver/Src/stm32f1xx_hal_i2c.o
 .text.I2C_WaitOnMasterAddressFlagUntilTimeout
                0x08006c3c      0x140 ./Drivers/STM32F1xx_HAL_Driver/Src/stm32f1xx_hal_i2c.o
 .text.I2C_WaitOnTXEFlagUntilTimeout
                0x08006d7c       0x90 ./Drivers/STM32F1xx_HAL_Driver/Src/stm32f1xx_hal_i2c.o
 .text.I2C_WaitOnBTFFlagUntilTimeout
                0x08006e0c       0x90 ./Drivers/STM32F1xx_HAL_Driver/Src/stm32f1xx_hal_i2c.o
 .text.I2C_WaitOnRXNEFlagUntilTimeout
                0x08006e9c       0xba ./Drivers/STM32F1xx_HAL_Driver/Src/stm32f1xx_hal_i2c.o
 .text.I2C_IsAcknowledgeFailed
                0x08006f56       0x5c ./Drivers/STM32F1xx_HAL_Driver/Src/stm32f1xx_hal_i2c.o
 *fill*         0x08006fb2        0x2 
 .text.HAL_RCC_GetHCLKFreq
                0x08006fb4       0x14 ./Drivers/STM32F1xx_HAL_Driver/Src/stm32f1xx_hal_rcc.o
                0x08006fb4                HAL_RCC_GetHCLKFreq
 .text.HAL_RCC_GetPCLK1Freq
                0x08006fc8       0x28 ./Drivers/STM32F1xx_HAL_Driver/Src/stm32f1xx_hal_rcc.o
                0x08006fc8                HAL_RCC_GetPCLK1Freq
 .text.HAL_RCC_GetPCLK2Freq
                0x08006ff0       0x28 ./Drivers/STM32F1xx_HAL_Driver/Src/stm32f1xx_hal_rcc.o
                0x08006ff0                HAL_RCC_GetPCLK2Freq
 .text.HAL_TIM_Base_Init
                0x08007018       0x9e ./Drivers/STM32F1xx_HAL_Driver/Src/stm32f1xx_hal_tim.o
                0x08007018                HAL_TIM_Base_Init
 *fill*         0x080070b6        0x2 
 .text.HAL_TIM_Base_Start
                0x080070b8       0xb0 ./Drivers/STM32F1xx_HAL_Driver/Src/stm32f1xx_hal_tim.o
                0x080070b8                HAL_TIM_Base_Start
 .text.HAL_TIM_Base_Stop
                0x08007168       0x4c ./Drivers/STM32F1xx_HAL_Driver/Src/stm32f1xx_hal_tim.o
                0x08007168                HAL_TIM_Base_Stop
 .text.HAL_TIM_PWM_Init
                0x080071b4       0x9e ./Drivers/STM32F1xx_HAL_Driver/Src/stm32f1xx_hal_tim.o
                0x080071b4                HAL_TIM_PWM_Init
 .text.HAL_TIM_PWM_MspInit
                0x08007252       0x12 ./Drivers/STM32F1xx_HAL_Driver/Src/stm32f1xx_hal_tim.o
                0x08007252                HAL_TIM_PWM_MspInit
 .text.HAL_TIM_PWM_Start
                0x08007264      0x174 ./Drivers/STM32F1xx_HAL_Driver/Src/stm32f1xx_hal_tim.o
                0x08007264                HAL_TIM_PWM_Start
 .text.HAL_TIM_IRQHandler
                0x080073d8      0x1e0 ./Drivers/STM32F1xx_HAL_Driver/Src/stm32f1xx_hal_tim.o
                0x080073d8                HAL_TIM_IRQHandler
 .text.HAL_TIM_PWM_ConfigChannel
                0x080075b8      0x184 ./Drivers/STM32F1xx_HAL_Driver/Src/stm32f1xx_hal_tim.o
                0x080075b8                HAL_TIM_PWM_ConfigChannel
 .text.HAL_TIM_ConfigClockSource
                0x0800773c      0x18e ./Drivers/STM32F1xx_HAL_Driver/Src/stm32f1xx_hal_tim.o
                0x0800773c                HAL_TIM_ConfigClockSource
 .text.HAL_TIM_PeriodElapsedCallback
                0x080078ca       0x12 ./Drivers/STM32F1xx_HAL_Driver/Src/stm32f1xx_hal_tim.o
                0x080078ca                HAL_TIM_PeriodElapsedCallback
 .text.HAL_TIM_OC_DelayElapsedCallback
                0x080078dc       0x12 ./Drivers/STM32F1xx_HAL_Driver/Src/stm32f1xx_hal_tim.o
                0x080078dc                HAL_TIM_OC_DelayElapsedCallback
 .text.HAL_TIM_IC_CaptureCallback
                0x080078ee       0x12 ./Drivers/STM32F1xx_HAL_Driver/Src/stm32f1xx_hal_tim.o
                0x080078ee                HAL_TIM_IC_CaptureCallback
 .text.HAL_TIM_PWM_PulseFinishedCallback
                0x08007900       0x12 ./Drivers/STM32F1xx_HAL_Driver/Src/stm32f1xx_hal_tim.o
                0x08007900                HAL_TIM_PWM_PulseFinishedCallback
 .text.HAL_TIM_TriggerCallback
                0x08007912       0x12 ./Drivers/STM32F1xx_HAL_Driver/Src/stm32f1xx_hal_tim.o
                0x08007912                HAL_TIM_TriggerCallback
 .text.TIM_Base_SetConfig
                0x08007924      0x10c ./Drivers/STM32F1xx_HAL_Driver/Src/stm32f1xx_hal_tim.o
                0x08007924                TIM_Base_SetConfig
 .text.TIM_OC1_SetConfig
                0x08007a30       0xe0 ./Drivers/STM32F1xx_HAL_Driver/Src/stm32f1xx_hal_tim.o
 .text.TIM_OC2_SetConfig
                0x08007b10       0xe8 ./Drivers/STM32F1xx_HAL_Driver/Src/stm32f1xx_hal_tim.o
                0x08007b10                TIM_OC2_SetConfig
 .text.TIM_OC3_SetConfig
                0x08007bf8       0xe8 ./Drivers/STM32F1xx_HAL_Driver/Src/stm32f1xx_hal_tim.o
 .text.TIM_OC4_SetConfig
                0x08007ce0       0xa8 ./Drivers/STM32F1xx_HAL_Driver/Src/stm32f1xx_hal_tim.o
 .text.TIM_TI1_ConfigInputStage
                0x08007d88       0x5c ./Drivers/STM32F1xx_HAL_Driver/Src/stm32f1xx_hal_tim.o
 .text.TIM_TI2_ConfigInputStage
                0x08007de4       0x5e ./Drivers/STM32F1xx_HAL_Driver/Src/stm32f1xx_hal_tim.o
 .text.TIM_ITRx_SetConfig
                0x08007e42       0x34 ./Drivers/STM32F1xx_HAL_Driver/Src/stm32f1xx_hal_tim.o
 .text.TIM_ETR_SetConfig
                0x08007e76       0x3e ./Drivers/STM32F1xx_HAL_Driver/Src/stm32f1xx_hal_tim.o
                0x08007e76                TIM_ETR_SetConfig
 .text.TIM_CCxChannelCmd
                0x08007eb4       0x48 ./Drivers/STM32F1xx_HAL_Driver/Src/stm32f1xx_hal_tim.o
                0x08007eb4                TIM_CCxChannelCmd
 .text.HAL_TIMEx_MasterConfigSynchronization
                0x08007efc       0xd8 ./Drivers/STM32F1xx_HAL_Driver/Src/stm32f1xx_hal_tim_ex.o
                0x08007efc                HAL_TIMEx_MasterConfigSynchronization
 .text.HAL_TIMEx_CommutCallback
                0x08007fd4       0x12 ./Drivers/STM32F1xx_HAL_Driver/Src/stm32f1xx_hal_tim_ex.o
                0x08007fd4                HAL_TIMEx_CommutCallback
 .text.HAL_TIMEx_BreakCallback
                0x08007fe6       0x12 ./Drivers/STM32F1xx_HAL_Driver/Src/stm32f1xx_hal_tim_ex.o
                0x08007fe6                HAL_TIMEx_BreakCallback
 .text.HAL_UART_Init
                0x08007ff8       0xa0 ./Drivers/STM32F1xx_HAL_Driver/Src/stm32f1xx_hal_uart.o
                0x08007ff8                HAL_UART_Init
 .text.HAL_UART_Transmit
                0x08008098      0x116 ./Drivers/STM32F1xx_HAL_Driver/Src/stm32f1xx_hal_uart.o
                0x08008098                HAL_UART_Transmit
 .text.HAL_UART_Receive_IT
                0x080081ae       0x4a ./Drivers/STM32F1xx_HAL_Driver/Src/stm32f1xx_hal_uart.o
                0x080081ae                HAL_UART_Receive_IT
 .text.HAL_UART_IRQHandler
                0x080081f8      0x524 ./Drivers/STM32F1xx_HAL_Driver/Src/stm32f1xx_hal_uart.o
                0x080081f8                HAL_UART_IRQHandler
 .text.HAL_UART_TxCpltCallback
                0x0800871c       0x12 ./Drivers/STM32F1xx_HAL_Driver/Src/stm32f1xx_hal_uart.o
                0x0800871c                HAL_UART_TxCpltCallback
 .text.HAL_UART_ErrorCallback
                0x0800872e       0x12 ./Drivers/STM32F1xx_HAL_Driver/Src/stm32f1xx_hal_uart.o
                0x0800872e                HAL_UART_ErrorCallback
 .text.HAL_UARTEx_RxEventCallback
                0x08008740       0x16 ./Drivers/STM32F1xx_HAL_Driver/Src/stm32f1xx_hal_uart.o
                0x08008740                HAL_UARTEx_RxEventCallback
 .text.UART_WaitOnFlagUntilTimeout
                0x08008756       0xb2 ./Drivers/STM32F1xx_HAL_Driver/Src/stm32f1xx_hal_uart.o
 .text.UART_Start_Receive_IT
                0x08008808       0x72 ./Drivers/STM32F1xx_HAL_Driver/Src/stm32f1xx_hal_uart.o
                0x08008808                UART_Start_Receive_IT
 .text.UART_EndRxTransfer
                0x0800887a       0xc4 ./Drivers/STM32F1xx_HAL_Driver/Src/stm32f1xx_hal_uart.o
 .text.UART_DMAAbortOnError
                0x0800893e       0x28 ./Drivers/STM32F1xx_HAL_Driver/Src/stm32f1xx_hal_uart.o
 .text.UART_Transmit_IT
                0x08008966       0x9e ./Drivers/STM32F1xx_HAL_Driver/Src/stm32f1xx_hal_uart.o
 .text.UART_EndTransmit_IT
                0x08008a04       0x30 ./Drivers/STM32F1xx_HAL_Driver/Src/stm32f1xx_hal_uart.o
 .text.UART_Receive_IT
                0x08008a34      0x17c ./Drivers/STM32F1xx_HAL_Driver/Src/stm32f1xx_hal_uart.o
 .text.UART_SetConfig
                0x08008bb0      0x11c ./Drivers/STM32F1xx_HAL_Driver/Src/stm32f1xx_hal_uart.o
 .text.memcmp   0x08008ccc       0x20 D:/IDEAndEngineerSoftware/STM32CubelDE_V1.16.0/STM32CubeIDE_1.16.1/STM32CubeIDE/plugins/com.st.stm32cube.ide.mcu.externaltools.gnu-tools-for-stm32.12.3.rel1.win32_1.0.200.202406191623/tools/bin/../lib/gcc/arm-none-eabi/12.3.1/../../../../arm-none-eabi/lib/thumb/v7-m/nofp\libc_nano.a(libc_a-memcmp.o)
                0x08008ccc                memcmp
 .text.memset   0x08008cec       0x10 D:/IDEAndEngineerSoftware/STM32CubelDE_V1.16.0/STM32CubeIDE_1.16.1/STM32CubeIDE/plugins/com.st.stm32cube.ide.mcu.externaltools.gnu-tools-for-stm32.12.3.rel1.win32_1.0.200.202406191623/tools/bin/../lib/gcc/arm-none-eabi/12.3.1/../../../../arm-none-eabi/lib/thumb/v7-m/nofp\libc_nano.a(libc_a-memset.o)
                0x08008cec                memset
 .text.__libc_init_array
                0x08008cfc       0x48 D:/IDEAndEngineerSoftware/STM32CubelDE_V1.16.0/STM32CubeIDE_1.16.1/STM32CubeIDE/plugins/com.st.stm32cube.ide.mcu.externaltools.gnu-tools-for-stm32.12.3.rel1.win32_1.0.200.202406191623/tools/bin/../lib/gcc/arm-none-eabi/12.3.1/../../../../arm-none-eabi/lib/thumb/v7-m/nofp\libc_nano.a(libc_a-init.o)
                0x08008cfc                __libc_init_array
 .text.memcpy   0x08008d44       0x1c D:/IDEAndEngineerSoftware/STM32CubelDE_V1.16.0/STM32CubeIDE_1.16.1/STM32CubeIDE/plugins/com.st.stm32cube.ide.mcu.externaltools.gnu-tools-for-stm32.12.3.rel1.win32_1.0.200.202406191623/tools/bin/../lib/gcc/arm-none-eabi/12.3.1/../../../../arm-none-eabi/lib/thumb/v7-m/nofp\libc_nano.a(libc_a-memcpy-stub.o)
                0x08008d44                memcpy
 *(.glue_7)
 .glue_7        0x08008d60        0x0 linker stubs
 *(.glue_7t)
 .glue_7t       0x08008d60        0x0 linker stubs
 *(.eh_frame)
 .eh_frame      0x08008d60        0x0 D:/IDEAndEngineerSoftware/STM32CubelDE_V1.16.0/STM32CubeIDE_1.16.1/STM32CubeIDE/plugins/com.st.stm32cube.ide.mcu.externaltools.gnu-tools-for-stm32.12.3.rel1.win32_1.0.200.202406191623/tools/bin/../lib/gcc/arm-none-eabi/12.3.1/thumb/v7-m/nofp/crtbegin.o
 *(.init)
 .init          0x08008d60        0x4 D:/IDEAndEngineerSoftware/STM32CubelDE_V1.16.0/STM32CubeIDE_1.16.1/STM32CubeIDE/plugins/com.st.stm32cube.ide.mcu.externaltools.gnu-tools-for-stm32.12.3.rel1.win32_1.0.200.202406191623/tools/bin/../lib/gcc/arm-none-eabi/12.3.1/thumb/v7-m/nofp/crti.o
                0x08008d60                _init
 .init          0x08008d64        0x8 D:/IDEAndEngineerSoftware/STM32CubelDE_V1.16.0/STM32CubeIDE_1.16.1/STM32CubeIDE/plugins/com.st.stm32cube.ide.mcu.externaltools.gnu-tools-for-stm32.12.3.rel1.win32_1.0.200.202406191623/tools/bin/../lib/gcc/arm-none-eabi/12.3.1/thumb/v7-m/nofp/crtn.o
 *(.fini)
 .fini          0x08008d6c        0x4 D:/IDEAndEngineerSoftware/STM32CubelDE_V1.16.0/STM32CubeIDE_1.16.1/STM32CubeIDE/plugins/com.st.stm32cube.ide.mcu.externaltools.gnu-tools-for-stm32.12.3.rel1.win32_1.0.200.202406191623/tools/bin/../lib/gcc/arm-none-eabi/12.3.1/thumb/v7-m/nofp/crti.o
                0x08008d6c                _fini
 .fini          0x08008d70        0x8 D:/IDEAndEngineerSoftware/STM32CubelDE_V1.16.0/STM32CubeIDE_1.16.1/STM32CubeIDE/plugins/com.st.stm32cube.ide.mcu.externaltools.gnu-tools-for-stm32.12.3.rel1.win32_1.0.200.202406191623/tools/bin/../lib/gcc/arm-none-eabi/12.3.1/thumb/v7-m/nofp/crtn.o
                0x08008d78                        . = ALIGN (0x4)
                0x08008d78                        _etext = .

.vfp11_veneer   0x08008d78        0x0
 .vfp11_veneer  0x08008d78        0x0 linker stubs

.v4_bx          0x08008d78        0x0
 .v4_bx         0x08008d78        0x0 linker stubs

.iplt           0x08008d78        0x0
 .iplt          0x08008d78        0x0 D:/IDEAndEngineerSoftware/STM32CubelDE_V1.16.0/STM32CubeIDE_1.16.1/STM32CubeIDE/plugins/com.st.stm32cube.ide.mcu.externaltools.gnu-tools-for-stm32.12.3.rel1.win32_1.0.200.202406191623/tools/bin/../lib/gcc/arm-none-eabi/12.3.1/thumb/v7-m/nofp/crtbegin.o

.rodata         0x08008d78      0xca0
                0x08008d78                        . = ALIGN (0x4)
 *(.rodata)
 .rodata        0x08008d78       0x4b ./Core/Src/inv_mpu_dmp_motion_driver.o
 *(.rodata*)
 *fill*         0x08008dc3        0x1 
 .rodata.reg    0x08008dc4       0x1e ./Core/Src/inv_mpu.o
                0x08008dc4                reg
 *fill*         0x08008de2        0x2 
 .rodata.hw     0x08008de4        0xc ./Core/Src/inv_mpu.o
                0x08008de4                hw
 .rodata.test   0x08008df0       0x28 ./Core/Src/inv_mpu.o
                0x08008df0                test
 .rodata.dmp_memory
                0x08008e18      0xbf6 ./Core/Src/inv_mpu_dmp_motion_driver.o
 *fill*         0x08009a0e        0x2 
 .rodata.APBPrescTable
                0x08009a10        0x8 ./Core/Src/system_stm32f1xx.o
                0x08009a10                APBPrescTable
                0x08009a18                        . = ALIGN (0x4)

.ARM.extab      0x08009a18        0x0
                0x08009a18                        . = ALIGN (0x4)
 *(.ARM.extab* .gnu.linkonce.armextab.*)
                0x08009a18                        . = ALIGN (0x4)

.ARM            0x08009a18        0x8
                0x08009a18                        . = ALIGN (0x4)
                0x08009a18                        __exidx_start = .
 *(.ARM.exidx*)
 .ARM.exidx     0x08009a18        0x8 D:/IDEAndEngineerSoftware/STM32CubelDE_V1.16.0/STM32CubeIDE_1.16.1/STM32CubeIDE/plugins/com.st.stm32cube.ide.mcu.externaltools.gnu-tools-for-stm32.12.3.rel1.win32_1.0.200.202406191623/tools/bin/../lib/gcc/arm-none-eabi/12.3.1/thumb/v7-m/nofp\libgcc.a(_udivmoddi4.o)
                0x08009a20                        __exidx_end = .
                0x08009a20                        . = ALIGN (0x4)

.preinit_array  0x08009a20        0x0
                0x08009a20                        . = ALIGN (0x4)
                0x08009a20                        PROVIDE (__preinit_array_start = .)
 *(.preinit_array*)
                0x08009a20                        PROVIDE (__preinit_array_end = .)
                0x08009a20                        . = ALIGN (0x4)

.init_array     0x08009a20        0x4
                0x08009a20                        . = ALIGN (0x4)
                0x08009a20                        PROVIDE (__init_array_start = .)
 *(SORT_BY_NAME(.init_array.*))
 *(.init_array*)
 .init_array    0x08009a20        0x4 D:/IDEAndEngineerSoftware/STM32CubelDE_V1.16.0/STM32CubeIDE_1.16.1/STM32CubeIDE/plugins/com.st.stm32cube.ide.mcu.externaltools.gnu-tools-for-stm32.12.3.rel1.win32_1.0.200.202406191623/tools/bin/../lib/gcc/arm-none-eabi/12.3.1/thumb/v7-m/nofp/crtbegin.o
                0x08009a24                        PROVIDE (__init_array_end = .)
                0x08009a24                        . = ALIGN (0x4)

.fini_array     0x08009a24        0x4
                0x08009a24                        . = ALIGN (0x4)
                [!provide]                        PROVIDE (__fini_array_start = .)
 *(SORT_BY_NAME(.fini_array.*))
 *(.fini_array*)
 .fini_array    0x08009a24        0x4 D:/IDEAndEngineerSoftware/STM32CubelDE_V1.16.0/STM32CubeIDE_1.16.1/STM32CubeIDE/plugins/com.st.stm32cube.ide.mcu.externaltools.gnu-tools-for-stm32.12.3.rel1.win32_1.0.200.202406191623/tools/bin/../lib/gcc/arm-none-eabi/12.3.1/thumb/v7-m/nofp/crtbegin.o
                [!provide]                        PROVIDE (__fini_array_end = .)
                0x08009a28                        . = ALIGN (0x4)
                0x08009a28                        _sidata = LOADADDR (.data)

.rel.dyn        0x08009a28        0x0
 .rel.iplt      0x08009a28        0x0 D:/IDEAndEngineerSoftware/STM32CubelDE_V1.16.0/STM32CubeIDE_1.16.1/STM32CubeIDE/plugins/com.st.stm32cube.ide.mcu.externaltools.gnu-tools-for-stm32.12.3.rel1.win32_1.0.200.202406191623/tools/bin/../lib/gcc/arm-none-eabi/12.3.1/thumb/v7-m/nofp/crtbegin.o

.data           0x20000000       0x44 load address 0x08009a28
                0x20000000                        . = ALIGN (0x4)
                0x20000000                        _sdata = .
 *(.data)
 *(.data*)
 .data.gyro_orientation
                0x20000000        0x9 ./Core/Src/MPU6050.o
 .data.current_mode
                0x20000009        0x1 ./Core/Src/bluetooth.o
 *fill*         0x2000000a        0x2 
 .data.st       0x2000000c       0x2c ./Core/Src/inv_mpu.o
 .data.SystemCoreClock
                0x20000038        0x4 ./Core/Src/system_stm32f1xx.o
                0x20000038                SystemCoreClock
 .data.uwTickPrio
                0x2000003c        0x4 ./Drivers/STM32F1xx_HAL_Driver/Src/stm32f1xx_hal.o
                0x2000003c                uwTickPrio
 .data.uwTickFreq
                0x20000040        0x1 ./Drivers/STM32F1xx_HAL_Driver/Src/stm32f1xx_hal.o
                0x20000040                uwTickFreq
 *(.RamFunc)
 *(.RamFunc*)
                0x20000044                        . = ALIGN (0x4)
 *fill*         0x20000041        0x3 
                0x20000044                        _edata = .

.igot.plt       0x20000044        0x0 load address 0x08009a6c
 .igot.plt      0x20000044        0x0 D:/IDEAndEngineerSoftware/STM32CubelDE_V1.16.0/STM32CubeIDE_1.16.1/STM32CubeIDE/plugins/com.st.stm32cube.ide.mcu.externaltools.gnu-tools-for-stm32.12.3.rel1.win32_1.0.200.202406191623/tools/bin/../lib/gcc/arm-none-eabi/12.3.1/thumb/v7-m/nofp/crtbegin.o
                0x20000044                        . = ALIGN (0x4)

.bss            0x20000044      0x240 load address 0x08009a6c
                0x20000044                        _sbss = .
                0x20000044                        __bss_start__ = _sbss
 *(.bss)
 .bss           0x20000044       0x1c D:/IDEAndEngineerSoftware/STM32CubelDE_V1.16.0/STM32CubeIDE_1.16.1/STM32CubeIDE/plugins/com.st.stm32cube.ide.mcu.externaltools.gnu-tools-for-stm32.12.3.rel1.win32_1.0.200.202406191623/tools/bin/../lib/gcc/arm-none-eabi/12.3.1/thumb/v7-m/nofp/crtbegin.o
 *(.bss*)
 .bss.hi2c2     0x20000060       0x54 ./Core/Src/i2c.o
                0x20000060                hi2c2
 .bss.dmp       0x200000b4       0x10 ./Core/Src/inv_mpu_dmp_motion_driver.o
 .bss.rxBuffer  0x200000c4       0x26 ./Core/Src/main.o
                0x200000c4                rxBuffer
 .bss.direction
                0x200000ea        0x1 ./Core/Src/main.o
                0x200000ea                direction
 .bss.receiveState.2
                0x200000eb        0x1 ./Core/Src/stm32f1xx_it.o
 .bss.receivedPackage.1
                0x200000ec       0x24 ./Core/Src/stm32f1xx_it.o
 .bss.dataCount.0
                0x20000110        0x1 ./Core/Src/stm32f1xx_it.o
 *fill*         0x20000111        0x3 
 .bss.htim1     0x20000114       0x48 ./Core/Src/tim.o
                0x20000114                htim1
 .bss.htim2     0x2000015c       0x48 ./Core/Src/tim.o
                0x2000015c                htim2
 .bss.htim4     0x200001a4       0x48 ./Core/Src/tim.o
                0x200001a4                htim4
 .bss.htim5     0x200001ec       0x48 ./Core/Src/tim.o
                0x200001ec                htim5
 .bss.huart2    0x20000234       0x48 ./Core/Src/usart.o
                0x20000234                huart2
 .bss.ultrasonicWaveDist
                0x2000027c        0x4 ./Core/System/UltrasonicWave.o
                0x2000027c                ultrasonicWaveDist
 .bss.uwTick    0x20000280        0x4 ./Drivers/STM32F1xx_HAL_Driver/Src/stm32f1xx_hal.o
                0x20000280                uwTick
 *(COMMON)
                0x20000284                        . = ALIGN (0x4)
                0x20000284                        _ebss = .
                0x20000284                        __bss_end__ = _ebss

._user_heap_stack
                0x20000284      0x604 load address 0x08009a6c
                0x20000288                        . = ALIGN (0x8)
 *fill*         0x20000284        0x4 
                [!provide]                        PROVIDE (end = .)
                0x20000288                        PROVIDE (_end = .)
                0x20000488                        . = (. + _Min_Heap_Size)
 *fill*         0x20000288      0x200 
                0x20000888                        . = (. + _Min_Stack_Size)
 *fill*         0x20000488      0x400 
                0x20000888                        . = ALIGN (0x8)

/DISCARD/
 libc.a(*)
 libm.a(*)
 libgcc.a(*)

.ARM.attributes
                0x00000000       0x29
 *(.ARM.attributes)
 .ARM.attributes
                0x00000000       0x1d D:/IDEAndEngineerSoftware/STM32CubelDE_V1.16.0/STM32CubeIDE_1.16.1/STM32CubeIDE/plugins/com.st.stm32cube.ide.mcu.externaltools.gnu-tools-for-stm32.12.3.rel1.win32_1.0.200.202406191623/tools/bin/../lib/gcc/arm-none-eabi/12.3.1/thumb/v7-m/nofp/crti.o
 .ARM.attributes
                0x0000001d       0x2d D:/IDEAndEngineerSoftware/STM32CubelDE_V1.16.0/STM32CubeIDE_1.16.1/STM32CubeIDE/plugins/com.st.stm32cube.ide.mcu.externaltools.gnu-tools-for-stm32.12.3.rel1.win32_1.0.200.202406191623/tools/bin/../lib/gcc/arm-none-eabi/12.3.1/thumb/v7-m/nofp/crtbegin.o
 .ARM.attributes
                0x0000004a       0x2d ./Core/Src/MPU6050.o
 .ARM.attributes
                0x00000077       0x2d ./Core/Src/bluetooth.o
 .ARM.attributes
                0x000000a4       0x2d ./Core/Src/gpio.o
 .ARM.attributes
                0x000000d1       0x2d ./Core/Src/i2c.o
 .ARM.attributes
                0x000000fe       0x2d ./Core/Src/infraredTrack.o
 .ARM.attributes
                0x0000012b       0x2d ./Core/Src/inv_mpu.o
 .ARM.attributes
                0x00000158       0x2d ./Core/Src/inv_mpu_dmp_motion_driver.o
 .ARM.attributes
                0x00000185       0x2d ./Core/Src/main.o
 .ARM.attributes
                0x000001b2       0x2d ./Core/Src/stm32f1xx_hal_msp.o
 .ARM.attributes
                0x000001df       0x2d ./Core/Src/stm32f1xx_it.o
 .ARM.attributes
                0x0000020c       0x2d ./Core/Src/system_stm32f1xx.o
 .ARM.attributes
                0x00000239       0x2d ./Core/Src/tim.o
 .ARM.attributes
                0x00000266       0x2d ./Core/Src/usart.o
 .ARM.attributes
                0x00000293       0x21 ./Core/Startup/startup_stm32f103rctx.o
 .ARM.attributes
                0x000002b4       0x2d ./Core/System/UltrasonicWave.o
 .ARM.attributes
                0x000002e1       0x2d ./Core/System/motor.o
 .ARM.attributes
                0x0000030e       0x2d ./Drivers/STM32F1xx_HAL_Driver/Src/stm32f1xx_hal.o
 .ARM.attributes
                0x0000033b       0x2d ./Drivers/STM32F1xx_HAL_Driver/Src/stm32f1xx_hal_cortex.o
 .ARM.attributes
                0x00000368       0x2d ./Drivers/STM32F1xx_HAL_Driver/Src/stm32f1xx_hal_dma.o
 .ARM.attributes
                0x00000395       0x2d ./Drivers/STM32F1xx_HAL_Driver/Src/stm32f1xx_hal_gpio.o
 .ARM.attributes
                0x000003c2       0x2d ./Drivers/STM32F1xx_HAL_Driver/Src/stm32f1xx_hal_i2c.o
 .ARM.attributes
                0x000003ef       0x2d ./Drivers/STM32F1xx_HAL_Driver/Src/stm32f1xx_hal_rcc.o
 .ARM.attributes
                0x0000041c       0x2d ./Drivers/STM32F1xx_HAL_Driver/Src/stm32f1xx_hal_tim.o
 .ARM.attributes
                0x00000449       0x2d ./Drivers/STM32F1xx_HAL_Driver/Src/stm32f1xx_hal_tim_ex.o
 .ARM.attributes
                0x00000476       0x2d ./Drivers/STM32F1xx_HAL_Driver/Src/stm32f1xx_hal_uart.o
 .ARM.attributes
                0x000004a3       0x2d D:/IDEAndEngineerSoftware/STM32CubelDE_V1.16.0/STM32CubeIDE_1.16.1/STM32CubeIDE/plugins/com.st.stm32cube.ide.mcu.externaltools.gnu-tools-for-stm32.12.3.rel1.win32_1.0.200.202406191623/tools/bin/../lib/gcc/arm-none-eabi/12.3.1/../../../../arm-none-eabi/lib/thumb/v7-m/nofp\libc_nano.a(libc_a-memcmp.o)
 .ARM.attributes
                0x000004d0       0x2d D:/IDEAndEngineerSoftware/STM32CubelDE_V1.16.0/STM32CubeIDE_1.16.1/STM32CubeIDE/plugins/com.st.stm32cube.ide.mcu.externaltools.gnu-tools-for-stm32.12.3.rel1.win32_1.0.200.202406191623/tools/bin/../lib/gcc/arm-none-eabi/12.3.1/../../../../arm-none-eabi/lib/thumb/v7-m/nofp\libc_nano.a(libc_a-memset.o)
 .ARM.attributes
                0x000004fd       0x2d D:/IDEAndEngineerSoftware/STM32CubelDE_V1.16.0/STM32CubeIDE_1.16.1/STM32CubeIDE/plugins/com.st.stm32cube.ide.mcu.externaltools.gnu-tools-for-stm32.12.3.rel1.win32_1.0.200.202406191623/tools/bin/../lib/gcc/arm-none-eabi/12.3.1/../../../../arm-none-eabi/lib/thumb/v7-m/nofp\libc_nano.a(libc_a-init.o)
 .ARM.attributes
                0x0000052a       0x2d D:/IDEAndEngineerSoftware/STM32CubelDE_V1.16.0/STM32CubeIDE_1.16.1/STM32CubeIDE/plugins/com.st.stm32cube.ide.mcu.externaltools.gnu-tools-for-stm32.12.3.rel1.win32_1.0.200.202406191623/tools/bin/../lib/gcc/arm-none-eabi/12.3.1/../../../../arm-none-eabi/lib/thumb/v7-m/nofp\libc_nano.a(libc_a-memcpy-stub.o)
 .ARM.attributes
                0x00000557       0x1d D:/IDEAndEngineerSoftware/STM32CubelDE_V1.16.0/STM32CubeIDE_1.16.1/STM32CubeIDE/plugins/com.st.stm32cube.ide.mcu.externaltools.gnu-tools-for-stm32.12.3.rel1.win32_1.0.200.202406191623/tools/bin/../lib/gcc/arm-none-eabi/12.3.1/thumb/v7-m/nofp\libgcc.a(_arm_addsubsf3.o)
 .ARM.attributes
                0x00000574       0x1d D:/IDEAndEngineerSoftware/STM32CubelDE_V1.16.0/STM32CubeIDE_1.16.1/STM32CubeIDE/plugins/com.st.stm32cube.ide.mcu.externaltools.gnu-tools-for-stm32.12.3.rel1.win32_1.0.200.202406191623/tools/bin/../lib/gcc/arm-none-eabi/12.3.1/thumb/v7-m/nofp\libgcc.a(_arm_muldivsf3.o)
 .ARM.attributes
                0x00000591       0x1d D:/IDEAndEngineerSoftware/STM32CubelDE_V1.16.0/STM32CubeIDE_1.16.1/STM32CubeIDE/plugins/com.st.stm32cube.ide.mcu.externaltools.gnu-tools-for-stm32.12.3.rel1.win32_1.0.200.202406191623/tools/bin/../lib/gcc/arm-none-eabi/12.3.1/thumb/v7-m/nofp\libgcc.a(_arm_cmpsf2.o)
 .ARM.attributes
                0x000005ae       0x1d D:/IDEAndEngineerSoftware/STM32CubelDE_V1.16.0/STM32CubeIDE_1.16.1/STM32CubeIDE/plugins/com.st.stm32cube.ide.mcu.externaltools.gnu-tools-for-stm32.12.3.rel1.win32_1.0.200.202406191623/tools/bin/../lib/gcc/arm-none-eabi/12.3.1/thumb/v7-m/nofp\libgcc.a(_arm_fixsfsi.o)
 .ARM.attributes
                0x000005cb       0x1d D:/IDEAndEngineerSoftware/STM32CubelDE_V1.16.0/STM32CubeIDE_1.16.1/STM32CubeIDE/plugins/com.st.stm32cube.ide.mcu.externaltools.gnu-tools-for-stm32.12.3.rel1.win32_1.0.200.202406191623/tools/bin/../lib/gcc/arm-none-eabi/12.3.1/thumb/v7-m/nofp\libgcc.a(_arm_fixunssfsi.o)
 .ARM.attributes
                0x000005e8       0x1d D:/IDEAndEngineerSoftware/STM32CubelDE_V1.16.0/STM32CubeIDE_1.16.1/STM32CubeIDE/plugins/com.st.stm32cube.ide.mcu.externaltools.gnu-tools-for-stm32.12.3.rel1.win32_1.0.200.202406191623/tools/bin/../lib/gcc/arm-none-eabi/12.3.1/thumb/v7-m/nofp\libgcc.a(_aeabi_ldivmod.o)
 .ARM.attributes
                0x00000605       0x2d D:/IDEAndEngineerSoftware/STM32CubelDE_V1.16.0/STM32CubeIDE_1.16.1/STM32CubeIDE/plugins/com.st.stm32cube.ide.mcu.externaltools.gnu-tools-for-stm32.12.3.rel1.win32_1.0.200.202406191623/tools/bin/../lib/gcc/arm-none-eabi/12.3.1/thumb/v7-m/nofp\libgcc.a(_udivmoddi4.o)
 .ARM.attributes
                0x00000632       0x1d D:/IDEAndEngineerSoftware/STM32CubelDE_V1.16.0/STM32CubeIDE_1.16.1/STM32CubeIDE/plugins/com.st.stm32cube.ide.mcu.externaltools.gnu-tools-for-stm32.12.3.rel1.win32_1.0.200.202406191623/tools/bin/../lib/gcc/arm-none-eabi/12.3.1/thumb/v7-m/nofp\libgcc.a(_dvmd_tls.o)
 .ARM.attributes
                0x0000064f       0x1d D:/IDEAndEngineerSoftware/STM32CubelDE_V1.16.0/STM32CubeIDE_1.16.1/STM32CubeIDE/plugins/com.st.stm32cube.ide.mcu.externaltools.gnu-tools-for-stm32.12.3.rel1.win32_1.0.200.202406191623/tools/bin/../lib/gcc/arm-none-eabi/12.3.1/thumb/v7-m/nofp/crtn.o
OUTPUT(Car.elf elf32-littlearm)
LOAD linker stubs
LOAD D:/IDEAndEngineerSoftware/STM32CubelDE_V1.16.0/STM32CubeIDE_1.16.1/STM32CubeIDE/plugins/com.st.stm32cube.ide.mcu.externaltools.gnu-tools-for-stm32.12.3.rel1.win32_1.0.200.202406191623/tools/bin/../lib/gcc/arm-none-eabi/12.3.1/../../../../arm-none-eabi/lib/thumb/v7-m/nofp\libc.a
LOAD D:/IDEAndEngineerSoftware/STM32CubelDE_V1.16.0/STM32CubeIDE_1.16.1/STM32CubeIDE/plugins/com.st.stm32cube.ide.mcu.externaltools.gnu-tools-for-stm32.12.3.rel1.win32_1.0.200.202406191623/tools/bin/../lib/gcc/arm-none-eabi/12.3.1/../../../../arm-none-eabi/lib/thumb/v7-m/nofp\libm.a
LOAD D:/IDEAndEngineerSoftware/STM32CubelDE_V1.16.0/STM32CubeIDE_1.16.1/STM32CubeIDE/plugins/com.st.stm32cube.ide.mcu.externaltools.gnu-tools-for-stm32.12.3.rel1.win32_1.0.200.202406191623/tools/bin/../lib/gcc/arm-none-eabi/12.3.1/thumb/v7-m/nofp\libgcc.a

.debug_info     0x00000000    0x144db
 .debug_info    0x00000000      0x48f ./Core/Src/MPU6050.o
 .debug_info    0x0000048f      0xecf ./Core/Src/bluetooth.o
 .debug_info    0x0000135e      0x4b4 ./Core/Src/gpio.o
 .debug_info    0x00001812      0x7e3 ./Core/Src/i2c.o
 .debug_info    0x00001ff5      0x6f2 ./Core/Src/infraredTrack.o
 .debug_info    0x000026e7     0x1a62 ./Core/Src/inv_mpu.o
 .debug_info    0x00004149      0xb48 ./Core/Src/inv_mpu_dmp_motion_driver.o
 .debug_info    0x00004c91      0xb5c ./Core/Src/main.o
 .debug_info    0x000057ed      0x204 ./Core/Src/stm32f1xx_hal_msp.o
 .debug_info    0x000059f1      0xbeb ./Core/Src/stm32f1xx_it.o
 .debug_info    0x000065dc      0x222 ./Core/Src/system_stm32f1xx.o
 .debug_info    0x000067fe      0xd70 ./Core/Src/tim.o
 .debug_info    0x0000756e      0x990 ./Core/Src/usart.o
 .debug_info    0x00007efe       0x30 ./Core/Startup/startup_stm32f103rctx.o
 .debug_info    0x00007f2e      0x22a ./Core/System/UltrasonicWave.o
 .debug_info    0x00008158      0xad5 ./Core/System/motor.o
 .debug_info    0x00008c2d      0x76a ./Drivers/STM32F1xx_HAL_Driver/Src/stm32f1xx_hal.o
 .debug_info    0x00009397      0xaed ./Drivers/STM32F1xx_HAL_Driver/Src/stm32f1xx_hal_cortex.o
 .debug_info    0x00009e84      0x6d2 ./Drivers/STM32F1xx_HAL_Driver/Src/stm32f1xx_hal_dma.o
 .debug_info    0x0000a556      0x5ab ./Drivers/STM32F1xx_HAL_Driver/Src/stm32f1xx_hal_gpio.o
 .debug_info    0x0000ab01     0x2524 ./Drivers/STM32F1xx_HAL_Driver/Src/stm32f1xx_hal_i2c.o
 .debug_info    0x0000d025      0x7d5 ./Drivers/STM32F1xx_HAL_Driver/Src/stm32f1xx_hal_rcc.o
 .debug_info    0x0000d7fa     0x2959 ./Drivers/STM32F1xx_HAL_Driver/Src/stm32f1xx_hal_tim.o
 .debug_info    0x00010153     0x149b ./Drivers/STM32F1xx_HAL_Driver/Src/stm32f1xx_hal_tim_ex.o
 .debug_info    0x000115ee     0x2eed ./Drivers/STM32F1xx_HAL_Driver/Src/stm32f1xx_hal_uart.o

.debug_abbrev   0x00000000     0x3286
 .debug_abbrev  0x00000000      0x150 ./Core/Src/MPU6050.o
 .debug_abbrev  0x00000150      0x2d8 ./Core/Src/bluetooth.o
 .debug_abbrev  0x00000428      0x161 ./Core/Src/gpio.o
 .debug_abbrev  0x00000589      0x1de ./Core/Src/i2c.o
 .debug_abbrev  0x00000767      0x17e ./Core/Src/infraredTrack.o
 .debug_abbrev  0x000008e5      0x2d8 ./Core/Src/inv_mpu.o
 .debug_abbrev  0x00000bbd      0x1c2 ./Core/Src/inv_mpu_dmp_motion_driver.o
 .debug_abbrev  0x00000d7f      0x269 ./Core/Src/main.o
 .debug_abbrev  0x00000fe8       0xf7 ./Core/Src/stm32f1xx_hal_msp.o
 .debug_abbrev  0x000010df      0x249 ./Core/Src/stm32f1xx_it.o
 .debug_abbrev  0x00001328      0x13f ./Core/Src/system_stm32f1xx.o
 .debug_abbrev  0x00001467      0x283 ./Core/Src/tim.o
 .debug_abbrev  0x000016ea      0x205 ./Core/Src/usart.o
 .debug_abbrev  0x000018ef       0x24 ./Core/Startup/startup_stm32f103rctx.o
 .debug_abbrev  0x00001913      0x148 ./Core/System/UltrasonicWave.o
 .debug_abbrev  0x00001a5b      0x216 ./Core/System/motor.o
 .debug_abbrev  0x00001c71      0x201 ./Drivers/STM32F1xx_HAL_Driver/Src/stm32f1xx_hal.o
 .debug_abbrev  0x00001e72      0x2f8 ./Drivers/STM32F1xx_HAL_Driver/Src/stm32f1xx_hal_cortex.o
 .debug_abbrev  0x0000216a      0x20b ./Drivers/STM32F1xx_HAL_Driver/Src/stm32f1xx_hal_dma.o
 .debug_abbrev  0x00002375      0x1ca ./Drivers/STM32F1xx_HAL_Driver/Src/stm32f1xx_hal_gpio.o
 .debug_abbrev  0x0000253f      0x2a3 ./Drivers/STM32F1xx_HAL_Driver/Src/stm32f1xx_hal_i2c.o
 .debug_abbrev  0x000027e2      0x2b3 ./Drivers/STM32F1xx_HAL_Driver/Src/stm32f1xx_hal_rcc.o
 .debug_abbrev  0x00002a95      0x277 ./Drivers/STM32F1xx_HAL_Driver/Src/stm32f1xx_hal_tim.o
 .debug_abbrev  0x00002d0c      0x282 ./Drivers/STM32F1xx_HAL_Driver/Src/stm32f1xx_hal_tim_ex.o
 .debug_abbrev  0x00002f8e      0x2f8 ./Drivers/STM32F1xx_HAL_Driver/Src/stm32f1xx_hal_uart.o

.debug_aranges  0x00000000     0x1370
 .debug_aranges
                0x00000000       0x40 ./Core/Src/MPU6050.o
 .debug_aranges
                0x00000040       0x90 ./Core/Src/bluetooth.o
 .debug_aranges
                0x000000d0       0x20 ./Core/Src/gpio.o
 .debug_aranges
                0x000000f0       0x30 ./Core/Src/i2c.o
 .debug_aranges
                0x00000120       0x20 ./Core/Src/infraredTrack.o
 .debug_aranges
                0x00000140      0x188 ./Core/Src/inv_mpu.o
 .debug_aranges
                0x000002c8       0xf8 ./Core/Src/inv_mpu_dmp_motion_driver.o
 .debug_aranges
                0x000003c0       0x30 ./Core/Src/main.o
 .debug_aranges
                0x000003f0       0x20 ./Core/Src/stm32f1xx_hal_msp.o
 .debug_aranges
                0x00000410       0x88 ./Core/Src/stm32f1xx_it.o
 .debug_aranges
                0x00000498       0x28 ./Core/Src/system_stm32f1xx.o
 .debug_aranges
                0x000004c0       0x50 ./Core/Src/tim.o
 .debug_aranges
                0x00000510       0x30 ./Core/Src/usart.o
 .debug_aranges
                0x00000540       0x28 ./Core/Startup/startup_stm32f103rctx.o
 .debug_aranges
                0x00000568       0x38 ./Core/System/UltrasonicWave.o
 .debug_aranges
                0x000005a0       0xa0 ./Core/System/motor.o
 .debug_aranges
                0x00000640       0xe0 ./Drivers/STM32F1xx_HAL_Driver/Src/stm32f1xx_hal.o
 .debug_aranges
                0x00000720      0x100 ./Drivers/STM32F1xx_HAL_Driver/Src/stm32f1xx_hal_cortex.o
 .debug_aranges
                0x00000820       0x80 ./Drivers/STM32F1xx_HAL_Driver/Src/stm32f1xx_hal_dma.o
 .debug_aranges
                0x000008a0       0x58 ./Drivers/STM32F1xx_HAL_Driver/Src/stm32f1xx_hal_gpio.o
 .debug_aranges
                0x000008f8      0x2a8 ./Drivers/STM32F1xx_HAL_Driver/Src/stm32f1xx_hal_i2c.o
 .debug_aranges
                0x00000ba0       0x90 ./Drivers/STM32F1xx_HAL_Driver/Src/stm32f1xx_hal_rcc.o
 .debug_aranges
                0x00000c30      0x3d0 ./Drivers/STM32F1xx_HAL_Driver/Src/stm32f1xx_hal_tim.o
 .debug_aranges
                0x00001000      0x168 ./Drivers/STM32F1xx_HAL_Driver/Src/stm32f1xx_hal_tim_ex.o
 .debug_aranges
                0x00001168      0x208 ./Drivers/STM32F1xx_HAL_Driver/Src/stm32f1xx_hal_uart.o

.debug_rnglists
                0x00000000      0xf74
 .debug_rnglists
                0x00000000       0x2f ./Core/Src/MPU6050.o
 .debug_rnglists
                0x0000002f       0x6a ./Core/Src/bluetooth.o
 .debug_rnglists
                0x00000099       0x14 ./Core/Src/gpio.o
 .debug_rnglists
                0x000000ad       0x20 ./Core/Src/i2c.o
 .debug_rnglists
                0x000000cd       0x14 ./Core/Src/infraredTrack.o
 .debug_rnglists
                0x000000e1      0x158 ./Core/Src/inv_mpu.o
 .debug_rnglists
                0x00000239       0xbd ./Core/Src/inv_mpu_dmp_motion_driver.o
 .debug_rnglists
                0x000002f6       0x20 ./Core/Src/main.o
 .debug_rnglists
                0x00000316       0x13 ./Core/Src/stm32f1xx_hal_msp.o
 .debug_rnglists
                0x00000329       0x63 ./Core/Src/stm32f1xx_it.o
 .debug_rnglists
                0x0000038c       0x1a ./Core/Src/system_stm32f1xx.o
 .debug_rnglists
                0x000003a6       0x3e ./Core/Src/tim.o
 .debug_rnglists
                0x000003e4       0x20 ./Core/Src/usart.o
 .debug_rnglists
                0x00000404       0x19 ./Core/Startup/startup_stm32f103rctx.o
 .debug_rnglists
                0x0000041d       0x25 ./Core/System/UltrasonicWave.o
 .debug_rnglists
                0x00000442       0x8e ./Core/System/motor.o
 .debug_rnglists
                0x000004d0       0xa3 ./Drivers/STM32F1xx_HAL_Driver/Src/stm32f1xx_hal.o
 .debug_rnglists
                0x00000573       0xbb ./Drivers/STM32F1xx_HAL_Driver/Src/stm32f1xx_hal_cortex.o
 .debug_rnglists
                0x0000062e       0x64 ./Drivers/STM32F1xx_HAL_Driver/Src/stm32f1xx_hal_dma.o
 .debug_rnglists
                0x00000692       0x3f ./Drivers/STM32F1xx_HAL_Driver/Src/stm32f1xx_hal_gpio.o
 .debug_rnglists
                0x000006d1      0x23c ./Drivers/STM32F1xx_HAL_Driver/Src/stm32f1xx_hal_i2c.o
 .debug_rnglists
                0x0000090d       0x6c ./Drivers/STM32F1xx_HAL_Driver/Src/stm32f1xx_hal_rcc.o
 .debug_rnglists
                0x00000979      0x31a ./Drivers/STM32F1xx_HAL_Driver/Src/stm32f1xx_hal_tim.o
 .debug_rnglists
                0x00000c93      0x125 ./Drivers/STM32F1xx_HAL_Driver/Src/stm32f1xx_hal_tim_ex.o
 .debug_rnglists
                0x00000db8      0x1bc ./Drivers/STM32F1xx_HAL_Driver/Src/stm32f1xx_hal_uart.o

.debug_macro    0x00000000    0x1d619
 .debug_macro   0x00000000       0xfd ./Core/Src/MPU6050.o
 .debug_macro   0x000000fd      0xaa8 ./Core/Src/MPU6050.o
 .debug_macro   0x00000ba5       0x52 ./Core/Src/MPU6050.o
 .debug_macro   0x00000bf7       0x82 ./Core/Src/MPU6050.o
 .debug_macro   0x00000c79       0xa6 ./Core/Src/MPU6050.o
 .debug_macro   0x00000d1f       0x22 ./Core/Src/MPU6050.o
 .debug_macro   0x00000d41       0x5b ./Core/Src/MPU6050.o
 .debug_macro   0x00000d9c       0x24 ./Core/Src/MPU6050.o
 .debug_macro   0x00000dc0       0x94 ./Core/Src/MPU6050.o
 .debug_macro   0x00000e54       0x43 ./Core/Src/MPU6050.o
 .debug_macro   0x00000e97       0x34 ./Core/Src/MPU6050.o
 .debug_macro   0x00000ecb      0x189 ./Core/Src/MPU6050.o
 .debug_macro   0x00001054       0x16 ./Core/Src/MPU6050.o
 .debug_macro   0x0000106a       0x43 ./Core/Src/MPU6050.o
 .debug_macro   0x000010ad       0x57 ./Core/Src/MPU6050.o
 .debug_macro   0x00001104       0x34 ./Core/Src/MPU6050.o
 .debug_macro   0x00001138       0x10 ./Core/Src/MPU6050.o
 .debug_macro   0x00001148       0x58 ./Core/Src/MPU6050.o
 .debug_macro   0x000011a0       0x8e ./Core/Src/MPU6050.o
 .debug_macro   0x0000122e       0x1c ./Core/Src/MPU6050.o
 .debug_macro   0x0000124a      0x177 ./Core/Src/MPU6050.o
 .debug_macro   0x000013c1      0x369 ./Core/Src/MPU6050.o
 .debug_macro   0x0000172a      0x19b ./Core/Src/MPU6050.o
 .debug_macro   0x000018c5      0x2be ./Core/Src/bluetooth.o
 .debug_macro   0x00001b83      0x221 ./Core/Src/bluetooth.o
 .debug_macro   0x00001da4       0x2e ./Core/Src/bluetooth.o
 .debug_macro   0x00001dd2       0x22 ./Core/Src/bluetooth.o
 .debug_macro   0x00001df4       0x8e ./Core/Src/bluetooth.o
 .debug_macro   0x00001e82       0x51 ./Core/Src/bluetooth.o
 .debug_macro   0x00001ed3      0x103 ./Core/Src/bluetooth.o
 .debug_macro   0x00001fd6       0x6a ./Core/Src/bluetooth.o
 .debug_macro   0x00002040      0x1df ./Core/Src/bluetooth.o
 .debug_macro   0x0000221f       0x1c ./Core/Src/bluetooth.o
 .debug_macro   0x0000223b       0x22 ./Core/Src/bluetooth.o
 .debug_macro   0x0000225d       0xbd ./Core/Src/bluetooth.o
 .debug_macro   0x0000231a      0xd23 ./Core/Src/bluetooth.o
 .debug_macro   0x0000303d     0xfd8c ./Core/Src/bluetooth.o
 .debug_macro   0x00012dc9       0x6d ./Core/Src/bluetooth.o
 .debug_macro   0x00012e36     0x34a2 ./Core/Src/bluetooth.o
 .debug_macro   0x000162d8       0x5c ./Core/Src/bluetooth.o
 .debug_macro   0x00016334      0x5bc ./Core/Src/bluetooth.o
 .debug_macro   0x000168f0      0x4d5 ./Core/Src/bluetooth.o
 .debug_macro   0x00016dc5      0x1cb ./Core/Src/bluetooth.o
 .debug_macro   0x00016f90      0x114 ./Core/Src/bluetooth.o
 .debug_macro   0x000170a4      0x1ea ./Core/Src/bluetooth.o
 .debug_macro   0x0001728e       0x27 ./Core/Src/bluetooth.o
 .debug_macro   0x000172b5      0x144 ./Core/Src/bluetooth.o
 .debug_macro   0x000173f9      0x1bc ./Core/Src/bluetooth.o
 .debug_macro   0x000175b5       0x30 ./Core/Src/bluetooth.o
 .debug_macro   0x000175e5       0x3c ./Core/Src/bluetooth.o
 .debug_macro   0x00017621       0x57 ./Core/Src/bluetooth.o
 .debug_macro   0x00017678       0x87 ./Core/Src/bluetooth.o
 .debug_macro   0x000176ff      0x24f ./Core/Src/bluetooth.o
 .debug_macro   0x0001794e      0x287 ./Core/Src/bluetooth.o
 .debug_macro   0x00017bd5      0x140 ./Core/Src/bluetooth.o
 .debug_macro   0x00017d15      0x8ed ./Core/Src/bluetooth.o
 .debug_macro   0x00018602      0x28e ./Core/Src/bluetooth.o
 .debug_macro   0x00018890       0xb5 ./Core/Src/bluetooth.o
 .debug_macro   0x00018945       0xb8 ./Core/Src/bluetooth.o
 .debug_macro   0x000189fd       0xb8 ./Core/Src/bluetooth.o
 .debug_macro   0x00018ab5       0x61 ./Core/Src/bluetooth.o
 .debug_macro   0x00018b16       0x10 ./Core/Src/bluetooth.o
 .debug_macro   0x00018b26       0x35 ./Core/Src/bluetooth.o
 .debug_macro   0x00018b5b       0x20 ./Core/Src/bluetooth.o
 .debug_macro   0x00018b7b       0x7c ./Core/Src/bluetooth.o
 .debug_macro   0x00018bf7      0x1c6 ./Core/Src/gpio.o
 .debug_macro   0x00018dbd       0xb2 ./Core/Src/gpio.o
 .debug_macro   0x00018e6f      0x1c6 ./Core/Src/i2c.o
 .debug_macro   0x00019035      0x1e0 ./Core/Src/infraredTrack.o
 .debug_macro   0x00019215       0x16 ./Core/Src/infraredTrack.o
 .debug_macro   0x0001922b       0xb2 ./Core/Src/infraredTrack.o
 .debug_macro   0x000192dd      0x471 ./Core/Src/inv_mpu.o
 .debug_macro   0x0001974e       0x16 ./Core/Src/inv_mpu.o
 .debug_macro   0x00019764       0x9e ./Core/Src/inv_mpu.o
 .debug_macro   0x00019802      0x10b ./Core/Src/inv_mpu.o
 .debug_macro   0x0001990d       0x10 ./Core/Src/inv_mpu.o
 .debug_macro   0x0001991d       0x16 ./Core/Src/inv_mpu.o
 .debug_macro   0x00019933       0x16 ./Core/Src/inv_mpu.o
 .debug_macro   0x00019949      0x146 ./Core/Src/inv_mpu.o
 .debug_macro   0x00019a8f       0x16 ./Core/Src/inv_mpu.o
 .debug_macro   0x00019aa5       0x16 ./Core/Src/inv_mpu.o
 .debug_macro   0x00019abb       0x29 ./Core/Src/inv_mpu.o
 .debug_macro   0x00019ae4       0x16 ./Core/Src/inv_mpu.o
 .debug_macro   0x00019afa       0x56 ./Core/Src/inv_mpu.o
 .debug_macro   0x00019b50      0x7a6 ./Core/Src/inv_mpu_dmp_motion_driver.o
 .debug_macro   0x0001a2f6      0xb8a ./Core/Src/inv_mpu_dmp_motion_driver.o
 .debug_macro   0x0001ae80      0x659 ./Core/Src/inv_mpu_dmp_motion_driver.o
 .debug_macro   0x0001b4d9      0x224 ./Core/Src/main.o
 .debug_macro   0x0001b6fd      0x1bc ./Core/Src/stm32f1xx_hal_msp.o
 .debug_macro   0x0001b8b9      0x1f0 ./Core/Src/stm32f1xx_it.o
 .debug_macro   0x0001baa9      0x1ad ./Core/Src/system_stm32f1xx.o
 .debug_macro   0x0001bc56      0x1c6 ./Core/Src/tim.o
 .debug_macro   0x0001be1c      0x1c6 ./Core/Src/usart.o
 .debug_macro   0x0001bfe2      0x1d4 ./Core/System/UltrasonicWave.o
 .debug_macro   0x0001c1b6      0x2ad ./Core/System/motor.o
 .debug_macro   0x0001c463      0x11c ./Core/System/motor.o
 .debug_macro   0x0001c57f       0x94 ./Core/System/motor.o
 .debug_macro   0x0001c613      0x1d1 ./Drivers/STM32F1xx_HAL_Driver/Src/stm32f1xx_hal.o
 .debug_macro   0x0001c7e4      0x1ad ./Drivers/STM32F1xx_HAL_Driver/Src/stm32f1xx_hal_cortex.o
 .debug_macro   0x0001c991      0x1ad ./Drivers/STM32F1xx_HAL_Driver/Src/stm32f1xx_hal_dma.o
 .debug_macro   0x0001cb3e      0x218 ./Drivers/STM32F1xx_HAL_Driver/Src/stm32f1xx_hal_gpio.o
 .debug_macro   0x0001cd56      0x1fb ./Drivers/STM32F1xx_HAL_Driver/Src/stm32f1xx_hal_i2c.o
 .debug_macro   0x0001cf51      0x1bf ./Drivers/STM32F1xx_HAL_Driver/Src/stm32f1xx_hal_rcc.o
 .debug_macro   0x0001d110      0x1ae ./Drivers/STM32F1xx_HAL_Driver/Src/stm32f1xx_hal_tim.o
 .debug_macro   0x0001d2be      0x1ad ./Drivers/STM32F1xx_HAL_Driver/Src/stm32f1xx_hal_tim_ex.o
 .debug_macro   0x0001d46b      0x1ae ./Drivers/STM32F1xx_HAL_Driver/Src/stm32f1xx_hal_uart.o

.debug_line     0x00000000    0x19c21
 .debug_line    0x00000000      0x7b5 ./Core/Src/MPU6050.o
 .debug_line    0x000007b5      0xd16 ./Core/Src/bluetooth.o
 .debug_line    0x000014cb      0x771 ./Core/Src/gpio.o
 .debug_line    0x00001c3c      0x795 ./Core/Src/i2c.o
 .debug_line    0x000023d1      0x7fc ./Core/Src/infraredTrack.o
 .debug_line    0x00002bcd     0x1fc7 ./Core/Src/inv_mpu.o
 .debug_line    0x00004b94     0x1426 ./Core/Src/inv_mpu_dmp_motion_driver.o
 .debug_line    0x00005fba      0x83f ./Core/Src/main.o
 .debug_line    0x000067f9      0x732 ./Core/Src/stm32f1xx_hal_msp.o
 .debug_line    0x00006f2b      0x95b ./Core/Src/stm32f1xx_it.o
 .debug_line    0x00007886      0x7ae ./Core/Src/system_stm32f1xx.o
 .debug_line    0x00008034      0x99a ./Core/Src/tim.o
 .debug_line    0x000089ce      0x7a2 ./Core/Src/usart.o
 .debug_line    0x00009170       0x79 ./Core/Startup/startup_stm32f103rctx.o
 .debug_line    0x000091e9      0x7a5 ./Core/System/UltrasonicWave.o
 .debug_line    0x0000998e      0xb89 ./Core/System/motor.o
 .debug_line    0x0000a517      0x9db ./Drivers/STM32F1xx_HAL_Driver/Src/stm32f1xx_hal.o
 .debug_line    0x0000aef2      0xbc7 ./Drivers/STM32F1xx_HAL_Driver/Src/stm32f1xx_hal_cortex.o
 .debug_line    0x0000bab9     0x1306 ./Drivers/STM32F1xx_HAL_Driver/Src/stm32f1xx_hal_dma.o
 .debug_line    0x0000cdbf      0xa9c ./Drivers/STM32F1xx_HAL_Driver/Src/stm32f1xx_hal_gpio.o
 .debug_line    0x0000d85b     0x3c78 ./Drivers/STM32F1xx_HAL_Driver/Src/stm32f1xx_hal_i2c.o
 .debug_line    0x000114d3      0xde4 ./Drivers/STM32F1xx_HAL_Driver/Src/stm32f1xx_hal_rcc.o
 .debug_line    0x000122b7     0x3720 ./Drivers/STM32F1xx_HAL_Driver/Src/stm32f1xx_hal_tim.o
 .debug_line    0x000159d7     0x1990 ./Drivers/STM32F1xx_HAL_Driver/Src/stm32f1xx_hal_tim_ex.o
 .debug_line    0x00017367     0x28ba ./Drivers/STM32F1xx_HAL_Driver/Src/stm32f1xx_hal_uart.o

.debug_str      0x00000000    0xa1f71
 .debug_str     0x00000000     0x7484 ./Core/Src/MPU6050.o
                               0x75eb (size before relaxing)
 .debug_str     0x00007484    0x9095a ./Core/Src/bluetooth.o
                              0x97301 (size before relaxing)
 .debug_str     0x00097dde      0x39a ./Core/Src/gpio.o
                              0x93a7f (size before relaxing)
 .debug_str     0x00098178      0x2ad ./Core/Src/i2c.o
                              0x93b4e (size before relaxing)
 .debug_str     0x00098425      0x136 ./Core/Src/infraredTrack.o
                              0x93caa (size before relaxing)
 .debug_str     0x0009855b     0x14f6 ./Core/Src/inv_mpu.o
                              0x98c74 (size before relaxing)
 .debug_str     0x00099a51     0x4c85 ./Core/Src/inv_mpu_dmp_motion_driver.o
                              0x9c98c (size before relaxing)
 .debug_str     0x0009e6d6      0x20a ./Core/Src/main.o
                              0x942b6 (size before relaxing)
 .debug_str     0x0009e8e0       0x77 ./Core/Src/stm32f1xx_hal_msp.o
                              0x93639 (size before relaxing)
 .debug_str     0x0009e957      0x1df ./Core/Src/stm32f1xx_it.o
                              0x941a5 (size before relaxing)
 .debug_str     0x0009eb36       0x7e ./Core/Src/system_stm32f1xx.o
                              0x93344 (size before relaxing)
 .debug_str     0x0009ebb4      0x204 ./Core/Src/tim.o
                              0x9416d (size before relaxing)
 .debug_str     0x0009edb8       0x51 ./Core/Src/usart.o
                              0x93edb (size before relaxing)
 .debug_str     0x0009ee09       0x6a ./Core/Startup/startup_stm32f103rctx.o
 .debug_str     0x0009ee73       0x80 ./Core/System/UltrasonicWave.o
                              0x936a6 (size before relaxing)
 .debug_str     0x0009eef3       0xe6 ./Core/System/motor.o
                              0x96f64 (size before relaxing)
 .debug_str     0x0009efd9      0x35b ./Drivers/STM32F1xx_HAL_Driver/Src/stm32f1xx_hal.o
                              0x93b5b (size before relaxing)
 .debug_str     0x0009f334      0x294 ./Drivers/STM32F1xx_HAL_Driver/Src/stm32f1xx_hal_cortex.o
                              0x93aa7 (size before relaxing)
 .debug_str     0x0009f5c8      0x230 ./Drivers/STM32F1xx_HAL_Driver/Src/stm32f1xx_hal_dma.o
                              0x936ed (size before relaxing)
 .debug_str     0x0009f7f8      0x297 ./Drivers/STM32F1xx_HAL_Driver/Src/stm32f1xx_hal_gpio.o
                              0x936ca (size before relaxing)
 .debug_str     0x0009fa8f      0xb78 ./Drivers/STM32F1xx_HAL_Driver/Src/stm32f1xx_hal_i2c.o
                              0x9440b (size before relaxing)
 .debug_str     0x000a0607      0x209 ./Drivers/STM32F1xx_HAL_Driver/Src/stm32f1xx_hal_rcc.o
                              0x93773 (size before relaxing)
 .debug_str     0x000a0810      0xd24 ./Drivers/STM32F1xx_HAL_Driver/Src/stm32f1xx_hal_tim.o
                              0x94775 (size before relaxing)
 .debug_str     0x000a1534      0x493 ./Drivers/STM32F1xx_HAL_Driver/Src/stm32f1xx_hal_tim_ex.o
                              0x93f81 (size before relaxing)
 .debug_str     0x000a19c7      0x5aa ./Drivers/STM32F1xx_HAL_Driver/Src/stm32f1xx_hal_uart.o
                              0x93de4 (size before relaxing)

.comment        0x00000000       0x43
 .comment       0x00000000       0x43 ./Core/Src/MPU6050.o
                                 0x44 (size before relaxing)
 .comment       0x00000043       0x44 ./Core/Src/bluetooth.o
 .comment       0x00000043       0x44 ./Core/Src/gpio.o
 .comment       0x00000043       0x44 ./Core/Src/i2c.o
 .comment       0x00000043       0x44 ./Core/Src/infraredTrack.o
 .comment       0x00000043       0x44 ./Core/Src/inv_mpu.o
 .comment       0x00000043       0x44 ./Core/Src/inv_mpu_dmp_motion_driver.o
 .comment       0x00000043       0x44 ./Core/Src/main.o
 .comment       0x00000043       0x44 ./Core/Src/stm32f1xx_hal_msp.o
 .comment       0x00000043       0x44 ./Core/Src/stm32f1xx_it.o
 .comment       0x00000043       0x44 ./Core/Src/system_stm32f1xx.o
 .comment       0x00000043       0x44 ./Core/Src/tim.o
 .comment       0x00000043       0x44 ./Core/Src/usart.o
 .comment       0x00000043       0x44 ./Core/System/UltrasonicWave.o
 .comment       0x00000043       0x44 ./Core/System/motor.o
 .comment       0x00000043       0x44 ./Drivers/STM32F1xx_HAL_Driver/Src/stm32f1xx_hal.o
 .comment       0x00000043       0x44 ./Drivers/STM32F1xx_HAL_Driver/Src/stm32f1xx_hal_cortex.o
 .comment       0x00000043       0x44 ./Drivers/STM32F1xx_HAL_Driver/Src/stm32f1xx_hal_dma.o
 .comment       0x00000043       0x44 ./Drivers/STM32F1xx_HAL_Driver/Src/stm32f1xx_hal_gpio.o
 .comment       0x00000043       0x44 ./Drivers/STM32F1xx_HAL_Driver/Src/stm32f1xx_hal_i2c.o
 .comment       0x00000043       0x44 ./Drivers/STM32F1xx_HAL_Driver/Src/stm32f1xx_hal_rcc.o
 .comment       0x00000043       0x44 ./Drivers/STM32F1xx_HAL_Driver/Src/stm32f1xx_hal_tim.o
 .comment       0x00000043       0x44 ./Drivers/STM32F1xx_HAL_Driver/Src/stm32f1xx_hal_tim_ex.o
 .comment       0x00000043       0x44 ./Drivers/STM32F1xx_HAL_Driver/Src/stm32f1xx_hal_uart.o

.debug_frame    0x00000000     0x5368
 .debug_frame   0x00000000       0xd0 ./Core/Src/MPU6050.o
 .debug_frame   0x000000d0      0x228 ./Core/Src/bluetooth.o
 .debug_frame   0x000002f8       0x34 ./Core/Src/gpio.o
 .debug_frame   0x0000032c       0x74 ./Core/Src/i2c.o
 .debug_frame   0x000003a0       0x2c ./Core/Src/infraredTrack.o
 .debug_frame   0x000003cc      0x72c ./Core/Src/inv_mpu.o
 .debug_frame   0x00000af8      0x42c ./Core/Src/inv_mpu_dmp_motion_driver.o
 .debug_frame   0x00000f24       0x6c ./Core/Src/main.o
 .debug_frame   0x00000f90       0x34 ./Core/Src/stm32f1xx_hal_msp.o
 .debug_frame   0x00000fc4      0x1a0 ./Core/Src/stm32f1xx_it.o
 .debug_frame   0x00001164       0x58 ./Core/Src/system_stm32f1xx.o
 .debug_frame   0x000011bc      0x10c ./Core/Src/tim.o
 .debug_frame   0x000012c8       0x74 ./Core/Src/usart.o
 .debug_frame   0x0000133c       0x98 ./Core/System/UltrasonicWave.o
 .debug_frame   0x000013d4      0x268 ./Core/System/motor.o
 .debug_frame   0x0000163c      0x334 ./Drivers/STM32F1xx_HAL_Driver/Src/stm32f1xx_hal.o
 .debug_frame   0x00001970      0x428 ./Drivers/STM32F1xx_HAL_Driver/Src/stm32f1xx_hal_cortex.o
 .debug_frame   0x00001d98      0x20c ./Drivers/STM32F1xx_HAL_Driver/Src/stm32f1xx_hal_dma.o
 .debug_frame   0x00001fa4      0x14c ./Drivers/STM32F1xx_HAL_Driver/Src/stm32f1xx_hal_gpio.o
 .debug_frame   0x000020f0      0xc84 ./Drivers/STM32F1xx_HAL_Driver/Src/stm32f1xx_hal_i2c.o
 .debug_frame   0x00002d74      0x218 ./Drivers/STM32F1xx_HAL_Driver/Src/stm32f1xx_hal_rcc.o
 .debug_frame   0x00002f8c     0x11b8 ./Drivers/STM32F1xx_HAL_Driver/Src/stm32f1xx_hal_tim.o
 .debug_frame   0x00004144      0x638 ./Drivers/STM32F1xx_HAL_Driver/Src/stm32f1xx_hal_tim_ex.o
 .debug_frame   0x0000477c      0x944 ./Drivers/STM32F1xx_HAL_Driver/Src/stm32f1xx_hal_uart.o
 .debug_frame   0x000050c0       0x28 D:/IDEAndEngineerSoftware/STM32CubelDE_V1.16.0/STM32CubeIDE_1.16.1/STM32CubeIDE/plugins/com.st.stm32cube.ide.mcu.externaltools.gnu-tools-for-stm32.12.3.rel1.win32_1.0.200.202406191623/tools/bin/../lib/gcc/arm-none-eabi/12.3.1/../../../../arm-none-eabi/lib/thumb/v7-m/nofp\libc_nano.a(libc_a-memcmp.o)
 .debug_frame   0x000050e8       0x20 D:/IDEAndEngineerSoftware/STM32CubelDE_V1.16.0/STM32CubeIDE_1.16.1/STM32CubeIDE/plugins/com.st.stm32cube.ide.mcu.externaltools.gnu-tools-for-stm32.12.3.rel1.win32_1.0.200.202406191623/tools/bin/../lib/gcc/arm-none-eabi/12.3.1/../../../../arm-none-eabi/lib/thumb/v7-m/nofp\libc_nano.a(libc_a-memset.o)
 .debug_frame   0x00005108       0x2c D:/IDEAndEngineerSoftware/STM32CubelDE_V1.16.0/STM32CubeIDE_1.16.1/STM32CubeIDE/plugins/com.st.stm32cube.ide.mcu.externaltools.gnu-tools-for-stm32.12.3.rel1.win32_1.0.200.202406191623/tools/bin/../lib/gcc/arm-none-eabi/12.3.1/../../../../arm-none-eabi/lib/thumb/v7-m/nofp\libc_nano.a(libc_a-init.o)
 .debug_frame   0x00005134       0x28 D:/IDEAndEngineerSoftware/STM32CubelDE_V1.16.0/STM32CubeIDE_1.16.1/STM32CubeIDE/plugins/com.st.stm32cube.ide.mcu.externaltools.gnu-tools-for-stm32.12.3.rel1.win32_1.0.200.202406191623/tools/bin/../lib/gcc/arm-none-eabi/12.3.1/../../../../arm-none-eabi/lib/thumb/v7-m/nofp\libc_nano.a(libc_a-memcpy-stub.o)
 .debug_frame   0x0000515c       0x4c D:/IDEAndEngineerSoftware/STM32CubelDE_V1.16.0/STM32CubeIDE_1.16.1/STM32CubeIDE/plugins/com.st.stm32cube.ide.mcu.externaltools.gnu-tools-for-stm32.12.3.rel1.win32_1.0.200.202406191623/tools/bin/../lib/gcc/arm-none-eabi/12.3.1/thumb/v7-m/nofp\libgcc.a(_arm_addsubsf3.o)
 .debug_frame   0x000051a8       0x38 D:/IDEAndEngineerSoftware/STM32CubelDE_V1.16.0/STM32CubeIDE_1.16.1/STM32CubeIDE/plugins/com.st.stm32cube.ide.mcu.externaltools.gnu-tools-for-stm32.12.3.rel1.win32_1.0.200.202406191623/tools/bin/../lib/gcc/arm-none-eabi/12.3.1/thumb/v7-m/nofp\libgcc.a(_arm_muldivsf3.o)
 .debug_frame   0x000051e0       0xc8 D:/IDEAndEngineerSoftware/STM32CubelDE_V1.16.0/STM32CubeIDE_1.16.1/STM32CubeIDE/plugins/com.st.stm32cube.ide.mcu.externaltools.gnu-tools-for-stm32.12.3.rel1.win32_1.0.200.202406191623/tools/bin/../lib/gcc/arm-none-eabi/12.3.1/thumb/v7-m/nofp\libgcc.a(_arm_cmpsf2.o)
 .debug_frame   0x000052a8       0x24 D:/IDEAndEngineerSoftware/STM32CubelDE_V1.16.0/STM32CubeIDE_1.16.1/STM32CubeIDE/plugins/com.st.stm32cube.ide.mcu.externaltools.gnu-tools-for-stm32.12.3.rel1.win32_1.0.200.202406191623/tools/bin/../lib/gcc/arm-none-eabi/12.3.1/thumb/v7-m/nofp\libgcc.a(_arm_fixsfsi.o)
 .debug_frame   0x000052cc       0x24 D:/IDEAndEngineerSoftware/STM32CubelDE_V1.16.0/STM32CubeIDE_1.16.1/STM32CubeIDE/plugins/com.st.stm32cube.ide.mcu.externaltools.gnu-tools-for-stm32.12.3.rel1.win32_1.0.200.202406191623/tools/bin/../lib/gcc/arm-none-eabi/12.3.1/thumb/v7-m/nofp\libgcc.a(_arm_fixunssfsi.o)
 .debug_frame   0x000052f0       0x44 D:/IDEAndEngineerSoftware/STM32CubelDE_V1.16.0/STM32CubeIDE_1.16.1/STM32CubeIDE/plugins/com.st.stm32cube.ide.mcu.externaltools.gnu-tools-for-stm32.12.3.rel1.win32_1.0.200.202406191623/tools/bin/../lib/gcc/arm-none-eabi/12.3.1/thumb/v7-m/nofp\libgcc.a(_aeabi_ldivmod.o)
 .debug_frame   0x00005334       0x34 D:/IDEAndEngineerSoftware/STM32CubelDE_V1.16.0/STM32CubeIDE_1.16.1/STM32CubeIDE/plugins/com.st.stm32cube.ide.mcu.externaltools.gnu-tools-for-stm32.12.3.rel1.win32_1.0.200.202406191623/tools/bin/../lib/gcc/arm-none-eabi/12.3.1/thumb/v7-m/nofp\libgcc.a(_udivmoddi4.o)

.debug_line_str
                0x00000000       0x4e
 .debug_line_str
                0x00000000       0x4e ./Core/Startup/startup_stm32f103rctx.o
