13:40:17 **** Incremental Build of configuration Debug for project car ****
make -j16 all 
arm-none-eabi-gcc "../Core/Src/bluetooth.c" -mcpu=cortex-m3 -std=gnu11 -g3 -DDEBUG -DUSE_HAL_DRIVER -DSTM32F103xE -c -I../Core/Inc -I../Drivers/STM32F1xx_HAL_Driver/Inc/Legacy -I../Drivers/STM32F1xx_HAL_Driver/Inc -I../Drivers/CMSIS/Device/ST/STM32F1xx/Include -I../Drivers/CMSIS/Include -O0 -ffunction-sections -fdata-sections -Wall -fstack-usage -fcyclomatic-complexity -MMD -MP -MF"Core/Src/bluetooth.d" -MT"Core/Src/bluetooth.o" --specs=nano.specs -mfloat-abi=soft -mthumb -o "Core/Src/bluetooth.o"
../Core/Src/bluetooth.c: In function 'ProcessReceivedPackage':
../Core/Src/bluetooth.c:80:9: warning: implicit declaration of function 'VerifyChecksum' [-Wimplicit-function-declaration]
   80 |     if (VerifyChecksum(pkg) != 0) {
      |         ^~~~~~~~~~~~~~
../Core/Src/bluetooth.c: In function 'ProcessMotionCmd':
../Core/Src/bluetooth.c:199:13: warning: implicit declaration of function 'moveTurnRight'; did you mean 'moveTrunRight'? [-Wimplicit-function-declaration]
  199 |             moveTurnRight(&htim4);
      |             ^~~~~~~~~~~~~
      |             moveTrunRight
arm-none-eabi-gcc -o "car.elf" @"objects.list"   -mcpu=cortex-m3 -T"D:\2024Fall\embed_system\SUSTC-CS301Project\car\STM32F103RCTX_FLASH.ld" --specs=nosys.specs -Wl,-Map="car.map" -Wl,--gc-sections -static --specs=nano.specs -mfloat-abi=soft -mthumb -Wl,--start-group -lc -lm -Wl,--end-group
Finished building target: car.elf
 
arm-none-eabi-size  car.elf 
arm-none-eabi-objdump -h -S car.elf  > "car.list"
   text	   data	    bss	    dec	    hex	filename
  20776	     16	   1944	  22736	   58d0	car.elf
arm-none-eabi-objcopy  -O ihex car.elf  "car.hex"
Finished building: default.size.stdout
 
Finished building: car.hex
 
Finished building: car.list
 

13:40:18 Build Finished. 0 errors, 2 warnings. (took 858ms)

